2026/06/01 21:41:12 LEADER SENDS REQUEST 0 TO SERVER S5
2026/06/01 21:41:12 LEADER SENDS REQUEST 0 TO SERVER S3
2026/06/01 21:41:12 LEADER SENDS REQUEST 0 TO SERVER S4
2026/06/01 21:41:12 LEADER SENDS REQUEST 0 TO SERVER S2
2026/06/01 21:41:13 LEADER SENDS REQUEST 0 TO SERVER S5
2026/06/01 21:41:13 LEADER SENDS REQUEST 0 TO SERVER S3
2026/06/01 21:41:13 LEADER SENDS REQUEST 0 TO SERVER S2
2026/06/01 21:41:13 LEADER SENDS REQUEST 0 TO SERVER S4
2026/06/01 21:41:14 LEADER SENDS REQUEST 0 TO SERVER S5
2026/06/01 21:41:14 LEADER SENDS REQUEST 0 TO SERVER S3
2026/06/01 21:41:14 LEADER SENDS REQUEST 0 TO SERVER S2
2026/06/01 21:41:14 LEADER SENDS REQUEST 0 TO SERVER S4
2026/06/01 21:41:15 LEADER SENDS REQUEST 0 TO SERVER S4
2026/06/01 21:41:15 LEADER SENDS REQUEST 0 TO SERVER S5
2026/06/01 21:41:15 LEADER SENDS REQUEST 0 TO SERVER S3
2026/06/01 21:41:15 LEADER SENDS REQUEST 0 TO SERVER S2
2026/06/01 21:41:16 LEADER SENDS REQUEST 0 TO SERVER S2
2026/06/01 21:41:16 LEADER SENDS REQUEST 0 TO SERVER S3
2026/06/01 21:41:16 LEADER SENDS REQUEST 0 TO SERVER S5
2026/06/01 21:41:16 LEADER SENDS REQUEST 0 TO SERVER S4
2026/06/01 21:41:17 LEADER SENDS REQUEST 0 TO SERVER S5
2026/06/01 21:41:17 LEADER SENDS REQUEST 0 TO SERVER S3
2026/06/01 21:41:17 LEADER SENDS REQUEST 0 TO SERVER S2
2026/06/01 21:41:17 LEADER SENDS REQUEST 0 TO SERVER S4
2026/06/01 21:41:18 LEADER SENDS REQUEST 0 TO SERVER S5
2026/06/01 21:41:18 LEADER SENDS REQUEST 0 TO SERVER S3
2026/06/01 21:41:18 LEADER SENDS REQUEST 0 TO SERVER S4
2026/06/01 21:41:18 LEADER SENDS REQUEST 0 TO SERVER S2
2026/06/01 21:41:19 LEADER SENDS REQUEST 0 TO SERVER S2
2026/06/01 21:41:19 LEADER SENDS REQUEST 0 TO SERVER S3
2026/06/01 21:41:19 LEADER SENDS REQUEST 0 TO SERVER S4
2026/06/01 21:41:19 LEADER SENDS REQUEST 0 TO SERVER S5
2026/06/01 21:41:19 LEADER SERVER S1 RECEIVES REQUEST 1 FROM CLIENT
2026/06/01 21:41:19 LEADER SERVER S1 ADDS REQUEST 1 TO LOG ENTRY 1
2026/06/01 21:41:19 LEADER SENDS REQUEST 1 TO SERVER S5
2026/06/01 21:41:19 LEADER SENDS REQUEST 1 TO SERVER S3
2026/06/01 21:41:19 LEADER SENDS REQUEST 1 TO SERVER S2
2026/06/01 21:41:19 LEADER SENDS REQUEST 1 TO SERVER S4
2026/06/01 21:41:19 LEADER RECEIVES ACK FROM SERVER S5 FOR REQUEST 1
2026/06/01 21:41:19 LEADER RECEIVES ACK FROM SERVER S3 FOR REQUEST 1
2026/06/01 21:41:19 LEADER RECEIVES ACK FROM SERVER S2 FOR REQUEST 1
2026/06/01 21:41:19 LEADER RECEIVES ACK FROM SERVER S4 FOR REQUEST 1
2026/06/01 21:41:19 LEADER SERVER S1 RECEIVES REQUEST 2 FROM CLIENT
2026/06/01 21:41:19 LEADER SERVER S1 ADDS REQUEST 2 TO LOG ENTRY 2
2026/06/01 21:41:19 LEADER SENDS REQUEST 2 TO SERVER S5
2026/06/01 21:41:19 LEADER SENDS REQUEST 2 TO SERVER S3
2026/06/01 21:41:19 LEADER SENDS REQUEST 2 TO SERVER S2
2026/06/01 21:41:19 LEADER SENDS REQUEST 2 TO SERVER S4
2026/06/01 21:41:19 LEADER RECEIVES ACK FROM SERVER S5 FOR REQUEST 2
2026/06/01 21:41:19 LEADER RECEIVES ACK FROM SERVER S2 FOR REQUEST 2
2026/06/01 21:41:19 LEADER RECEIVES ACK FROM SERVER S3 FOR REQUEST 2
2026/06/01 21:41:19 LEADER RECEIVES ACK FROM SERVER S4 FOR REQUEST 2
2026/06/01 21:41:20 LEADER SENDS REQUEST 0 TO SERVER S5
2026/06/01 21:41:20 LEADER SENDS REQUEST 0 TO SERVER S3
2026/06/01 21:41:20 LEADER SENDS REQUEST 0 TO SERVER S2
2026/06/01 21:41:20 LEADER SENDS REQUEST 0 TO SERVER S4
2026/06/01 21:41:20 LEADER SERVER S1 RECEIVES REQUEST 3 FROM CLIENT
2026/06/01 21:41:20 LEADER SERVER S1 ADDS REQUEST 3 TO LOG ENTRY 3
2026/06/01 21:41:20 LEADER SENDS REQUEST 3 TO SERVER S5
2026/06/01 21:41:20 LEADER SENDS REQUEST 3 TO SERVER S3
2026/06/01 21:41:20 LEADER SENDS REQUEST 3 TO SERVER S2
2026/06/01 21:41:20 LEADER SENDS REQUEST 3 TO SERVER S4
2026/06/01 21:41:20 LEADER RECEIVES ACK FROM SERVER S3 FOR REQUEST 3
2026/06/01 21:41:20 LEADER RECEIVES ACK FROM SERVER S2 FOR REQUEST 3
2026/06/01 21:41:20 LEADER RECEIVES ACK FROM SERVER S4 FOR REQUEST 3
2026/06/01 21:41:21 LEADER SENDS REQUEST 0 TO SERVER S5
2026/06/01 21:41:21 LEADER SENDS REQUEST 0 TO SERVER S3
2026/06/01 21:41:21 LEADER SENDS REQUEST 0 TO SERVER S2
2026/06/01 21:41:21 LEADER SENDS REQUEST 0 TO SERVER S4
2026/06/01 21:41:22 LEADER SENDS REQUEST 0 TO SERVER S5
2026/06/01 21:41:22 LEADER SENDS REQUEST 0 TO SERVER S2
2026/06/01 21:41:22 LEADER SENDS REQUEST 0 TO SERVER S4
2026/06/01 21:41:22 LEADER SENDS REQUEST 0 TO SERVER S3
2026/06/01 21:41:23 LEADER SENDS REQUEST 0 TO SERVER S3
2026/06/01 21:41:23 LEADER SENDS REQUEST 0 TO SERVER S5
2026/06/01 21:41:23 LEADER SENDS REQUEST 0 TO SERVER S2
2026/06/01 21:41:23 LEADER SENDS REQUEST 0 TO SERVER S4
2026/06/01 21:41:24 LEADER SENDS REQUEST 0 TO SERVER S5
2026/06/01 21:41:24 LEADER SENDS REQUEST 0 TO SERVER S2
2026/06/01 21:41:24 LEADER SENDS REQUEST 0 TO SERVER S4
2026/06/01 21:41:24 LEADER SENDS REQUEST 0 TO SERVER S3
2026/06/01 21:41:24 LEADER SENDS REQUEST 0 TO SERVER S5
2026/06/01 21:41:24 LEADER SENDS REQUEST 0 TO SERVER S3
2026/06/01 21:41:24 LEADER SENDS REQUEST 0 TO SERVER S2
2026/06/01 21:41:24 LEADER SENDS REQUEST 0 TO SERVER S4
2026/06/01 21:41:25 LEADER SENDS REQUEST 0 TO SERVER S5
2026/06/01 21:41:25 LEADER SENDS REQUEST 0 TO SERVER S3
2026/06/01 21:41:25 LEADER SENDS REQUEST 0 TO SERVER S2
2026/06/01 21:41:25 LEADER SENDS REQUEST 0 TO SERVER S4
2026/06/01 21:41:26 LEADER SENDS REQUEST 0 TO SERVER S5
2026/06/01 21:41:26 LEADER SENDS REQUEST 0 TO SERVER S3
2026/06/01 21:41:26 LEADER SENDS REQUEST 0 TO SERVER S2
2026/06/01 21:41:26 LEADER SENDS REQUEST 0 TO SERVER S4
2026/06/01 21:41:27 LEADER SENDS REQUEST 0 TO SERVER S5
2026/06/01 21:41:27 LEADER SENDS REQUEST 0 TO SERVER S3
2026/06/01 21:41:27 LEADER SENDS REQUEST 0 TO SERVER S2
2026/06/01 21:41:27 LEADER SENDS REQUEST 0 TO SERVER S4
2026/06/01 21:41:27 LEADER SERVER S1 RECEIVES REQUEST 4 FROM CLIENT
2026/06/01 21:41:27 LEADER SERVER S1 ADDS REQUEST 4 TO LOG ENTRY 4
2026/06/01 21:41:27 LEADER SENDS REQUEST 4 TO SERVER S2
2026/06/01 21:41:27 LEADER SENDS REQUEST 4 TO SERVER S5
2026/06/01 21:41:27 LEADER SENDS REQUEST 4 TO SERVER S3
2026/06/01 21:41:27 LEADER SENDS REQUEST 4 TO SERVER S4
2026/06/01 21:41:27 LEADER RECEIVES ACK FROM SERVER S2 FOR REQUEST 4
2026/06/01 21:41:27 LEADER RECEIVES ACK FROM SERVER S3 FOR REQUEST 4
2026/06/01 21:41:27 LEADER RECEIVES ACK FROM SERVER S4 FOR REQUEST 4
2026/06/01 21:41:28 LEADER SENDS REQUEST 0 TO SERVER S5
2026/06/01 21:41:28 LEADER SENDS REQUEST 0 TO SERVER S2
2026/06/01 21:41:28 LEADER SENDS REQUEST 0 TO SERVER S4
2026/06/01 21:41:28 LEADER SENDS REQUEST 0 TO SERVER S3
2026/06/01 21:41:29 LEADER SENDS REQUEST 0 TO SERVER S5
2026/06/01 21:41:29 LEADER SENDS REQUEST 0 TO SERVER S3
2026/06/01 21:41:29 LEADER SENDS REQUEST 0 TO SERVER S4
2026/06/01 21:41:29 LEADER SENDS REQUEST 0 TO SERVER S2
2026/06/01 21:41:30 LEADER SENDS REQUEST 0 TO SERVER S2
2026/06/01 21:41:30 LEADER SENDS REQUEST 0 TO SERVER S3
2026/06/01 21:41:30 LEADER SENDS REQUEST 0 TO SERVER S4
2026/06/01 21:41:30 LEADER SENDS REQUEST 0 TO SERVER S5
2026/06/01 21:41:30 LEADER SERVER S1 RECEIVES REQUEST 5 FROM CLIENT
2026/06/01 21:41:30 LEADER SERVER S1 ADDS REQUEST 5 TO LOG ENTRY 5
2026/06/01 21:41:30 LEADER SENDS REQUEST 5 TO SERVER S2
2026/06/01 21:41:30 LEADER SENDS REQUEST 5 TO SERVER S5
2026/06/01 21:41:30 LEADER SENDS REQUEST 5 TO SERVER S3
2026/06/01 21:41:30 LEADER SENDS REQUEST 5 TO SERVER S4
2026/06/01 21:41:30 LEADER RECEIVES ACK FROM SERVER S2 FOR REQUEST 5
2026/06/01 21:41:30 LEADER RECEIVES ACK FROM SERVER S3 FOR REQUEST 5
2026/06/01 21:41:30 LEADER RECEIVES ACK FROM SERVER S4 FOR REQUEST 5
2026/06/01 21:41:31 LEADER SENDS REQUEST 0 TO SERVER S5
2026/06/01 21:41:31 LEADER SENDS REQUEST 0 TO SERVER S3
2026/06/01 21:41:31 LEADER SENDS REQUEST 0 TO SERVER S2
2026/06/01 21:41:31 LEADER SENDS REQUEST 0 TO SERVER S4
2026/06/01 21:41:32 LEADER SENDS REQUEST 0 TO SERVER S2
2026/06/01 21:41:32 LEADER SENDS REQUEST 0 TO SERVER S5
2026/06/01 21:41:32 LEADER SENDS REQUEST 0 TO SERVER S3
2026/06/01 21:41:32 LEADER SENDS REQUEST 0 TO SERVER S4
2026/06/01 21:41:33 LEADER SENDS REQUEST 0 TO SERVER S5
2026/06/01 21:41:33 LEADER SENDS REQUEST 0 TO SERVER S3
2026/06/01 21:41:33 LEADER SENDS REQUEST 0 TO SERVER S2
2026/06/01 21:41:33 LEADER SENDS REQUEST 0 TO SERVER S4
2026/06/01 21:41:34 LEADER SENDS REQUEST 0 TO SERVER S5
2026/06/01 21:41:34 LEADER SENDS REQUEST 0 TO SERVER S3
2026/06/01 21:41:34 LEADER SENDS REQUEST 0 TO SERVER S2
2026/06/01 21:41:34 LEADER SENDS REQUEST 0 TO SERVER S4
2026/06/01 21:41:34 LEADER SERVER S1 RECEIVES REQUEST 6 FROM CLIENT
2026/06/01 21:41:34 LEADER SERVER S1 ADDS REQUEST 6 TO LOG ENTRY 6
2026/06/01 21:41:34 LEADER SENDS REQUEST 6 TO SERVER S5
2026/06/01 21:41:34 LEADER SENDS REQUEST 6 TO SERVER S3
2026/06/01 21:41:34 LEADER SENDS REQUEST 6 TO SERVER S2
2026/06/01 21:41:34 LEADER SENDS REQUEST 6 TO SERVER S4
2026/06/01 21:41:34 LEADER RECEIVES ACK FROM SERVER S3 FOR REQUEST 6
2026/06/01 21:41:34 LEADER RECEIVES ACK FROM SERVER S2 FOR REQUEST 6
2026/06/01 21:41:34 LEADER RECEIVES ACK FROM SERVER S4 FOR REQUEST 6
2026/06/01 21:41:35 LEADER SENDS REQUEST 0 TO SERVER S3
2026/06/01 21:41:35 LEADER SENDS REQUEST 0 TO SERVER S5
2026/06/01 21:41:35 LEADER SENDS REQUEST 0 TO SERVER S4
2026/06/01 21:41:35 LEADER SENDS REQUEST 0 TO SERVER S2
2026/06/01 21:41:36 LEADER SENDS REQUEST 0 TO SERVER S5
2026/06/01 21:41:36 LEADER SENDS REQUEST 0 TO SERVER S2
2026/06/01 21:41:36 LEADER SENDS REQUEST 0 TO SERVER S4
2026/06/01 21:41:36 LEADER SENDS REQUEST 0 TO SERVER S3
2026/06/01 21:41:37 LEADER SENDS REQUEST 0 TO SERVER S5
2026/06/01 21:41:37 LEADER SENDS REQUEST 0 TO SERVER S3
2026/06/01 21:41:37 LEADER SENDS REQUEST 0 TO SERVER S2
2026/06/01 21:41:37 LEADER SENDS REQUEST 0 TO SERVER S4
2026/06/01 21:41:37 LEADER SERVER S1 RECEIVES REQUEST 7 FROM CLIENT
2026/06/01 21:41:37 LEADER SERVER S1 ADDS REQUEST 7 TO LOG ENTRY 7
2026/06/01 21:41:37 LEADER SENDS REQUEST 7 TO SERVER S5
2026/06/01 21:41:37 LEADER SENDS REQUEST 7 TO SERVER S3
2026/06/01 21:41:37 LEADER SENDS REQUEST 7 TO SERVER S2
2026/06/01 21:41:37 LEADER SENDS REQUEST 7 TO SERVER S4
2026/06/01 21:41:37 LEADER RECEIVES ACK FROM SERVER S2 FOR REQUEST 7
2026/06/01 21:41:37 LEADER RECEIVES ACK FROM SERVER S3 FOR REQUEST 7
2026/06/01 21:41:37 LEADER RECEIVES ACK FROM SERVER S4 FOR REQUEST 7
2026/06/01 21:41:38 LEADER SENDS REQUEST 0 TO SERVER S5
2026/06/01 21:41:38 LEADER SENDS REQUEST 0 TO SERVER S3
2026/06/01 21:41:38 LEADER SENDS REQUEST 0 TO SERVER S2
2026/06/01 21:41:38 LEADER SENDS REQUEST 0 TO SERVER S4
2026/06/01 21:41:39 LEADER SENDS REQUEST 0 TO SERVER S5
2026/06/01 21:41:39 LEADER SENDS REQUEST 0 TO SERVER S3
2026/06/01 21:41:39 LEADER SENDS REQUEST 0 TO SERVER S2
2026/06/01 21:41:39 LEADER SENDS REQUEST 0 TO SERVER S4
2026/06/01 21:41:40 LEADER SENDS REQUEST 0 TO SERVER S5
2026/06/01 21:41:40 LEADER SENDS REQUEST 0 TO SERVER S3
2026/06/01 21:41:40 LEADER SENDS REQUEST 0 TO SERVER S2
2026/06/01 21:41:40 LEADER SENDS REQUEST 0 TO SERVER S4
2026/06/01 21:41:41 LEADER SENDS REQUEST 0 TO SERVER S5
2026/06/01 21:41:41 LEADER SENDS REQUEST 0 TO SERVER S3
2026/06/01 21:41:41 LEADER SENDS REQUEST 0 TO SERVER S2
2026/06/01 21:41:41 LEADER SENDS REQUEST 0 TO SERVER S4
2026/06/01 21:41:41 LEADER SERVER S1 RECEIVES REQUEST 8 FROM CLIENT
2026/06/01 21:41:41 LEADER SERVER S1 ADDS REQUEST 8 TO LOG ENTRY 8
2026/06/01 21:41:41 LEADER SENDS REQUEST 8 TO SERVER S5
2026/06/01 21:41:41 LEADER SENDS REQUEST 8 TO SERVER S3
2026/06/01 21:41:41 LEADER SENDS REQUEST 8 TO SERVER S2
2026/06/01 21:41:41 LEADER SENDS REQUEST 8 TO SERVER S4
2026/06/01 21:41:41 LEADER RECEIVES ACK FROM SERVER S2 FOR REQUEST 8
2026/06/01 21:41:41 LEADER RECEIVES ACK FROM SERVER S3 FOR REQUEST 8
2026/06/01 21:41:41 LEADER RECEIVES ACK FROM SERVER S4 FOR REQUEST 8
2026/06/01 21:41:42 LEADER SENDS REQUEST 0 TO SERVER S5
2026/06/01 21:41:42 LEADER SENDS REQUEST 0 TO SERVER S3
2026/06/01 21:41:42 LEADER SENDS REQUEST 0 TO SERVER S2
2026/06/01 21:41:42 LEADER SENDS REQUEST 0 TO SERVER S4
2026/06/01 21:41:43 LEADER SENDS REQUEST 0 TO SERVER S5
2026/06/01 21:41:43 LEADER SENDS REQUEST 0 TO SERVER S2
2026/06/01 21:41:43 LEADER SENDS REQUEST 0 TO SERVER S3
2026/06/01 21:41:43 LEADER SENDS REQUEST 0 TO SERVER S4
2026/06/01 21:41:44 LEADER SENDS REQUEST 0 TO SERVER S5
2026/06/01 21:41:44 LEADER SENDS REQUEST 0 TO SERVER S3
2026/06/01 21:41:44 LEADER SENDS REQUEST 0 TO SERVER S2
2026/06/01 21:41:44 LEADER SENDS REQUEST 0 TO SERVER S4
2026/06/01 21:41:44 LEADER SERVER S1 RECEIVES REQUEST 9 FROM CLIENT
2026/06/01 21:41:44 LEADER SERVER S1 ADDS REQUEST 9 TO LOG ENTRY 9
2026/06/01 21:41:44 LEADER SENDS REQUEST 9 TO SERVER S5
2026/06/01 21:41:44 LEADER SENDS REQUEST 9 TO SERVER S3
2026/06/01 21:41:44 LEADER SENDS REQUEST 9 TO SERVER S2
2026/06/01 21:41:44 LEADER SENDS REQUEST 9 TO SERVER S4
2026/06/01 21:41:44 LEADER RECEIVES ACK FROM SERVER S3 FOR REQUEST 9
2026/06/01 21:41:44 LEADER RECEIVES ACK FROM SERVER S2 FOR REQUEST 9
2026/06/01 21:41:44 LEADER RECEIVES ACK FROM SERVER S4 FOR REQUEST 9
2026/06/01 21:41:45 LEADER SENDS REQUEST 0 TO SERVER S4
2026/06/01 21:41:45 LEADER SENDS REQUEST 0 TO SERVER S3
2026/06/01 21:41:45 LEADER SENDS REQUEST 0 TO SERVER S5
2026/06/01 21:41:45 LEADER SENDS REQUEST 0 TO SERVER S2
2026/06/01 21:41:46 LEADER SENDS REQUEST 0 TO SERVER S3
2026/06/01 21:41:46 LEADER SENDS REQUEST 0 TO SERVER S4
2026/06/01 21:41:46 LEADER SENDS REQUEST 0 TO SERVER S5
2026/06/01 21:41:46 LEADER SENDS REQUEST 0 TO SERVER S2
2026/06/01 21:41:47 LEADER SENDS REQUEST 0 TO SERVER S5
2026/06/01 21:41:47 LEADER SENDS REQUEST 0 TO SERVER S3
2026/06/01 21:41:47 LEADER SENDS REQUEST 0 TO SERVER S2
2026/06/01 21:41:47 LEADER SENDS REQUEST 0 TO SERVER S4
2026/06/01 21:41:48 LEADER SENDS REQUEST 0 TO SERVER S4
2026/06/01 21:41:48 LEADER SENDS REQUEST 0 TO SERVER S3
2026/06/01 21:41:48 LEADER SENDS REQUEST 0 TO SERVER S5
2026/06/01 21:41:48 LEADER SENDS REQUEST 0 TO SERVER S2
2026/06/01 21:41:48 LEADER SERVER S1 RECEIVES REQUEST 10 FROM CLIENT
2026/06/01 21:41:48 LEADER SERVER S1 ADDS REQUEST 10 TO LOG ENTRY 10
2026/06/01 21:41:48 LEADER SENDS REQUEST 10 TO SERVER S5
2026/06/01 21:41:48 LEADER SENDS REQUEST 10 TO SERVER S3
2026/06/01 21:41:48 LEADER SENDS REQUEST 10 TO SERVER S2
2026/06/01 21:41:48 LEADER SENDS REQUEST 10 TO SERVER S4
2026/06/01 21:41:48 LEADER RECEIVES ACK FROM SERVER S2 FOR REQUEST 10
2026/06/01 21:41:48 LEADER RECEIVES ACK FROM SERVER S3 FOR REQUEST 10
2026/06/01 21:41:48 LEADER RECEIVES ACK FROM SERVER S4 FOR REQUEST 10
2026/06/01 21:41:49 LEADER SENDS REQUEST 0 TO SERVER S5
2026/06/01 21:41:49 LEADER SENDS REQUEST 0 TO SERVER S3
2026/06/01 21:41:49 LEADER SENDS REQUEST 0 TO SERVER S2
2026/06/01 21:41:49 LEADER SENDS REQUEST 0 TO SERVER S4
2026/06/01 21:41:50 LEADER SENDS REQUEST 0 TO SERVER S5
2026/06/01 21:41:50 LEADER SENDS REQUEST 0 TO SERVER S3
2026/06/01 21:41:50 LEADER SENDS REQUEST 0 TO SERVER S4
2026/06/01 21:41:50 LEADER SENDS REQUEST 0 TO SERVER S2
2026/06/01 21:41:51 LEADER SENDS REQUEST 0 TO SERVER S2
2026/06/01 21:41:51 LEADER SENDS REQUEST 0 TO SERVER S5
2026/06/01 21:41:51 LEADER SENDS REQUEST 0 TO SERVER S4
2026/06/01 21:41:51 LEADER SENDS REQUEST 0 TO SERVER S3
2026/06/01 21:41:51 LEADER SERVER S1 RECEIVES REQUEST 11 FROM CLIENT
2026/06/01 21:41:51 LEADER SERVER S1 ADDS REQUEST 11 TO LOG ENTRY 11
2026/06/01 21:41:51 LEADER SENDS REQUEST 11 TO SERVER S5
2026/06/01 21:41:51 LEADER SENDS REQUEST 11 TO SERVER S3
2026/06/01 21:41:51 LEADER SENDS REQUEST 11 TO SERVER S2
2026/06/01 21:41:51 LEADER SENDS REQUEST 11 TO SERVER S4
2026/06/01 21:41:51 LEADER RECEIVES ACK FROM SERVER S3 FOR REQUEST 11
2026/06/01 21:41:51 LEADER RECEIVES ACK FROM SERVER S2 FOR REQUEST 11
2026/06/01 21:41:51 LEADER RECEIVES ACK FROM SERVER S4 FOR REQUEST 11
2026/06/01 21:41:52 LEADER SENDS REQUEST 0 TO SERVER S5
2026/06/01 21:41:52 LEADER SENDS REQUEST 0 TO SERVER S3
2026/06/01 21:41:52 LEADER SENDS REQUEST 0 TO SERVER S2
2026/06/01 21:41:52 LEADER SENDS REQUEST 0 TO SERVER S4
2026/06/01 21:41:53 LEADER SENDS REQUEST 0 TO SERVER S5
2026/06/01 21:41:53 LEADER SENDS REQUEST 0 TO SERVER S3
2026/06/01 21:41:53 LEADER SENDS REQUEST 0 TO SERVER S2
2026/06/01 21:41:53 LEADER SENDS REQUEST 0 TO SERVER S4
2026/06/01 21:41:52 LEADER SENDS REQUEST 0 TO SERVER S2
2026/06/01 21:41:52 LEADER SENDS REQUEST 0 TO SERVER S4
2026/06/01 21:41:52 LEADER SENDS REQUEST 0 TO SERVER S5
2026/06/01 21:41:52 LEADER SENDS REQUEST 0 TO SERVER S3
2026/06/01 21:41:53 LEADER SENDS REQUEST 0 TO SERVER S5
2026/06/01 21:41:53 LEADER SENDS REQUEST 0 TO SERVER S3
2026/06/01 21:41:53 LEADER SENDS REQUEST 0 TO SERVER S2
2026/06/01 21:41:53 LEADER SENDS REQUEST 0 TO SERVER S4
2026/06/01 21:41:54 LEADER SERVER S1 RECEIVES REQUEST 12 FROM CLIENT
2026/06/01 21:41:54 LEADER SERVER S1 ADDS REQUEST 12 TO LOG ENTRY 12
2026/06/01 21:41:54 LEADER SENDS REQUEST 12 TO SERVER S5
2026/06/01 21:41:54 LEADER SENDS REQUEST 12 TO SERVER S3
2026/06/01 21:41:54 LEADER SENDS REQUEST 12 TO SERVER S2
2026/06/01 21:41:54 LEADER SENDS REQUEST 12 TO SERVER S4
2026/06/01 21:41:54 LEADER RECEIVES ACK FROM SERVER S3 FOR REQUEST 12
2026/06/01 21:41:54 LEADER RECEIVES ACK FROM SERVER S2 FOR REQUEST 12
2026/06/01 21:41:54 LEADER RECEIVES ACK FROM SERVER S4 FOR REQUEST 12
2026/06/01 21:41:54 LEADER SENDS REQUEST 0 TO SERVER S5
2026/06/01 21:41:54 LEADER SENDS REQUEST 0 TO SERVER S3
2026/06/01 21:41:54 LEADER SENDS REQUEST 0 TO SERVER S4
2026/06/01 21:41:54 LEADER SENDS REQUEST 0 TO SERVER S2
2026/06/01 21:41:55 LEADER SENDS REQUEST 0 TO SERVER S2
2026/06/01 21:41:55 LEADER SENDS REQUEST 0 TO SERVER S5
2026/06/01 21:41:55 LEADER SENDS REQUEST 0 TO SERVER S3
2026/06/01 21:41:55 LEADER SENDS REQUEST 0 TO SERVER S4
2026/06/01 21:41:56 LEADER SENDS REQUEST 0 TO SERVER S3
2026/06/01 21:41:56 LEADER SENDS REQUEST 0 TO SERVER S5
2026/06/01 21:41:56 LEADER SENDS REQUEST 0 TO SERVER S4
2026/06/01 21:41:56 LEADER SENDS REQUEST 0 TO SERVER S2
2026/06/01 21:41:57 LEADER SERVER S1 RECEIVES REQUEST 13 FROM CLIENT
2026/06/01 21:41:57 LEADER SERVER S1 ADDS REQUEST 13 TO LOG ENTRY 13
2026/06/01 21:41:57 LEADER SENDS REQUEST 13 TO SERVER S5
2026/06/01 21:41:57 LEADER SENDS REQUEST 13 TO SERVER S2
2026/06/01 21:41:57 LEADER SENDS REQUEST 13 TO SERVER S3
2026/06/01 21:41:57 LEADER SENDS REQUEST 13 TO SERVER S4
2026/06/01 21:41:57 LEADER RECEIVES ACK FROM SERVER S2 FOR REQUEST 13
2026/06/01 21:41:57 LEADER RECEIVES ACK FROM SERVER S3 FOR REQUEST 13
2026/06/01 21:41:57 LEADER RECEIVES ACK FROM SERVER S4 FOR REQUEST 13
2026/06/01 21:41:57 LEADER SENDS REQUEST 0 TO SERVER S5
2026/06/01 21:41:57 LEADER SENDS REQUEST 0 TO SERVER S3
2026/06/01 21:41:57 LEADER SENDS REQUEST 0 TO SERVER S2
2026/06/01 21:41:57 LEADER SENDS REQUEST 0 TO SERVER S4
2026/06/01 21:41:58 LEADER SENDS REQUEST 0 TO SERVER S3
2026/06/01 21:41:58 LEADER SENDS REQUEST 0 TO SERVER S5
2026/06/01 21:41:58 LEADER SENDS REQUEST 0 TO SERVER S4
2026/06/01 21:41:58 LEADER SENDS REQUEST 0 TO SERVER S2
2026/06/01 21:41:59 LEADER SENDS REQUEST 0 TO SERVER S3
2026/06/01 21:41:59 LEADER SENDS REQUEST 0 TO SERVER S4
2026/06/01 21:41:59 LEADER SENDS REQUEST 0 TO SERVER S2
2026/06/01 21:41:59 LEADER SENDS REQUEST 0 TO SERVER S5
2026/06/01 21:42:00 LEADER SENDS REQUEST 0 TO SERVER S5
2026/06/01 21:42:00 LEADER SENDS REQUEST 0 TO SERVER S2
2026/06/01 21:42:00 LEADER SENDS REQUEST 0 TO SERVER S3
2026/06/01 21:42:00 LEADER SENDS REQUEST 0 TO SERVER S4
2026/06/01 21:42:01 LEADER SERVER S1 RECEIVES REQUEST 14 FROM CLIENT
2026/06/01 21:42:01 LEADER SERVER S1 ADDS REQUEST 14 TO LOG ENTRY 14
2026/06/01 21:42:01 LEADER SENDS REQUEST 14 TO SERVER S5
2026/06/01 21:42:01 LEADER SENDS REQUEST 14 TO SERVER S3
2026/06/01 21:42:01 LEADER SENDS REQUEST 14 TO SERVER S2
2026/06/01 21:42:01 LEADER SENDS REQUEST 14 TO SERVER S4
2026/06/01 21:42:01 LEADER RECEIVES ACK FROM SERVER S3 FOR REQUEST 14
2026/06/01 21:42:01 LEADER RECEIVES ACK FROM SERVER S4 FOR REQUEST 14
2026/06/01 21:42:01 LEADER RECEIVES ACK FROM SERVER S2 FOR REQUEST 14
2026/06/01 21:42:01 LEADER SENDS REQUEST 0 TO SERVER S5
2026/06/01 21:42:01 LEADER SENDS REQUEST 0 TO SERVER S3
2026/06/01 21:42:01 LEADER SENDS REQUEST 0 TO SERVER S2
2026/06/01 21:42:01 LEADER SENDS REQUEST 0 TO SERVER S4
2026/06/01 21:42:02 LEADER SENDS REQUEST 0 TO SERVER S2
2026/06/01 21:42:02 LEADER SENDS REQUEST 0 TO SERVER S5
2026/06/01 21:42:02 LEADER SENDS REQUEST 0 TO SERVER S4
2026/06/01 21:42:02 LEADER SENDS REQUEST 0 TO SERVER S3
2026/06/01 21:42:03 LEADER SENDS REQUEST 0 TO SERVER S5
2026/06/01 21:42:03 LEADER SENDS REQUEST 0 TO SERVER S3
2026/06/01 21:42:03 LEADER SENDS REQUEST 0 TO SERVER S2
2026/06/01 21:42:03 LEADER SENDS REQUEST 0 TO SERVER S4
2026/06/01 21:42:04 LEADER SERVER S1 RECEIVES REQUEST 15 FROM CLIENT
2026/06/01 21:42:04 LEADER SERVER S1 ADDS REQUEST 15 TO LOG ENTRY 15
2026/06/01 21:42:04 LEADER SENDS REQUEST 15 TO SERVER S5
2026/06/01 21:42:04 LEADER SENDS REQUEST 15 TO SERVER S3
2026/06/01 21:42:04 LEADER SENDS REQUEST 15 TO SERVER S2
2026/06/01 21:42:04 LEADER SENDS REQUEST 15 TO SERVER S4
2026/06/01 21:42:04 LEADER RECEIVES ACK FROM SERVER S2 FOR REQUEST 15
2026/06/01 21:42:04 LEADER RECEIVES ACK FROM SERVER S3 FOR REQUEST 15
2026/06/01 21:42:04 LEADER RECEIVES ACK FROM SERVER S4 FOR REQUEST 15
2026/06/01 21:42:04 LEADER SENDS REQUEST 0 TO SERVER S5
2026/06/01 21:42:04 LEADER SENDS REQUEST 0 TO SERVER S3
2026/06/01 21:42:04 LEADER SENDS REQUEST 0 TO SERVER S2
2026/06/01 21:42:04 LEADER SENDS REQUEST 0 TO SERVER S4
2026/06/01 21:42:05 LEADER SENDS REQUEST 0 TO SERVER S5
2026/06/01 21:42:05 LEADER SENDS REQUEST 0 TO SERVER S3
2026/06/01 21:42:05 LEADER SENDS REQUEST 0 TO SERVER S4
2026/06/01 21:42:05 LEADER SENDS REQUEST 0 TO SERVER S2
2026/06/01 21:42:06 LEADER SENDS REQUEST 0 TO SERVER S3
2026/06/01 21:42:06 LEADER SENDS REQUEST 0 TO SERVER S4
2026/06/01 21:42:06 LEADER SENDS REQUEST 0 TO SERVER S5
2026/06/01 21:42:06 LEADER SENDS REQUEST 0 TO SERVER S2
2026/06/01 21:42:07 LEADER SENDS REQUEST 0 TO SERVER S5
2026/06/01 21:42:07 LEADER SENDS REQUEST 0 TO SERVER S2
2026/06/01 21:42:07 LEADER SENDS REQUEST 0 TO SERVER S3
2026/06/01 21:42:07 LEADER SENDS REQUEST 0 TO SERVER S4
2026/06/01 21:42:08 LEADER SERVER S1 RECEIVES REQUEST 16 FROM CLIENT
2026/06/01 21:42:08 LEADER SERVER S1 ADDS REQUEST 16 TO LOG ENTRY 16
2026/06/01 21:42:08 LEADER SENDS REQUEST 16 TO SERVER S5
2026/06/01 21:42:08 LEADER SENDS REQUEST 16 TO SERVER S3
2026/06/01 21:42:08 LEADER SENDS REQUEST 16 TO SERVER S2
2026/06/01 21:42:08 LEADER SENDS REQUEST 16 TO SERVER S4
2026/06/01 21:42:08 LEADER RECEIVES ACK FROM SERVER S3 FOR REQUEST 16
2026/06/01 21:42:08 LEADER RECEIVES ACK FROM SERVER S2 FOR REQUEST 16
2026/06/01 21:42:08 LEADER RECEIVES ACK FROM SERVER S4 FOR REQUEST 16
2026/06/01 21:42:08 LEADER SENDS REQUEST 0 TO SERVER S5
2026/06/01 21:42:08 LEADER SENDS REQUEST 0 TO SERVER S3
2026/06/01 21:42:08 LEADER SENDS REQUEST 0 TO SERVER S2
2026/06/01 21:42:08 LEADER SENDS REQUEST 0 TO SERVER S4
2026/06/01 21:42:09 LEADER SENDS REQUEST 0 TO SERVER S3
2026/06/01 21:42:09 LEADER SENDS REQUEST 0 TO SERVER S5
2026/06/01 21:42:09 LEADER SENDS REQUEST 0 TO SERVER S4
2026/06/01 21:42:09 LEADER SENDS REQUEST 0 TO SERVER S2
2026/06/01 21:42:10 LEADER SENDS REQUEST 0 TO SERVER S5
2026/06/01 21:42:10 LEADER SENDS REQUEST 0 TO SERVER S3
2026/06/01 21:42:10 LEADER SENDS REQUEST 0 TO SERVER S2
2026/06/01 21:42:10 LEADER SENDS REQUEST 0 TO SERVER S4
2026/06/01 21:42:11 LEADER SERVER S1 RECEIVES REQUEST 17 FROM CLIENT
2026/06/01 21:42:11 LEADER SERVER S1 ADDS REQUEST 17 TO LOG ENTRY 17
2026/06/01 21:42:11 LEADER SENDS REQUEST 17 TO SERVER S3
2026/06/01 21:42:11 LEADER SENDS REQUEST 17 TO SERVER S5
2026/06/01 21:42:11 LEADER SENDS REQUEST 17 TO SERVER S4
2026/06/01 21:42:11 LEADER SENDS REQUEST 17 TO SERVER S2
2026/06/01 21:42:11 LEADER RECEIVES ACK FROM SERVER S3 FOR REQUEST 17
2026/06/01 21:42:11 LEADER RECEIVES ACK FROM SERVER S2 FOR REQUEST 17
2026/06/01 21:42:11 LEADER RECEIVES ACK FROM SERVER S4 FOR REQUEST 17
2026/06/01 21:42:11 LEADER SENDS REQUEST 0 TO SERVER S5
2026/06/01 21:42:11 LEADER SENDS REQUEST 0 TO SERVER S3
2026/06/01 21:42:11 LEADER SENDS REQUEST 0 TO SERVER S2
2026/06/01 21:42:11 LEADER SENDS REQUEST 0 TO SERVER S4
2026/06/01 21:42:12 LEADER SENDS REQUEST 0 TO SERVER S5
2026/06/01 21:42:12 LEADER SENDS REQUEST 0 TO SERVER S3
2026/06/01 21:42:12 LEADER SENDS REQUEST 0 TO SERVER S4
2026/06/01 21:42:12 LEADER SENDS REQUEST 0 TO SERVER S2
2026/06/01 21:42:13 LEADER SENDS REQUEST 0 TO SERVER S5
2026/06/01 21:42:13 LEADER SENDS REQUEST 0 TO SERVER S3
2026/06/01 21:42:13 LEADER SENDS REQUEST 0 TO SERVER S4
2026/06/01 21:42:13 LEADER SENDS REQUEST 0 TO SERVER S2
2026/06/01 21:42:14 LEADER SENDS REQUEST 0 TO SERVER S5
2026/06/01 21:42:14 LEADER SENDS REQUEST 0 TO SERVER S3
2026/06/01 21:42:14 LEADER SENDS REQUEST 0 TO SERVER S2
2026/06/01 21:42:14 LEADER SENDS REQUEST 0 TO SERVER S4
2026/06/01 21:42:15 LEADER SERVER S1 RECEIVES REQUEST 18 FROM CLIENT
2026/06/01 21:42:15 LEADER SERVER S1 ADDS REQUEST 18 TO LOG ENTRY 18
2026/06/01 21:42:15 LEADER SENDS REQUEST 18 TO SERVER S5
2026/06/01 21:42:15 LEADER SENDS REQUEST 18 TO SERVER S3
2026/06/01 21:42:15 LEADER SENDS REQUEST 18 TO SERVER S2
2026/06/01 21:42:15 LEADER SENDS REQUEST 18 TO SERVER S4
2026/06/01 21:42:15 LEADER RECEIVES ACK FROM SERVER S2 FOR REQUEST 18
2026/06/01 21:42:15 LEADER RECEIVES ACK FROM SERVER S3 FOR REQUEST 18
2026/06/01 21:42:15 LEADER RECEIVES ACK FROM SERVER S4 FOR REQUEST 18
2026/06/01 21:42:15 LEADER SENDS REQUEST 0 TO SERVER S3
2026/06/01 21:42:15 LEADER SENDS REQUEST 0 TO SERVER S4
2026/06/01 21:42:15 LEADER SENDS REQUEST 0 TO SERVER S5
2026/06/01 21:42:15 LEADER SENDS REQUEST 0 TO SERVER S2
2026/06/01 21:42:16 LEADER SENDS REQUEST 0 TO SERVER S5
2026/06/01 21:42:16 LEADER SENDS REQUEST 0 TO SERVER S4
2026/06/01 21:42:16 LEADER SENDS REQUEST 0 TO SERVER S3
2026/06/01 21:42:16 LEADER SENDS REQUEST 0 TO SERVER S2
2026/06/01 21:42:17 LEADER SENDS REQUEST 0 TO SERVER S3
2026/06/01 21:42:17 LEADER SENDS REQUEST 0 TO SERVER S4
2026/06/01 21:42:17 LEADER SENDS REQUEST 0 TO SERVER S2
2026/06/01 21:42:17 LEADER SENDS REQUEST 0 TO SERVER S5
2026/06/01 21:42:18 LEADER SERVER S1 RECEIVES REQUEST 19 FROM CLIENT
2026/06/01 21:42:18 LEADER SERVER S1 ADDS REQUEST 19 TO LOG ENTRY 19
2026/06/01 21:42:18 LEADER SENDS REQUEST 19 TO SERVER S5
2026/06/01 21:42:18 LEADER SENDS REQUEST 19 TO SERVER S3
2026/06/01 21:42:18 LEADER SENDS REQUEST 19 TO SERVER S2
2026/06/01 21:42:18 LEADER SENDS REQUEST 19 TO SERVER S4
2026/06/01 21:42:18 LEADER RECEIVES ACK FROM SERVER S2 FOR REQUEST 19
2026/06/01 21:42:18 LEADER RECEIVES ACK FROM SERVER S3 FOR REQUEST 19
2026/06/01 21:42:18 LEADER RECEIVES ACK FROM SERVER S4 FOR REQUEST 19
2026/06/01 21:42:18 LEADER SENDS REQUEST 0 TO SERVER S2
2026/06/01 21:42:18 LEADER SENDS REQUEST 0 TO SERVER S5
2026/06/01 21:42:18 LEADER SENDS REQUEST 0 TO SERVER S3
2026/06/01 21:42:18 LEADER SENDS REQUEST 0 TO SERVER S4
2026/06/01 21:42:19 LEADER SENDS REQUEST 0 TO SERVER S5
2026/06/01 21:42:19 LEADER SENDS REQUEST 0 TO SERVER S3
2026/06/01 21:42:19 LEADER SENDS REQUEST 0 TO SERVER S4
2026/06/01 21:42:19 LEADER SENDS REQUEST 0 TO SERVER S2
2026/06/01 21:42:20 LEADER SENDS REQUEST 0 TO SERVER S2
2026/06/01 21:42:20 LEADER SENDS REQUEST 0 TO SERVER S3
2026/06/01 21:42:20 LEADER SENDS REQUEST 0 TO SERVER S4
2026/06/01 21:42:20 LEADER SENDS REQUEST 0 TO SERVER S5
2026/06/01 21:42:21 LEADER SENDS REQUEST 0 TO SERVER S5
2026/06/01 21:42:21 LEADER SENDS REQUEST 0 TO SERVER S3
2026/06/01 21:42:21 LEADER SENDS REQUEST 0 TO SERVER S2
2026/06/01 21:42:21 LEADER SENDS REQUEST 0 TO SERVER S4
2026/06/01 21:42:22 LEADER SERVER S1 RECEIVES REQUEST 20 FROM CLIENT
2026/06/01 21:42:22 LEADER SERVER S1 ADDS REQUEST 20 TO LOG ENTRY 20
2026/06/01 21:42:22 LEADER SENDS REQUEST 20 TO SERVER S5
2026/06/01 21:42:22 LEADER SENDS REQUEST 20 TO SERVER S3
2026/06/01 21:42:22 LEADER SENDS REQUEST 20 TO SERVER S2
2026/06/01 21:42:22 LEADER SENDS REQUEST 20 TO SERVER S4
2026/06/01 21:42:22 LEADER RECEIVES ACK FROM SERVER S2 FOR REQUEST 20
2026/06/01 21:42:22 LEADER RECEIVES ACK FROM SERVER S4 FOR REQUEST 20
2026/06/01 21:42:22 LEADER RECEIVES ACK FROM SERVER S3 FOR REQUEST 20
2026/06/01 21:42:21 LEADER SENDS REQUEST 0 TO SERVER S5
2026/06/01 21:42:21 LEADER SENDS REQUEST 0 TO SERVER S3
2026/06/01 21:42:21 LEADER SENDS REQUEST 0 TO SERVER S2
2026/06/01 21:42:21 LEADER SENDS REQUEST 0 TO SERVER S4
2026/06/01 21:42:22 LEADER SENDS REQUEST 0 TO SERVER S3
2026/06/01 21:42:22 LEADER SENDS REQUEST 0 TO SERVER S4
2026/06/01 21:42:22 LEADER SENDS REQUEST 0 TO SERVER S2
2026/06/01 21:42:22 LEADER SENDS REQUEST 0 TO SERVER S5
2026/06/01 21:42:23 LEADER SENDS REQUEST 0 TO SERVER S4
2026/06/01 21:42:23 LEADER SENDS REQUEST 0 TO SERVER S5
2026/06/01 21:42:23 LEADER SENDS REQUEST 0 TO SERVER S3
2026/06/01 21:42:23 LEADER SENDS REQUEST 0 TO SERVER S2
2026/06/01 21:42:24 LEADER SERVER S1 RECEIVES REQUEST 21 FROM CLIENT
2026/06/01 21:42:24 LEADER SERVER S1 ADDS REQUEST 21 TO LOG ENTRY 21
2026/06/01 21:42:24 LEADER SENDS REQUEST 21 TO SERVER S5
2026/06/01 21:42:24 LEADER SENDS REQUEST 21 TO SERVER S2
2026/06/01 21:42:24 LEADER SENDS REQUEST 21 TO SERVER S3
2026/06/01 21:42:24 LEADER SENDS REQUEST 21 TO SERVER S4
2026/06/01 21:42:24 LEADER RECEIVES ACK FROM SERVER S3 FOR REQUEST 21
2026/06/01 21:42:24 LEADER RECEIVES ACK FROM SERVER S2 FOR REQUEST 21
2026/06/01 21:42:24 LEADER RECEIVES ACK FROM SERVER S4 FOR REQUEST 21
2026/06/01 21:42:24 LEADER SENDS REQUEST 0 TO SERVER S5
2026/06/01 21:42:24 LEADER SENDS REQUEST 0 TO SERVER S3
2026/06/01 21:42:24 LEADER SENDS REQUEST 0 TO SERVER S2
2026/06/01 21:42:24 LEADER SENDS REQUEST 0 TO SERVER S4
2026/06/01 21:42:25 LEADER SENDS REQUEST 0 TO SERVER S5
2026/06/01 21:42:25 LEADER SENDS REQUEST 0 TO SERVER S3
2026/06/01 21:42:25 LEADER SENDS REQUEST 0 TO SERVER S2
2026/06/01 21:42:25 LEADER SENDS REQUEST 0 TO SERVER S4
2026/06/01 21:42:26 LEADER SENDS REQUEST 0 TO SERVER S3
2026/06/01 21:42:26 LEADER SENDS REQUEST 0 TO SERVER S5
2026/06/01 21:42:26 LEADER SENDS REQUEST 0 TO SERVER S4
2026/06/01 21:42:26 LEADER SENDS REQUEST 0 TO SERVER S2
2026/06/01 21:42:27 LEADER SENDS REQUEST 0 TO SERVER S5
2026/06/01 21:42:27 LEADER SENDS REQUEST 0 TO SERVER S3
2026/06/01 21:42:27 LEADER SENDS REQUEST 0 TO SERVER S2
2026/06/01 21:42:27 LEADER SENDS REQUEST 0 TO SERVER S4
2026/06/01 21:42:27 LEADER SERVER S1 RECEIVES REQUEST 22 FROM CLIENT
2026/06/01 21:42:27 LEADER SERVER S1 ADDS REQUEST 22 TO LOG ENTRY 22
2026/06/01 21:42:27 LEADER SENDS REQUEST 22 TO SERVER S5
2026/06/01 21:42:27 LEADER SENDS REQUEST 22 TO SERVER S3
2026/06/01 21:42:27 LEADER SENDS REQUEST 22 TO SERVER S2
2026/06/01 21:42:27 LEADER SENDS REQUEST 22 TO SERVER S4
2026/06/01 21:42:27 LEADER RECEIVES ACK FROM SERVER S3 FOR REQUEST 22
2026/06/01 21:42:27 LEADER RECEIVES ACK FROM SERVER S2 FOR REQUEST 22
2026/06/01 21:42:27 LEADER RECEIVES ACK FROM SERVER S4 FOR REQUEST 22
2026/06/01 21:42:28 LEADER SENDS REQUEST 0 TO SERVER S2
2026/06/01 21:42:28 LEADER SENDS REQUEST 0 TO SERVER S5
2026/06/01 21:42:28 LEADER SENDS REQUEST 0 TO SERVER S3
2026/06/01 21:42:28 LEADER SENDS REQUEST 0 TO SERVER S4
2026/06/01 21:42:29 LEADER SENDS REQUEST 0 TO SERVER S3
2026/06/01 21:42:29 LEADER SENDS REQUEST 0 TO SERVER S4
2026/06/01 21:42:29 LEADER SENDS REQUEST 0 TO SERVER S5
2026/06/01 21:42:29 LEADER SENDS REQUEST 0 TO SERVER S2
2026/06/01 21:42:30 LEADER SENDS REQUEST 0 TO SERVER S2
2026/06/01 21:42:30 LEADER SENDS REQUEST 0 TO SERVER S5
2026/06/01 21:42:30 LEADER SENDS REQUEST 0 TO SERVER S4
2026/06/01 21:42:30 LEADER SENDS REQUEST 0 TO SERVER S3
2026/06/01 21:44:32 LEADER SENDS REQUEST 0 TO SERVER S5
2026/06/01 21:44:32 LEADER SENDS REQUEST 0 TO SERVER S3
2026/06/01 21:44:32 LEADER SENDS REQUEST 0 TO SERVER S2
2026/06/01 21:44:32 LEADER SENDS REQUEST 0 TO SERVER S4
2026/06/01 21:44:32 SERVER S1 VOTES FOR SERVER S2
2026/06/01 21:44:35 SERVER S1 VOTES FOR SERVER S4
2026/06/01 21:44:40 FOLLOWER S1 RECEIVES REQUEST 1
2026/06/01 21:44:44 FOLLOWER S1 RECEIVES REQUEST 2
2026/06/01 21:44:46 FOLLOWER S1 RECEIVES REQUEST 3
2026/06/01 21:44:50 FOLLOWER S1 RECEIVES REQUEST 4
2026/06/01 21:44:53 FOLLOWER S1 RECEIVES REQUEST 5
2026/06/01 21:44:57 FOLLOWER S1 RECEIVES REQUEST 6
2026/06/01 21:45:00 FOLLOWER S1 RECEIVES REQUEST 7
2026/06/01 21:45:04 FOLLOWER S1 RECEIVES REQUEST 8
2026/06/01 21:45:07 FOLLOWER S1 RECEIVES REQUEST 9
2026/06/01 21:45:11 FOLLOWER S1 RECEIVES REQUEST 10
2026/06/01 21:45:14 FOLLOWER S1 RECEIVES REQUEST 11
2026/06/01 21:45:16 FOLLOWER S1 RECEIVES REQUEST 12
2026/06/01 21:45:20 FOLLOWER S1 RECEIVES REQUEST 13
2026/06/01 21:45:23 FOLLOWER S1 RECEIVES REQUEST 14
2026/06/01 21:45:27 FOLLOWER S1 RECEIVES REQUEST 15
2026/06/01 21:45:30 FOLLOWER S1 RECEIVES REQUEST 16
2026/06/01 21:45:34 FOLLOWER S1 RECEIVES REQUEST 17
2026/06/01 21:45:38 FOLLOWER S1 RECEIVES REQUEST 18
2026/06/01 21:45:41 FOLLOWER S1 RECEIVES REQUEST 19
2026/06/01 21:45:43 FOLLOWER S1 RECEIVES REQUEST 20
2026/06/01 21:45:47 FOLLOWER S1 RECEIVES REQUEST 21
2026/06/01 21:45:50 FOLLOWER S1 RECEIVES REQUEST 22
2026/06/01 21:45:54 FOLLOWER S1 RECEIVES REQUEST 23
2026/06/01 21:45:57 FOLLOWER S1 RECEIVES REQUEST 24
2026/06/01 21:46:01 FOLLOWER S1 RECEIVES REQUEST 25
2026/06/01 21:46:04 FOLLOWER S1 RECEIVES REQUEST 26
2026/06/01 21:46:08 FOLLOWER S1 RECEIVES REQUEST 27
2026/06/01 21:46:11 FOLLOWER S1 RECEIVES REQUEST 28
2026/06/01 21:46:13 FOLLOWER S1 RECEIVES REQUEST 29
2026/06/01 21:46:17 FOLLOWER S1 RECEIVES REQUEST 30
2026/06/01 21:46:20 FOLLOWER S1 RECEIVES REQUEST 31
2026/06/01 21:46:24 FOLLOWER S1 RECEIVES REQUEST 32
2026/06/01 21:46:27 FOLLOWER S1 RECEIVES REQUEST 33
2026/06/01 21:46:31 FOLLOWER S1 RECEIVES REQUEST 34
2026/06/01 21:46:34 FOLLOWER S1 RECEIVES REQUEST 35
2026/06/01 21:46:38 FOLLOWER S1 RECEIVES REQUEST 36
2026/06/01 21:46:40 FOLLOWER S1 RECEIVES REQUEST 37
2026/06/01 21:46:44 FOLLOWER S1 RECEIVES REQUEST 38
2026/06/01 21:46:47 FOLLOWER S1 RECEIVES REQUEST 39
2026/06/01 21:46:51 FOLLOWER S1 RECEIVES REQUEST 40
2026/06/01 21:46:54 FOLLOWER S1 RECEIVES REQUEST 41
