2026/06/01 21:41:19 FOLLOWER S4 RECEIVES REQUEST 1
2026/06/01 21:41:19 FOLLOWER S4 RECEIVES REQUEST 2
2026/06/01 21:41:20 FOLLOWER S4 RECEIVES REQUEST 3
2026/06/01 21:41:27 FOLLOWER S4 RECEIVES REQUEST 4
2026/06/01 21:41:30 FOLLOWER S4 RECEIVES REQUEST 5
2026/06/01 21:41:34 FOLLOWER S4 RECEIVES REQUEST 6
2026/06/01 21:41:37 FOLLOWER S4 RECEIVES REQUEST 7
2026/06/01 21:41:41 FOLLOWER S4 RECEIVES REQUEST 8
2026/06/01 21:41:44 FOLLOWER S4 RECEIVES REQUEST 9
2026/06/01 21:41:48 FOLLOWER S4 RECEIVES REQUEST 10
2026/06/01 21:41:51 FOLLOWER S4 RECEIVES REQUEST 11
2026/06/01 21:41:54 FOLLOWER S4 RECEIVES REQUEST 12
2026/06/01 21:41:57 FOLLOWER S4 RECEIVES REQUEST 13
2026/06/01 21:42:01 FOLLOWER S4 RECEIVES REQUEST 14
2026/06/01 21:42:04 FOLLOWER S4 RECEIVES REQUEST 15
2026/06/01 21:42:08 FOLLOWER S4 RECEIVES REQUEST 16
2026/06/01 21:42:11 FOLLOWER S4 RECEIVES REQUEST 17
2026/06/01 21:42:15 FOLLOWER S4 RECEIVES REQUEST 18
2026/06/01 21:42:18 FOLLOWER S4 RECEIVES REQUEST 19
2026/06/01 21:42:22 FOLLOWER S4 RECEIVES REQUEST 20
2026/06/01 21:42:24 FOLLOWER S4 RECEIVES REQUEST 21
2026/06/01 21:42:27 FOLLOWER S4 RECEIVES REQUEST 22
2026/06/01 21:42:34 CANDIDATE SERVER S4 SENDING A VOTING REQUEST
2026/06/01 21:42:39 SERVER S4 VOTES FOR SERVER S3
2026/06/01 21:42:45 FOLLOWER S4 RECEIVES REQUEST 1
2026/06/01 21:42:46 FOLLOWER S4 RECEIVES REQUEST 2
2026/06/01 21:42:49 FOLLOWER S4 RECEIVES REQUEST 3
2026/06/01 21:42:51 FOLLOWER S4 RECEIVES REQUEST 4
2026/06/01 21:42:55 FOLLOWER S4 RECEIVES REQUEST 5
2026/06/01 21:42:58 FOLLOWER S4 RECEIVES REQUEST 6
2026/06/01 21:43:02 FOLLOWER S4 RECEIVES REQUEST 7
2026/06/01 21:43:05 FOLLOWER S4 RECEIVES REQUEST 8
2026/06/01 21:43:09 FOLLOWER S4 RECEIVES REQUEST 9
2026/06/01 21:43:12 FOLLOWER S4 RECEIVES REQUEST 10
2026/06/01 21:43:16 FOLLOWER S4 RECEIVES REQUEST 11
2026/06/01 21:43:20 FOLLOWER S4 RECEIVES REQUEST 12
2026/06/01 21:43:22 FOLLOWER S4 RECEIVES REQUEST 13
2026/06/01 21:43:26 FOLLOWER S4 RECEIVES REQUEST 14
2026/06/01 21:43:29 FOLLOWER S4 RECEIVES REQUEST 15
2026/06/01 21:43:33 FOLLOWER S4 RECEIVES REQUEST 16
2026/06/01 21:43:36 FOLLOWER S4 RECEIVES REQUEST 17
2026/06/01 21:43:40 FOLLOWER S4 RECEIVES REQUEST 18
2026/06/01 21:43:43 FOLLOWER S4 RECEIVES REQUEST 19
2026/06/01 21:43:47 FOLLOWER S4 RECEIVES REQUEST 20
2026/06/01 21:43:49 FOLLOWER S4 RECEIVES REQUEST 21
2026/06/01 21:43:53 FOLLOWER S4 RECEIVES REQUEST 22
2026/06/01 21:43:56 FOLLOWER S4 RECEIVES REQUEST 23
2026/06/01 21:44:00 FOLLOWER S4 RECEIVES REQUEST 24
2026/06/01 21:44:03 FOLLOWER S4 RECEIVES REQUEST 25
2026/06/01 21:44:07 FOLLOWER S4 RECEIVES REQUEST 26
2026/06/01 21:44:10 FOLLOWER S4 RECEIVES REQUEST 27
2026/06/01 21:44:14 FOLLOWER S4 RECEIVES REQUEST 28
2026/06/01 21:44:17 FOLLOWER S4 RECEIVES REQUEST 29
2026/06/01 21:44:19 FOLLOWER S4 RECEIVES REQUEST 30
2026/06/01 21:44:23 FOLLOWER S4 RECEIVES REQUEST 31
2026/06/01 21:44:29 CANDIDATE SERVER S4 SENDING A VOTING REQUEST
2026/06/01 21:44:32 SERVER S4 VOTES FOR SERVER S2
2026/06/01 21:44:35 CANDIDATE SERVER S4 SENDING A VOTING REQUEST
2026/06/01 21:44:36 CANDIDATE SERVER S4 WINS THE ELECTION FOR TERM 6
2026/06/01 21:44:37 LEADER SENDS REQUEST 0 TO SERVER S5
2026/06/01 21:44:37 LEADER SENDS REQUEST 0 TO SERVER S2
2026/06/01 21:44:37 LEADER SENDS REQUEST 0 TO SERVER S1
2026/06/01 21:44:37 LEADER SENDS REQUEST 0 TO SERVER S3
2026/06/01 21:44:38 LEADER SENDS REQUEST 0 TO SERVER S5
2026/06/01 21:44:38 LEADER SENDS REQUEST 0 TO SERVER S2
2026/06/01 21:44:38 LEADER SENDS REQUEST 0 TO SERVER S1
2026/06/01 21:44:38 LEADER SENDS REQUEST 0 TO SERVER S3
2026/06/01 21:44:39 LEADER SENDS REQUEST 0 TO SERVER S5
2026/06/01 21:44:39 LEADER SENDS REQUEST 0 TO SERVER S2
2026/06/01 21:44:39 LEADER SENDS REQUEST 0 TO SERVER S1
2026/06/01 21:44:39 LEADER SENDS REQUEST 0 TO SERVER S3
2026/06/01 21:44:40 LEADER SENDS REQUEST 0 TO SERVER S1
2026/06/01 21:44:40 LEADER SENDS REQUEST 0 TO SERVER S5
2026/06/01 21:44:40 LEADER SENDS REQUEST 0 TO SERVER S2
2026/06/01 21:44:40 LEADER SENDS REQUEST 0 TO SERVER S3
2026/06/01 21:44:40 LEADER SERVER S4 RECEIVES REQUEST 1 FROM CLIENT
2026/06/01 21:44:40 LEADER SERVER S4 ADDS REQUEST 1 TO LOG ENTRY 54
2026/06/01 21:44:40 LEADER SENDS REQUEST 1 TO SERVER S5
2026/06/01 21:44:40 LEADER SENDS REQUEST 1 TO SERVER S2
2026/06/01 21:44:40 LEADER SENDS REQUEST 1 TO SERVER S1
2026/06/01 21:44:40 LEADER SENDS REQUEST 1 TO SERVER S3
2026/06/01 21:44:40 LEADER RECEIVES ACK FROM SERVER S5 FOR REQUEST 1
2026/06/01 21:44:40 LEADER RECEIVES ACK FROM SERVER S2 FOR REQUEST 1
2026/06/01 21:44:40 LEADER RECEIVES ACK FROM SERVER S1 FOR REQUEST 1
2026/06/01 21:44:41 LEADER SENDS REQUEST 0 TO SERVER S5
2026/06/01 21:44:41 LEADER SENDS REQUEST 0 TO SERVER S2
2026/06/01 21:44:41 LEADER SENDS REQUEST 0 TO SERVER S1
2026/06/01 21:44:41 LEADER SENDS REQUEST 0 TO SERVER S3
2026/06/01 21:44:42 LEADER SENDS REQUEST 0 TO SERVER S5
2026/06/01 21:44:42 LEADER SENDS REQUEST 0 TO SERVER S2
2026/06/01 21:44:42 LEADER SENDS REQUEST 0 TO SERVER S1
2026/06/01 21:44:42 LEADER SENDS REQUEST 0 TO SERVER S3
2026/06/01 21:44:43 LEADER SENDS REQUEST 0 TO SERVER S5
2026/06/01 21:44:43 LEADER SENDS REQUEST 0 TO SERVER S2
2026/06/01 21:44:43 LEADER SENDS REQUEST 0 TO SERVER S1
2026/06/01 21:44:43 LEADER SENDS REQUEST 0 TO SERVER S3
2026/06/01 21:44:44 LEADER SERVER S4 RECEIVES REQUEST 2 FROM CLIENT
2026/06/01 21:44:44 LEADER SERVER S4 ADDS REQUEST 2 TO LOG ENTRY 55
2026/06/01 21:44:44 LEADER SENDS REQUEST 2 TO SERVER S5
2026/06/01 21:44:44 LEADER SENDS REQUEST 2 TO SERVER S2
2026/06/01 21:44:44 LEADER SENDS REQUEST 2 TO SERVER S1
2026/06/01 21:44:44 LEADER SENDS REQUEST 2 TO SERVER S3
2026/06/01 21:44:44 LEADER RECEIVES ACK FROM SERVER S1 FOR REQUEST 2
2026/06/01 21:44:44 LEADER RECEIVES ACK FROM SERVER S5 FOR REQUEST 2
2026/06/01 21:44:44 LEADER RECEIVES ACK FROM SERVER S2 FOR REQUEST 2
2026/06/01 21:44:44 LEADER SENDS REQUEST 0 TO SERVER S5
2026/06/01 21:44:44 LEADER SENDS REQUEST 0 TO SERVER S2
2026/06/01 21:44:44 LEADER SENDS REQUEST 0 TO SERVER S1
2026/06/01 21:44:44 LEADER SENDS REQUEST 0 TO SERVER S3
2026/06/01 21:44:45 LEADER SENDS REQUEST 0 TO SERVER S5
2026/06/01 21:44:45 LEADER SENDS REQUEST 0 TO SERVER S2
2026/06/01 21:44:45 LEADER SENDS REQUEST 0 TO SERVER S1
2026/06/01 21:44:45 LEADER SENDS REQUEST 0 TO SERVER S3
2026/06/01 21:44:46 LEADER SENDS REQUEST 0 TO SERVER S5
2026/06/01 21:44:46 LEADER SENDS REQUEST 0 TO SERVER S2
2026/06/01 21:44:46 LEADER SENDS REQUEST 0 TO SERVER S1
2026/06/01 21:44:46 LEADER SENDS REQUEST 0 TO SERVER S3
2026/06/01 21:44:46 LEADER SENDS REQUEST 0 TO SERVER S5
2026/06/01 21:44:46 LEADER SENDS REQUEST 0 TO SERVER S2
2026/06/01 21:44:46 LEADER SENDS REQUEST 0 TO SERVER S1
2026/06/01 21:44:46 LEADER SENDS REQUEST 0 TO SERVER S3
2026/06/01 21:44:46 LEADER SERVER S4 RECEIVES REQUEST 3 FROM CLIENT
2026/06/01 21:44:46 LEADER SERVER S4 ADDS REQUEST 3 TO LOG ENTRY 56
2026/06/01 21:44:46 LEADER SENDS REQUEST 3 TO SERVER S5
2026/06/01 21:44:46 LEADER SENDS REQUEST 3 TO SERVER S2
2026/06/01 21:44:46 LEADER SENDS REQUEST 3 TO SERVER S1
2026/06/01 21:44:46 LEADER SENDS REQUEST 3 TO SERVER S3
2026/06/01 21:44:46 LEADER RECEIVES ACK FROM SERVER S5 FOR REQUEST 3
2026/06/01 21:44:46 LEADER RECEIVES ACK FROM SERVER S1 FOR REQUEST 3
2026/06/01 21:44:46 LEADER RECEIVES ACK FROM SERVER S2 FOR REQUEST 3
2026/06/01 21:44:47 LEADER SENDS REQUEST 0 TO SERVER S5
2026/06/01 21:44:47 LEADER SENDS REQUEST 0 TO SERVER S2
2026/06/01 21:44:47 LEADER SENDS REQUEST 0 TO SERVER S1
2026/06/01 21:44:47 LEADER SENDS REQUEST 0 TO SERVER S3
2026/06/01 21:44:48 LEADER SENDS REQUEST 0 TO SERVER S5
2026/06/01 21:44:48 LEADER SENDS REQUEST 0 TO SERVER S2
2026/06/01 21:44:48 LEADER SENDS REQUEST 0 TO SERVER S1
2026/06/01 21:44:48 LEADER SENDS REQUEST 0 TO SERVER S3
2026/06/01 21:44:49 LEADER SENDS REQUEST 0 TO SERVER S5
2026/06/01 21:44:49 LEADER SENDS REQUEST 0 TO SERVER S2
2026/06/01 21:44:49 LEADER SENDS REQUEST 0 TO SERVER S1
2026/06/01 21:44:49 LEADER SENDS REQUEST 0 TO SERVER S3
2026/06/01 21:44:50 LEADER SENDS REQUEST 0 TO SERVER S5
2026/06/01 21:44:50 LEADER SENDS REQUEST 0 TO SERVER S2
2026/06/01 21:44:50 LEADER SENDS REQUEST 0 TO SERVER S1
2026/06/01 21:44:50 LEADER SENDS REQUEST 0 TO SERVER S3
2026/06/01 21:44:50 LEADER SERVER S4 RECEIVES REQUEST 4 FROM CLIENT
2026/06/01 21:44:50 LEADER SERVER S4 ADDS REQUEST 4 TO LOG ENTRY 57
2026/06/01 21:44:50 LEADER SENDS REQUEST 4 TO SERVER S5
2026/06/01 21:44:50 LEADER SENDS REQUEST 4 TO SERVER S2
2026/06/01 21:44:50 LEADER SENDS REQUEST 4 TO SERVER S1
2026/06/01 21:44:50 LEADER SENDS REQUEST 4 TO SERVER S3
2026/06/01 21:44:50 LEADER RECEIVES ACK FROM SERVER S5 FOR REQUEST 4
2026/06/01 21:44:50 LEADER RECEIVES ACK FROM SERVER S2 FOR REQUEST 4
2026/06/01 21:44:50 LEADER RECEIVES ACK FROM SERVER S1 FOR REQUEST 4
2026/06/01 21:44:51 LEADER SENDS REQUEST 0 TO SERVER S1
2026/06/01 21:44:51 LEADER SENDS REQUEST 0 TO SERVER S5
2026/06/01 21:44:51 LEADER SENDS REQUEST 0 TO SERVER S2
2026/06/01 21:44:51 LEADER SENDS REQUEST 0 TO SERVER S3
2026/06/01 21:44:52 LEADER SENDS REQUEST 0 TO SERVER S5
2026/06/01 21:44:52 LEADER SENDS REQUEST 0 TO SERVER S2
2026/06/01 21:44:52 LEADER SENDS REQUEST 0 TO SERVER S1
2026/06/01 21:44:52 LEADER SENDS REQUEST 0 TO SERVER S3
2026/06/01 21:44:53 LEADER SENDS REQUEST 0 TO SERVER S5
2026/06/01 21:44:53 LEADER SENDS REQUEST 0 TO SERVER S2
2026/06/01 21:44:53 LEADER SENDS REQUEST 0 TO SERVER S1
2026/06/01 21:44:53 LEADER SENDS REQUEST 0 TO SERVER S3
2026/06/01 21:44:53 LEADER SERVER S4 RECEIVES REQUEST 5 FROM CLIENT
2026/06/01 21:44:53 LEADER SERVER S4 ADDS REQUEST 5 TO LOG ENTRY 58
2026/06/01 21:44:53 LEADER SENDS REQUEST 5 TO SERVER S5
2026/06/01 21:44:53 LEADER SENDS REQUEST 5 TO SERVER S2
2026/06/01 21:44:53 LEADER SENDS REQUEST 5 TO SERVER S1
2026/06/01 21:44:53 LEADER SENDS REQUEST 5 TO SERVER S3
2026/06/01 21:44:53 LEADER RECEIVES ACK FROM SERVER S2 FOR REQUEST 5
2026/06/01 21:44:53 LEADER RECEIVES ACK FROM SERVER S5 FOR REQUEST 5
2026/06/01 21:44:53 LEADER RECEIVES ACK FROM SERVER S1 FOR REQUEST 5
2026/06/01 21:44:54 LEADER SENDS REQUEST 0 TO SERVER S5
2026/06/01 21:44:54 LEADER SENDS REQUEST 0 TO SERVER S2
2026/06/01 21:44:54 LEADER SENDS REQUEST 0 TO SERVER S1
2026/06/01 21:44:54 LEADER SENDS REQUEST 0 TO SERVER S3
2026/06/01 21:44:55 LEADER SENDS REQUEST 0 TO SERVER S5
2026/06/01 21:44:55 LEADER SENDS REQUEST 0 TO SERVER S2
2026/06/01 21:44:55 LEADER SENDS REQUEST 0 TO SERVER S1
2026/06/01 21:44:55 LEADER SENDS REQUEST 0 TO SERVER S3
2026/06/01 21:44:56 LEADER SENDS REQUEST 0 TO SERVER S5
2026/06/01 21:44:56 LEADER SENDS REQUEST 0 TO SERVER S2
2026/06/01 21:44:56 LEADER SENDS REQUEST 0 TO SERVER S1
2026/06/01 21:44:56 LEADER SENDS REQUEST 0 TO SERVER S3
2026/06/01 21:44:57 LEADER SENDS REQUEST 0 TO SERVER S5
2026/06/01 21:44:57 LEADER SENDS REQUEST 0 TO SERVER S2
2026/06/01 21:44:57 LEADER SENDS REQUEST 0 TO SERVER S1
2026/06/01 21:44:57 LEADER SENDS REQUEST 0 TO SERVER S3
2026/06/01 21:44:57 LEADER SERVER S4 RECEIVES REQUEST 6 FROM CLIENT
2026/06/01 21:44:57 LEADER SERVER S4 ADDS REQUEST 6 TO LOG ENTRY 59
2026/06/01 21:44:57 LEADER SENDS REQUEST 6 TO SERVER S5
2026/06/01 21:44:57 LEADER SENDS REQUEST 6 TO SERVER S2
2026/06/01 21:44:57 LEADER SENDS REQUEST 6 TO SERVER S1
2026/06/01 21:44:57 LEADER SENDS REQUEST 6 TO SERVER S3
2026/06/01 21:44:57 LEADER RECEIVES ACK FROM SERVER S5 FOR REQUEST 6
2026/06/01 21:44:57 LEADER RECEIVES ACK FROM SERVER S2 FOR REQUEST 6
2026/06/01 21:44:57 LEADER RECEIVES ACK FROM SERVER S1 FOR REQUEST 6
2026/06/01 21:44:58 LEADER SENDS REQUEST 0 TO SERVER S5
2026/06/01 21:44:58 LEADER SENDS REQUEST 0 TO SERVER S2
2026/06/01 21:44:58 LEADER SENDS REQUEST 0 TO SERVER S1
2026/06/01 21:44:58 LEADER SENDS REQUEST 0 TO SERVER S3
2026/06/01 21:44:59 LEADER SENDS REQUEST 0 TO SERVER S5
2026/06/01 21:44:59 LEADER SENDS REQUEST 0 TO SERVER S2
2026/06/01 21:44:59 LEADER SENDS REQUEST 0 TO SERVER S1
2026/06/01 21:44:59 LEADER SENDS REQUEST 0 TO SERVER S3
2026/06/01 21:45:00 LEADER SENDS REQUEST 0 TO SERVER S5
2026/06/01 21:45:00 LEADER SENDS REQUEST 0 TO SERVER S2
2026/06/01 21:45:00 LEADER SENDS REQUEST 0 TO SERVER S1
2026/06/01 21:45:00 LEADER SENDS REQUEST 0 TO SERVER S3
2026/06/01 21:45:00 LEADER SERVER S4 RECEIVES REQUEST 7 FROM CLIENT
2026/06/01 21:45:00 LEADER SERVER S4 ADDS REQUEST 7 TO LOG ENTRY 60
2026/06/01 21:45:00 LEADER SENDS REQUEST 7 TO SERVER S5
2026/06/01 21:45:00 LEADER SENDS REQUEST 7 TO SERVER S2
2026/06/01 21:45:00 LEADER SENDS REQUEST 7 TO SERVER S1
2026/06/01 21:45:00 LEADER SENDS REQUEST 7 TO SERVER S3
2026/06/01 21:45:00 LEADER RECEIVES ACK FROM SERVER S5 FOR REQUEST 7
2026/06/01 21:45:00 LEADER RECEIVES ACK FROM SERVER S2 FOR REQUEST 7
2026/06/01 21:45:00 LEADER RECEIVES ACK FROM SERVER S1 FOR REQUEST 7
2026/06/01 21:45:01 LEADER SENDS REQUEST 0 TO SERVER S5
2026/06/01 21:45:01 LEADER SENDS REQUEST 0 TO SERVER S2
2026/06/01 21:45:01 LEADER SENDS REQUEST 0 TO SERVER S1
2026/06/01 21:45:01 LEADER SENDS REQUEST 0 TO SERVER S3
2026/06/01 21:45:02 LEADER SENDS REQUEST 0 TO SERVER S2
2026/06/01 21:45:02 LEADER SENDS REQUEST 0 TO SERVER S5
2026/06/01 21:45:02 LEADER SENDS REQUEST 0 TO SERVER S3
2026/06/01 21:45:02 LEADER SENDS REQUEST 0 TO SERVER S1
2026/06/01 21:45:03 LEADER SENDS REQUEST 0 TO SERVER S1
2026/06/01 21:45:03 LEADER SENDS REQUEST 0 TO SERVER S2
2026/06/01 21:45:03 LEADER SENDS REQUEST 0 TO SERVER S5
2026/06/01 21:45:03 LEADER SENDS REQUEST 0 TO SERVER S3
2026/06/01 21:45:04 LEADER SENDS REQUEST 0 TO SERVER S2
2026/06/01 21:45:04 LEADER SENDS REQUEST 0 TO SERVER S5
2026/06/01 21:45:04 LEADER SENDS REQUEST 0 TO SERVER S3
2026/06/01 21:45:04 LEADER SENDS REQUEST 0 TO SERVER S1
2026/06/01 21:45:04 LEADER SERVER S4 RECEIVES REQUEST 8 FROM CLIENT
2026/06/01 21:45:04 LEADER SERVER S4 ADDS REQUEST 8 TO LOG ENTRY 61
2026/06/01 21:45:04 LEADER SENDS REQUEST 8 TO SERVER S5
2026/06/01 21:45:04 LEADER SENDS REQUEST 8 TO SERVER S1
2026/06/01 21:45:04 LEADER SENDS REQUEST 8 TO SERVER S2
2026/06/01 21:45:04 LEADER SENDS REQUEST 8 TO SERVER S3
2026/06/01 21:45:04 LEADER RECEIVES ACK FROM SERVER S5 FOR REQUEST 8
2026/06/01 21:45:04 LEADER RECEIVES ACK FROM SERVER S1 FOR REQUEST 8
2026/06/01 21:45:04 LEADER RECEIVES ACK FROM SERVER S2 FOR REQUEST 8
2026/06/01 21:45:05 LEADER SENDS REQUEST 0 TO SERVER S1
2026/06/01 21:45:05 LEADER SENDS REQUEST 0 TO SERVER S5
2026/06/01 21:45:05 LEADER SENDS REQUEST 0 TO SERVER S3
2026/06/01 21:45:05 LEADER SENDS REQUEST 0 TO SERVER S2
2026/06/01 21:45:06 LEADER SENDS REQUEST 0 TO SERVER S5
2026/06/01 21:45:06 LEADER SENDS REQUEST 0 TO SERVER S2
2026/06/01 21:45:06 LEADER SENDS REQUEST 0 TO SERVER S1
2026/06/01 21:45:06 LEADER SENDS REQUEST 0 TO SERVER S3
2026/06/01 21:45:07 LEADER SENDS REQUEST 0 TO SERVER S2
2026/06/01 21:45:07 LEADER SENDS REQUEST 0 TO SERVER S5
2026/06/01 21:45:07 LEADER SENDS REQUEST 0 TO SERVER S3
2026/06/01 21:45:07 LEADER SENDS REQUEST 0 TO SERVER S1
2026/06/01 21:45:07 LEADER SERVER S4 RECEIVES REQUEST 9 FROM CLIENT
2026/06/01 21:45:07 LEADER SERVER S4 ADDS REQUEST 9 TO LOG ENTRY 62
2026/06/01 21:45:07 LEADER SENDS REQUEST 9 TO SERVER S5
2026/06/01 21:45:07 LEADER SENDS REQUEST 9 TO SERVER S2
2026/06/01 21:45:07 LEADER SENDS REQUEST 9 TO SERVER S1
2026/06/01 21:45:07 LEADER SENDS REQUEST 9 TO SERVER S3
2026/06/01 21:45:07 LEADER RECEIVES ACK FROM SERVER S5 FOR REQUEST 9
2026/06/01 21:45:07 LEADER RECEIVES ACK FROM SERVER S2 FOR REQUEST 9
2026/06/01 21:45:07 LEADER RECEIVES ACK FROM SERVER S1 FOR REQUEST 9
2026/06/01 21:45:08 LEADER SENDS REQUEST 0 TO SERVER S5
2026/06/01 21:45:08 LEADER SENDS REQUEST 0 TO SERVER S2
2026/06/01 21:45:08 LEADER SENDS REQUEST 0 TO SERVER S1
2026/06/01 21:45:08 LEADER SENDS REQUEST 0 TO SERVER S3
2026/06/01 21:45:09 LEADER SENDS REQUEST 0 TO SERVER S5
2026/06/01 21:45:09 LEADER SENDS REQUEST 0 TO SERVER S2
2026/06/01 21:45:09 LEADER SENDS REQUEST 0 TO SERVER S1
2026/06/01 21:45:09 LEADER SENDS REQUEST 0 TO SERVER S3
2026/06/01 21:45:10 LEADER SENDS REQUEST 0 TO SERVER S5
2026/06/01 21:45:10 LEADER SENDS REQUEST 0 TO SERVER S1
2026/06/01 21:45:10 LEADER SENDS REQUEST 0 TO SERVER S2
2026/06/01 21:45:10 LEADER SENDS REQUEST 0 TO SERVER S3
2026/06/01 21:45:11 LEADER SENDS REQUEST 0 TO SERVER S2
2026/06/01 21:45:11 LEADER SENDS REQUEST 0 TO SERVER S5
2026/06/01 21:45:11 LEADER SENDS REQUEST 0 TO SERVER S3
2026/06/01 21:45:11 LEADER SENDS REQUEST 0 TO SERVER S1
2026/06/01 21:45:11 LEADER SERVER S4 RECEIVES REQUEST 10 FROM CLIENT
2026/06/01 21:45:11 LEADER SERVER S4 ADDS REQUEST 10 TO LOG ENTRY 63
2026/06/01 21:45:11 LEADER SENDS REQUEST 10 TO SERVER S5
2026/06/01 21:45:11 LEADER SENDS REQUEST 10 TO SERVER S2
2026/06/01 21:45:11 LEADER SENDS REQUEST 10 TO SERVER S1
2026/06/01 21:45:11 LEADER SENDS REQUEST 10 TO SERVER S3
2026/06/01 21:45:11 LEADER RECEIVES ACK FROM SERVER S5 FOR REQUEST 10
2026/06/01 21:45:11 LEADER RECEIVES ACK FROM SERVER S1 FOR REQUEST 10
2026/06/01 21:45:11 LEADER RECEIVES ACK FROM SERVER S2 FOR REQUEST 10
2026/06/01 21:45:12 LEADER SENDS REQUEST 0 TO SERVER S5
2026/06/01 21:45:12 LEADER SENDS REQUEST 0 TO SERVER S2
2026/06/01 21:45:12 LEADER SENDS REQUEST 0 TO SERVER S1
2026/06/01 21:45:12 LEADER SENDS REQUEST 0 TO SERVER S3
2026/06/01 21:45:13 LEADER SENDS REQUEST 0 TO SERVER S5
2026/06/01 21:45:13 LEADER SENDS REQUEST 0 TO SERVER S2
2026/06/01 21:45:13 LEADER SENDS REQUEST 0 TO SERVER S3
2026/06/01 21:45:13 LEADER SENDS REQUEST 0 TO SERVER S1
2026/06/01 21:45:14 LEADER SENDS REQUEST 0 TO SERVER S1
2026/06/01 21:45:14 LEADER SENDS REQUEST 0 TO SERVER S5
2026/06/01 21:45:14 LEADER SENDS REQUEST 0 TO SERVER S3
2026/06/01 21:45:14 LEADER SENDS REQUEST 0 TO SERVER S2
2026/06/01 21:45:14 LEADER SERVER S4 RECEIVES REQUEST 11 FROM CLIENT
2026/06/01 21:45:14 LEADER SERVER S4 ADDS REQUEST 11 TO LOG ENTRY 64
2026/06/01 21:45:14 LEADER SENDS REQUEST 11 TO SERVER S5
2026/06/01 21:45:14 LEADER SENDS REQUEST 11 TO SERVER S2
2026/06/01 21:45:14 LEADER SENDS REQUEST 11 TO SERVER S1
2026/06/01 21:45:14 LEADER SENDS REQUEST 11 TO SERVER S3
2026/06/01 21:45:14 LEADER RECEIVES ACK FROM SERVER S5 FOR REQUEST 11
2026/06/01 21:45:14 LEADER RECEIVES ACK FROM SERVER S2 FOR REQUEST 11
2026/06/01 21:45:14 LEADER RECEIVES ACK FROM SERVER S1 FOR REQUEST 11
2026/06/01 21:45:15 LEADER SENDS REQUEST 0 TO SERVER S5
2026/06/01 21:45:15 LEADER SENDS REQUEST 0 TO SERVER S1
2026/06/01 21:45:15 LEADER SENDS REQUEST 0 TO SERVER S2
2026/06/01 21:45:15 LEADER SENDS REQUEST 0 TO SERVER S3
2026/06/01 21:45:14 LEADER SENDS REQUEST 0 TO SERVER S5
2026/06/01 21:45:14 LEADER SENDS REQUEST 0 TO SERVER S2
2026/06/01 21:45:14 LEADER SENDS REQUEST 0 TO SERVER S1
2026/06/01 21:45:14 LEADER SENDS REQUEST 0 TO SERVER S3
2026/06/01 21:45:15 LEADER SENDS REQUEST 0 TO SERVER S5
2026/06/01 21:45:15 LEADER SENDS REQUEST 0 TO SERVER S2
2026/06/01 21:45:15 LEADER SENDS REQUEST 0 TO SERVER S1
2026/06/01 21:45:15 LEADER SENDS REQUEST 0 TO SERVER S3
2026/06/01 21:45:16 LEADER SENDS REQUEST 0 TO SERVER S5
2026/06/01 21:45:16 LEADER SENDS REQUEST 0 TO SERVER S3
2026/06/01 21:45:16 LEADER SENDS REQUEST 0 TO SERVER S2
2026/06/01 21:45:16 LEADER SENDS REQUEST 0 TO SERVER S1
2026/06/01 21:45:16 LEADER SERVER S4 RECEIVES REQUEST 12 FROM CLIENT
2026/06/01 21:45:16 LEADER SERVER S4 ADDS REQUEST 12 TO LOG ENTRY 65
2026/06/01 21:45:16 LEADER SENDS REQUEST 12 TO SERVER S5
2026/06/01 21:45:16 LEADER SENDS REQUEST 12 TO SERVER S2
2026/06/01 21:45:16 LEADER SENDS REQUEST 12 TO SERVER S1
2026/06/01 21:45:16 LEADER SENDS REQUEST 12 TO SERVER S3
2026/06/01 21:45:17 LEADER RECEIVES ACK FROM SERVER S5 FOR REQUEST 12
2026/06/01 21:45:17 LEADER RECEIVES ACK FROM SERVER S2 FOR REQUEST 12
2026/06/01 21:45:17 LEADER RECEIVES ACK FROM SERVER S1 FOR REQUEST 12
2026/06/01 21:45:17 LEADER SENDS REQUEST 0 TO SERVER S1
2026/06/01 21:45:17 LEADER SENDS REQUEST 0 TO SERVER S5
2026/06/01 21:45:17 LEADER SENDS REQUEST 0 TO SERVER S2
2026/06/01 21:45:17 LEADER SENDS REQUEST 0 TO SERVER S3
2026/06/01 21:45:18 LEADER SENDS REQUEST 0 TO SERVER S1
2026/06/01 21:45:18 LEADER SENDS REQUEST 0 TO SERVER S5
2026/06/01 21:45:18 LEADER SENDS REQUEST 0 TO SERVER S2
2026/06/01 21:45:18 LEADER SENDS REQUEST 0 TO SERVER S3
2026/06/01 21:45:19 LEADER SENDS REQUEST 0 TO SERVER S2
2026/06/01 21:45:19 LEADER SENDS REQUEST 0 TO SERVER S5
2026/06/01 21:45:19 LEADER SENDS REQUEST 0 TO SERVER S1
2026/06/01 21:45:19 LEADER SENDS REQUEST 0 TO SERVER S3
2026/06/01 21:45:20 LEADER SERVER S4 RECEIVES REQUEST 13 FROM CLIENT
2026/06/01 21:45:20 LEADER SERVER S4 ADDS REQUEST 13 TO LOG ENTRY 66
2026/06/01 21:45:20 LEADER SENDS REQUEST 13 TO SERVER S1
2026/06/01 21:45:20 LEADER SENDS REQUEST 13 TO SERVER S5
2026/06/01 21:45:20 LEADER SENDS REQUEST 13 TO SERVER S2
2026/06/01 21:45:20 LEADER SENDS REQUEST 13 TO SERVER S3
2026/06/01 21:45:20 LEADER RECEIVES ACK FROM SERVER S2 FOR REQUEST 13
2026/06/01 21:45:20 LEADER RECEIVES ACK FROM SERVER S1 FOR REQUEST 13
2026/06/01 21:45:20 LEADER RECEIVES ACK FROM SERVER S5 FOR REQUEST 13
2026/06/01 21:45:20 LEADER SENDS REQUEST 0 TO SERVER S1
2026/06/01 21:45:20 LEADER SENDS REQUEST 0 TO SERVER S5
2026/06/01 21:45:20 LEADER SENDS REQUEST 0 TO SERVER S3
2026/06/01 21:45:20 LEADER SENDS REQUEST 0 TO SERVER S2
2026/06/01 21:45:21 LEADER SENDS REQUEST 0 TO SERVER S5
2026/06/01 21:45:21 LEADER SENDS REQUEST 0 TO SERVER S1
2026/06/01 21:45:21 LEADER SENDS REQUEST 0 TO SERVER S3
2026/06/01 21:45:21 LEADER SENDS REQUEST 0 TO SERVER S2
2026/06/01 21:45:22 LEADER SENDS REQUEST 0 TO SERVER S5
2026/06/01 21:45:22 LEADER SENDS REQUEST 0 TO SERVER S2
2026/06/01 21:45:22 LEADER SENDS REQUEST 0 TO SERVER S3
2026/06/01 21:45:22 LEADER SENDS REQUEST 0 TO SERVER S1
2026/06/01 21:45:23 LEADER SENDS REQUEST 0 TO SERVER S5
2026/06/01 21:45:23 LEADER SENDS REQUEST 0 TO SERVER S2
2026/06/01 21:45:23 LEADER SENDS REQUEST 0 TO SERVER S1
2026/06/01 21:45:23 LEADER SENDS REQUEST 0 TO SERVER S3
2026/06/01 21:45:23 LEADER SERVER S4 RECEIVES REQUEST 14 FROM CLIENT
2026/06/01 21:45:23 LEADER SERVER S4 ADDS REQUEST 14 TO LOG ENTRY 67
2026/06/01 21:45:23 LEADER SENDS REQUEST 14 TO SERVER S5
2026/06/01 21:45:23 LEADER SENDS REQUEST 14 TO SERVER S2
2026/06/01 21:45:23 LEADER SENDS REQUEST 14 TO SERVER S3
2026/06/01 21:45:23 LEADER SENDS REQUEST 14 TO SERVER S1
2026/06/01 21:45:23 LEADER RECEIVES ACK FROM SERVER S2 FOR REQUEST 14
2026/06/01 21:45:23 LEADER RECEIVES ACK FROM SERVER S5 FOR REQUEST 14
2026/06/01 21:45:24 LEADER RECEIVES ACK FROM SERVER S1 FOR REQUEST 14
2026/06/01 21:45:24 LEADER SENDS REQUEST 0 TO SERVER S2
2026/06/01 21:45:24 LEADER SENDS REQUEST 0 TO SERVER S5
2026/06/01 21:45:24 LEADER SENDS REQUEST 0 TO SERVER S3
2026/06/01 21:45:24 LEADER SENDS REQUEST 0 TO SERVER S1
2026/06/01 21:45:25 LEADER SENDS REQUEST 0 TO SERVER S2
2026/06/01 21:45:25 LEADER SENDS REQUEST 0 TO SERVER S5
2026/06/01 21:45:25 LEADER SENDS REQUEST 0 TO SERVER S1
2026/06/01 21:45:25 LEADER SENDS REQUEST 0 TO SERVER S3
2026/06/01 21:45:26 LEADER SENDS REQUEST 0 TO SERVER S5
2026/06/01 21:45:26 LEADER SENDS REQUEST 0 TO SERVER S1
2026/06/01 21:45:26 LEADER SENDS REQUEST 0 TO SERVER S2
2026/06/01 21:45:26 LEADER SENDS REQUEST 0 TO SERVER S3
2026/06/01 21:45:27 LEADER SERVER S4 RECEIVES REQUEST 15 FROM CLIENT
2026/06/01 21:45:27 LEADER SERVER S4 ADDS REQUEST 15 TO LOG ENTRY 68
2026/06/01 21:45:27 LEADER SENDS REQUEST 15 TO SERVER S5
2026/06/01 21:45:27 LEADER SENDS REQUEST 15 TO SERVER S2
2026/06/01 21:45:27 LEADER SENDS REQUEST 15 TO SERVER S1
2026/06/01 21:45:27 LEADER SENDS REQUEST 15 TO SERVER S3
2026/06/01 21:45:27 LEADER RECEIVES ACK FROM SERVER S1 FOR REQUEST 15
2026/06/01 21:45:27 LEADER RECEIVES ACK FROM SERVER S5 FOR REQUEST 15
2026/06/01 21:45:27 LEADER RECEIVES ACK FROM SERVER S2 FOR REQUEST 15
2026/06/01 21:45:27 LEADER SENDS REQUEST 0 TO SERVER S3
2026/06/01 21:45:27 LEADER SENDS REQUEST 0 TO SERVER S2
2026/06/01 21:45:27 LEADER SENDS REQUEST 0 TO SERVER S1
2026/06/01 21:45:27 LEADER SENDS REQUEST 0 TO SERVER S5
2026/06/01 21:45:28 LEADER SENDS REQUEST 0 TO SERVER S5
2026/06/01 21:45:28 LEADER SENDS REQUEST 0 TO SERVER S2
2026/06/01 21:45:28 LEADER SENDS REQUEST 0 TO SERVER S1
2026/06/01 21:45:28 LEADER SENDS REQUEST 0 TO SERVER S3
2026/06/01 21:45:29 LEADER SENDS REQUEST 0 TO SERVER S1
2026/06/01 21:45:29 LEADER SENDS REQUEST 0 TO SERVER S5
2026/06/01 21:45:29 LEADER SENDS REQUEST 0 TO SERVER S2
2026/06/01 21:45:29 LEADER SENDS REQUEST 0 TO SERVER S3
2026/06/01 21:45:30 LEADER SENDS REQUEST 0 TO SERVER S5
2026/06/01 21:45:30 LEADER SENDS REQUEST 0 TO SERVER S2
2026/06/01 21:45:30 LEADER SENDS REQUEST 0 TO SERVER S1
2026/06/01 21:45:30 LEADER SENDS REQUEST 0 TO SERVER S3
2026/06/01 21:45:30 LEADER SERVER S4 RECEIVES REQUEST 16 FROM CLIENT
2026/06/01 21:45:30 LEADER SERVER S4 ADDS REQUEST 16 TO LOG ENTRY 69
2026/06/01 21:45:30 LEADER SENDS REQUEST 16 TO SERVER S5
2026/06/01 21:45:30 LEADER SENDS REQUEST 16 TO SERVER S2
2026/06/01 21:45:30 LEADER SENDS REQUEST 16 TO SERVER S1
2026/06/01 21:45:30 LEADER SENDS REQUEST 16 TO SERVER S3
2026/06/01 21:45:30 LEADER RECEIVES ACK FROM SERVER S1 FOR REQUEST 16
2026/06/01 21:45:30 LEADER RECEIVES ACK FROM SERVER S5 FOR REQUEST 16
2026/06/01 21:45:30 LEADER RECEIVES ACK FROM SERVER S2 FOR REQUEST 16
2026/06/01 21:45:31 LEADER SENDS REQUEST 0 TO SERVER S5
2026/06/01 21:45:31 LEADER SENDS REQUEST 0 TO SERVER S2
2026/06/01 21:45:31 LEADER SENDS REQUEST 0 TO SERVER S1
2026/06/01 21:45:31 LEADER SENDS REQUEST 0 TO SERVER S3
2026/06/01 21:45:32 LEADER SENDS REQUEST 0 TO SERVER S2
2026/06/01 21:45:32 LEADER SENDS REQUEST 0 TO SERVER S5
2026/06/01 21:45:32 LEADER SENDS REQUEST 0 TO SERVER S1
2026/06/01 21:45:32 LEADER SENDS REQUEST 0 TO SERVER S3
2026/06/01 21:45:33 LEADER SENDS REQUEST 0 TO SERVER S5
2026/06/01 21:45:33 LEADER SENDS REQUEST 0 TO SERVER S2
2026/06/01 21:45:33 LEADER SENDS REQUEST 0 TO SERVER S1
2026/06/01 21:45:33 LEADER SENDS REQUEST 0 TO SERVER S3
2026/06/01 21:45:34 LEADER SERVER S4 RECEIVES REQUEST 17 FROM CLIENT
2026/06/01 21:45:34 LEADER SERVER S4 ADDS REQUEST 17 TO LOG ENTRY 70
2026/06/01 21:45:34 LEADER SENDS REQUEST 17 TO SERVER S5
2026/06/01 21:45:34 LEADER SENDS REQUEST 17 TO SERVER S2
2026/06/01 21:45:34 LEADER SENDS REQUEST 17 TO SERVER S1
2026/06/01 21:45:34 LEADER SENDS REQUEST 17 TO SERVER S3
2026/06/01 21:45:34 LEADER RECEIVES ACK FROM SERVER S2 FOR REQUEST 17
2026/06/01 21:45:34 LEADER RECEIVES ACK FROM SERVER S5 FOR REQUEST 17
2026/06/01 21:45:34 LEADER RECEIVES ACK FROM SERVER S1 FOR REQUEST 17
2026/06/01 21:45:34 LEADER SENDS REQUEST 0 TO SERVER S5
2026/06/01 21:45:34 LEADER SENDS REQUEST 0 TO SERVER S1
2026/06/01 21:45:34 LEADER SENDS REQUEST 0 TO SERVER S3
2026/06/01 21:45:34 LEADER SENDS REQUEST 0 TO SERVER S2
2026/06/01 21:45:35 LEADER SENDS REQUEST 0 TO SERVER S2
2026/06/01 21:45:35 LEADER SENDS REQUEST 0 TO SERVER S5
2026/06/01 21:45:35 LEADER SENDS REQUEST 0 TO SERVER S1
2026/06/01 21:45:35 LEADER SENDS REQUEST 0 TO SERVER S3
2026/06/01 21:45:36 LEADER SENDS REQUEST 0 TO SERVER S5
2026/06/01 21:45:36 LEADER SENDS REQUEST 0 TO SERVER S2
2026/06/01 21:45:36 LEADER SENDS REQUEST 0 TO SERVER S1
2026/06/01 21:45:36 LEADER SENDS REQUEST 0 TO SERVER S3
2026/06/01 21:45:37 LEADER SENDS REQUEST 0 TO SERVER S1
2026/06/01 21:45:37 LEADER SENDS REQUEST 0 TO SERVER S5
2026/06/01 21:45:37 LEADER SENDS REQUEST 0 TO SERVER S2
2026/06/01 21:45:37 LEADER SENDS REQUEST 0 TO SERVER S3
2026/06/01 21:45:37 LEADER SERVER S4 RECEIVES REQUEST 18 FROM CLIENT
2026/06/01 21:45:38 LEADER SERVER S4 ADDS REQUEST 18 TO LOG ENTRY 71
2026/06/01 21:45:38 LEADER SENDS REQUEST 18 TO SERVER S5
2026/06/01 21:45:38 LEADER SENDS REQUEST 18 TO SERVER S2
2026/06/01 21:45:38 LEADER SENDS REQUEST 18 TO SERVER S1
2026/06/01 21:45:38 LEADER SENDS REQUEST 18 TO SERVER S3
2026/06/01 21:45:38 LEADER RECEIVES ACK FROM SERVER S5 FOR REQUEST 18
2026/06/01 21:45:38 LEADER RECEIVES ACK FROM SERVER S1 FOR REQUEST 18
2026/06/01 21:45:38 LEADER RECEIVES ACK FROM SERVER S2 FOR REQUEST 18
2026/06/01 21:45:38 LEADER SENDS REQUEST 0 TO SERVER S5
2026/06/01 21:45:38 LEADER SENDS REQUEST 0 TO SERVER S1
2026/06/01 21:45:38 LEADER SENDS REQUEST 0 TO SERVER S2
2026/06/01 21:45:38 LEADER SENDS REQUEST 0 TO SERVER S3
2026/06/01 21:45:39 LEADER SENDS REQUEST 0 TO SERVER S5
2026/06/01 21:45:39 LEADER SENDS REQUEST 0 TO SERVER S2
2026/06/01 21:45:39 LEADER SENDS REQUEST 0 TO SERVER S3
2026/06/01 21:45:39 LEADER SENDS REQUEST 0 TO SERVER S1
2026/06/01 21:45:40 LEADER SENDS REQUEST 0 TO SERVER S5
2026/06/01 21:45:40 LEADER SENDS REQUEST 0 TO SERVER S2
2026/06/01 21:45:40 LEADER SENDS REQUEST 0 TO SERVER S1
2026/06/01 21:45:40 LEADER SENDS REQUEST 0 TO SERVER S3
2026/06/01 21:45:41 LEADER SERVER S4 RECEIVES REQUEST 19 FROM CLIENT
2026/06/01 21:45:41 LEADER SERVER S4 ADDS REQUEST 19 TO LOG ENTRY 72
2026/06/01 21:45:41 LEADER SENDS REQUEST 19 TO SERVER S5
2026/06/01 21:45:41 LEADER SENDS REQUEST 19 TO SERVER S2
2026/06/01 21:45:41 LEADER SENDS REQUEST 19 TO SERVER S3
2026/06/01 21:45:41 LEADER SENDS REQUEST 19 TO SERVER S1
2026/06/01 21:45:41 LEADER RECEIVES ACK FROM SERVER S5 FOR REQUEST 19
2026/06/01 21:45:41 LEADER RECEIVES ACK FROM SERVER S2 FOR REQUEST 19
2026/06/01 21:45:41 LEADER RECEIVES ACK FROM SERVER S1 FOR REQUEST 19
2026/06/01 21:45:41 LEADER SENDS REQUEST 0 TO SERVER S1
2026/06/01 21:45:41 LEADER SENDS REQUEST 0 TO SERVER S2
2026/06/01 21:45:41 LEADER SENDS REQUEST 0 TO SERVER S3
2026/06/01 21:45:41 LEADER SENDS REQUEST 0 TO SERVER S5
2026/06/01 21:45:42 LEADER SENDS REQUEST 0 TO SERVER S2
2026/06/01 21:45:42 LEADER SENDS REQUEST 0 TO SERVER S5
2026/06/01 21:45:42 LEADER SENDS REQUEST 0 TO SERVER S3
2026/06/01 21:45:42 LEADER SENDS REQUEST 0 TO SERVER S1
2026/06/01 21:45:43 LEADER SENDS REQUEST 0 TO SERVER S5
2026/06/01 21:45:43 LEADER SENDS REQUEST 0 TO SERVER S2
2026/06/01 21:45:43 LEADER SENDS REQUEST 0 TO SERVER S1
2026/06/01 21:45:43 LEADER SENDS REQUEST 0 TO SERVER S3
2026/06/01 21:45:43 LEADER SENDS REQUEST 0 TO SERVER S2
2026/06/01 21:45:43 LEADER SENDS REQUEST 0 TO SERVER S1
2026/06/01 21:45:43 LEADER SENDS REQUEST 0 TO SERVER S3
2026/06/01 21:45:43 LEADER SENDS REQUEST 0 TO SERVER S5
2026/06/01 21:45:43 LEADER SERVER S4 RECEIVES REQUEST 20 FROM CLIENT
2026/06/01 21:45:43 LEADER SERVER S4 ADDS REQUEST 20 TO LOG ENTRY 73
2026/06/01 21:45:43 LEADER SENDS REQUEST 20 TO SERVER S5
2026/06/01 21:45:43 LEADER SENDS REQUEST 20 TO SERVER S2
2026/06/01 21:45:43 LEADER SENDS REQUEST 20 TO SERVER S1
2026/06/01 21:45:43 LEADER SENDS REQUEST 20 TO SERVER S3
2026/06/01 21:45:43 LEADER RECEIVES ACK FROM SERVER S2 FOR REQUEST 20
2026/06/01 21:45:43 LEADER RECEIVES ACK FROM SERVER S1 FOR REQUEST 20
2026/06/01 21:45:43 LEADER RECEIVES ACK FROM SERVER S5 FOR REQUEST 20
2026/06/01 21:45:44 LEADER SENDS REQUEST 0 TO SERVER S5
2026/06/01 21:45:44 LEADER SENDS REQUEST 0 TO SERVER S2
2026/06/01 21:45:44 LEADER SENDS REQUEST 0 TO SERVER S1
2026/06/01 21:45:44 LEADER SENDS REQUEST 0 TO SERVER S3
2026/06/01 21:45:45 LEADER SENDS REQUEST 0 TO SERVER S5
2026/06/01 21:45:45 LEADER SENDS REQUEST 0 TO SERVER S2
2026/06/01 21:45:45 LEADER SENDS REQUEST 0 TO SERVER S3
2026/06/01 21:45:45 LEADER SENDS REQUEST 0 TO SERVER S1
2026/06/01 21:45:46 LEADER SENDS REQUEST 0 TO SERVER S5
2026/06/01 21:45:46 LEADER SENDS REQUEST 0 TO SERVER S2
2026/06/01 21:45:46 LEADER SENDS REQUEST 0 TO SERVER S1
2026/06/01 21:45:46 LEADER SENDS REQUEST 0 TO SERVER S3
2026/06/01 21:45:47 LEADER SERVER S4 RECEIVES REQUEST 21 FROM CLIENT
2026/06/01 21:45:47 LEADER SERVER S4 ADDS REQUEST 21 TO LOG ENTRY 74
2026/06/01 21:45:47 LEADER SENDS REQUEST 21 TO SERVER S5
2026/06/01 21:45:47 LEADER SENDS REQUEST 21 TO SERVER S2
2026/06/01 21:45:47 LEADER SENDS REQUEST 21 TO SERVER S1
2026/06/01 21:45:47 LEADER SENDS REQUEST 21 TO SERVER S3
2026/06/01 21:45:47 LEADER RECEIVES ACK FROM SERVER S5 FOR REQUEST 21
2026/06/01 21:45:47 LEADER RECEIVES ACK FROM SERVER S2 FOR REQUEST 21
2026/06/01 21:45:47 LEADER RECEIVES ACK FROM SERVER S1 FOR REQUEST 21
2026/06/01 21:45:47 LEADER SENDS REQUEST 0 TO SERVER S1
2026/06/01 21:45:47 LEADER SENDS REQUEST 0 TO SERVER S5
2026/06/01 21:45:47 LEADER SENDS REQUEST 0 TO SERVER S2
2026/06/01 21:45:47 LEADER SENDS REQUEST 0 TO SERVER S3
2026/06/01 21:45:48 LEADER SENDS REQUEST 0 TO SERVER S1
2026/06/01 21:45:48 LEADER SENDS REQUEST 0 TO SERVER S2
2026/06/01 21:45:48 LEADER SENDS REQUEST 0 TO SERVER S5
2026/06/01 21:45:48 LEADER SENDS REQUEST 0 TO SERVER S3
2026/06/01 21:45:49 LEADER SENDS REQUEST 0 TO SERVER S5
2026/06/01 21:45:49 LEADER SENDS REQUEST 0 TO SERVER S2
2026/06/01 21:45:49 LEADER SENDS REQUEST 0 TO SERVER S1
2026/06/01 21:45:49 LEADER SENDS REQUEST 0 TO SERVER S3
2026/06/01 21:45:50 LEADER SENDS REQUEST 0 TO SERVER S5
2026/06/01 21:45:50 LEADER SENDS REQUEST 0 TO SERVER S2
2026/06/01 21:45:50 LEADER SENDS REQUEST 0 TO SERVER S1
2026/06/01 21:45:50 LEADER SENDS REQUEST 0 TO SERVER S3
2026/06/01 21:45:50 LEADER SERVER S4 RECEIVES REQUEST 22 FROM CLIENT
2026/06/01 21:45:50 LEADER SERVER S4 ADDS REQUEST 22 TO LOG ENTRY 75
2026/06/01 21:45:50 LEADER SENDS REQUEST 22 TO SERVER S5
2026/06/01 21:45:50 LEADER SENDS REQUEST 22 TO SERVER S2
2026/06/01 21:45:50 LEADER SENDS REQUEST 22 TO SERVER S1
2026/06/01 21:45:50 LEADER SENDS REQUEST 22 TO SERVER S3
2026/06/01 21:45:50 LEADER RECEIVES ACK FROM SERVER S5 FOR REQUEST 22
2026/06/01 21:45:50 LEADER RECEIVES ACK FROM SERVER S1 FOR REQUEST 22
2026/06/01 21:45:50 LEADER RECEIVES ACK FROM SERVER S2 FOR REQUEST 22
2026/06/01 21:45:51 LEADER SENDS REQUEST 0 TO SERVER S5
2026/06/01 21:45:51 LEADER SENDS REQUEST 0 TO SERVER S2
2026/06/01 21:45:51 LEADER SENDS REQUEST 0 TO SERVER S1
2026/06/01 21:45:51 LEADER SENDS REQUEST 0 TO SERVER S3
2026/06/01 21:45:52 LEADER SENDS REQUEST 0 TO SERVER S5
2026/06/01 21:45:52 LEADER SENDS REQUEST 0 TO SERVER S2
2026/06/01 21:45:52 LEADER SENDS REQUEST 0 TO SERVER S1
2026/06/01 21:45:52 LEADER SENDS REQUEST 0 TO SERVER S3
2026/06/01 21:45:53 LEADER SENDS REQUEST 0 TO SERVER S5
2026/06/01 21:45:53 LEADER SENDS REQUEST 0 TO SERVER S2
2026/06/01 21:45:53 LEADER SENDS REQUEST 0 TO SERVER S1
2026/06/01 21:45:53 LEADER SENDS REQUEST 0 TO SERVER S3
2026/06/01 21:45:54 LEADER SERVER S4 RECEIVES REQUEST 23 FROM CLIENT
2026/06/01 21:45:54 LEADER SERVER S4 ADDS REQUEST 23 TO LOG ENTRY 76
2026/06/01 21:45:54 LEADER SENDS REQUEST 23 TO SERVER S5
2026/06/01 21:45:54 LEADER SENDS REQUEST 23 TO SERVER S2
2026/06/01 21:45:54 LEADER SENDS REQUEST 23 TO SERVER S1
2026/06/01 21:45:54 LEADER SENDS REQUEST 23 TO SERVER S3
2026/06/01 21:45:54 LEADER RECEIVES ACK FROM SERVER S2 FOR REQUEST 23
2026/06/01 21:45:54 LEADER RECEIVES ACK FROM SERVER S1 FOR REQUEST 23
2026/06/01 21:45:54 LEADER RECEIVES ACK FROM SERVER S5 FOR REQUEST 23
2026/06/01 21:45:54 LEADER SENDS REQUEST 0 TO SERVER S2
2026/06/01 21:45:54 LEADER SENDS REQUEST 0 TO SERVER S5
2026/06/01 21:45:54 LEADER SENDS REQUEST 0 TO SERVER S3
2026/06/01 21:45:54 LEADER SENDS REQUEST 0 TO SERVER S1
2026/06/01 21:45:55 LEADER SENDS REQUEST 0 TO SERVER S5
2026/06/01 21:45:55 LEADER SENDS REQUEST 0 TO SERVER S2
2026/06/01 21:45:55 LEADER SENDS REQUEST 0 TO SERVER S1
2026/06/01 21:45:55 LEADER SENDS REQUEST 0 TO SERVER S3
2026/06/01 21:45:56 LEADER SENDS REQUEST 0 TO SERVER S5
2026/06/01 21:45:56 LEADER SENDS REQUEST 0 TO SERVER S2
2026/06/01 21:45:56 LEADER SENDS REQUEST 0 TO SERVER S1
2026/06/01 21:45:56 LEADER SENDS REQUEST 0 TO SERVER S3
2026/06/01 21:45:57 LEADER SENDS REQUEST 0 TO SERVER S3
2026/06/01 21:45:57 LEADER SENDS REQUEST 0 TO SERVER S1
2026/06/01 21:45:57 LEADER SENDS REQUEST 0 TO SERVER S5
2026/06/01 21:45:57 LEADER SENDS REQUEST 0 TO SERVER S2
2026/06/01 21:45:57 LEADER SERVER S4 RECEIVES REQUEST 24 FROM CLIENT
2026/06/01 21:45:57 LEADER SERVER S4 ADDS REQUEST 24 TO LOG ENTRY 77
2026/06/01 21:45:57 LEADER SENDS REQUEST 24 TO SERVER S5
2026/06/01 21:45:57 LEADER SENDS REQUEST 24 TO SERVER S2
2026/06/01 21:45:57 LEADER SENDS REQUEST 24 TO SERVER S1
2026/06/01 21:45:57 LEADER SENDS REQUEST 24 TO SERVER S3
2026/06/01 21:45:57 LEADER RECEIVES ACK FROM SERVER S1 FOR REQUEST 24
2026/06/01 21:45:57 LEADER RECEIVES ACK FROM SERVER S5 FOR REQUEST 24
2026/06/01 21:45:57 LEADER RECEIVES ACK FROM SERVER S2 FOR REQUEST 24
2026/06/01 21:45:58 LEADER SENDS REQUEST 0 TO SERVER S5
2026/06/01 21:45:58 LEADER SENDS REQUEST 0 TO SERVER S3
2026/06/01 21:45:58 LEADER SENDS REQUEST 0 TO SERVER S1
2026/06/01 21:45:58 LEADER SENDS REQUEST 0 TO SERVER S2
2026/06/01 21:45:59 LEADER SENDS REQUEST 0 TO SERVER S5
2026/06/01 21:45:59 LEADER SENDS REQUEST 0 TO SERVER S2
2026/06/01 21:45:59 LEADER SENDS REQUEST 0 TO SERVER S1
2026/06/01 21:45:59 LEADER SENDS REQUEST 0 TO SERVER S3
2026/06/01 21:46:00 LEADER SENDS REQUEST 0 TO SERVER S5
2026/06/01 21:46:00 LEADER SENDS REQUEST 0 TO SERVER S2
2026/06/01 21:46:00 LEADER SENDS REQUEST 0 TO SERVER S1
2026/06/01 21:46:00 LEADER SENDS REQUEST 0 TO SERVER S3
2026/06/01 21:46:01 LEADER SERVER S4 RECEIVES REQUEST 25 FROM CLIENT
2026/06/01 21:46:01 LEADER SERVER S4 ADDS REQUEST 25 TO LOG ENTRY 78
2026/06/01 21:46:01 LEADER SENDS REQUEST 25 TO SERVER S5
2026/06/01 21:46:01 LEADER SENDS REQUEST 25 TO SERVER S2
2026/06/01 21:46:01 LEADER SENDS REQUEST 25 TO SERVER S1
2026/06/01 21:46:01 LEADER SENDS REQUEST 25 TO SERVER S3
2026/06/01 21:46:01 LEADER RECEIVES ACK FROM SERVER S2 FOR REQUEST 25
2026/06/01 21:46:01 LEADER RECEIVES ACK FROM SERVER S1 FOR REQUEST 25
2026/06/01 21:46:01 LEADER RECEIVES ACK FROM SERVER S5 FOR REQUEST 25
2026/06/01 21:46:01 LEADER SENDS REQUEST 0 TO SERVER S5
2026/06/01 21:46:01 LEADER SENDS REQUEST 0 TO SERVER S2
2026/06/01 21:46:01 LEADER SENDS REQUEST 0 TO SERVER S3
2026/06/01 21:46:01 LEADER SENDS REQUEST 0 TO SERVER S1
2026/06/01 21:46:02 LEADER SENDS REQUEST 0 TO SERVER S5
2026/06/01 21:46:02 LEADER SENDS REQUEST 0 TO SERVER S2
2026/06/01 21:46:02 LEADER SENDS REQUEST 0 TO SERVER S1
2026/06/01 21:46:02 LEADER SENDS REQUEST 0 TO SERVER S3
2026/06/01 21:46:03 LEADER SENDS REQUEST 0 TO SERVER S5
2026/06/01 21:46:03 LEADER SENDS REQUEST 0 TO SERVER S2
2026/06/01 21:46:03 LEADER SENDS REQUEST 0 TO SERVER S1
2026/06/01 21:46:03 LEADER SENDS REQUEST 0 TO SERVER S3
2026/06/01 21:46:04 LEADER SENDS REQUEST 0 TO SERVER S5
2026/06/01 21:46:04 LEADER SENDS REQUEST 0 TO SERVER S2
2026/06/01 21:46:04 LEADER SENDS REQUEST 0 TO SERVER S1
2026/06/01 21:46:04 LEADER SENDS REQUEST 0 TO SERVER S3
2026/06/01 21:46:04 LEADER SERVER S4 RECEIVES REQUEST 26 FROM CLIENT
2026/06/01 21:46:04 LEADER SERVER S4 ADDS REQUEST 26 TO LOG ENTRY 79
2026/06/01 21:46:04 LEADER SENDS REQUEST 26 TO SERVER S5
2026/06/01 21:46:04 LEADER SENDS REQUEST 26 TO SERVER S2
2026/06/01 21:46:04 LEADER SENDS REQUEST 26 TO SERVER S1
2026/06/01 21:46:04 LEADER SENDS REQUEST 26 TO SERVER S3
2026/06/01 21:46:04 LEADER RECEIVES ACK FROM SERVER S5 FOR REQUEST 26
2026/06/01 21:46:04 LEADER RECEIVES ACK FROM SERVER S2 FOR REQUEST 26
2026/06/01 21:46:04 LEADER RECEIVES ACK FROM SERVER S1 FOR REQUEST 26
2026/06/01 21:46:05 LEADER SENDS REQUEST 0 TO SERVER S5
2026/06/01 21:46:05 LEADER SENDS REQUEST 0 TO SERVER S2
2026/06/01 21:46:05 LEADER SENDS REQUEST 0 TO SERVER S1
2026/06/01 21:46:05 LEADER SENDS REQUEST 0 TO SERVER S3
2026/06/01 21:46:06 LEADER SENDS REQUEST 0 TO SERVER S1
2026/06/01 21:46:06 LEADER SENDS REQUEST 0 TO SERVER S2
2026/06/01 21:46:06 LEADER SENDS REQUEST 0 TO SERVER S3
2026/06/01 21:46:06 LEADER SENDS REQUEST 0 TO SERVER S5
2026/06/01 21:46:07 LEADER SENDS REQUEST 0 TO SERVER S5
2026/06/01 21:46:07 LEADER SENDS REQUEST 0 TO SERVER S2
2026/06/01 21:46:07 LEADER SENDS REQUEST 0 TO SERVER S1
2026/06/01 21:46:07 LEADER SENDS REQUEST 0 TO SERVER S3
2026/06/01 21:46:08 LEADER SERVER S4 RECEIVES REQUEST 27 FROM CLIENT
2026/06/01 21:46:08 LEADER SERVER S4 ADDS REQUEST 27 TO LOG ENTRY 80
2026/06/01 21:46:08 LEADER SENDS REQUEST 27 TO SERVER S5
2026/06/01 21:46:08 LEADER SENDS REQUEST 27 TO SERVER S2
2026/06/01 21:46:08 LEADER SENDS REQUEST 27 TO SERVER S1
2026/06/01 21:46:08 LEADER SENDS REQUEST 27 TO SERVER S3
2026/06/01 21:46:08 LEADER RECEIVES ACK FROM SERVER S2 FOR REQUEST 27
2026/06/01 21:46:08 LEADER RECEIVES ACK FROM SERVER S1 FOR REQUEST 27
2026/06/01 21:46:08 LEADER RECEIVES ACK FROM SERVER S5 FOR REQUEST 27
2026/06/01 21:46:08 LEADER SENDS REQUEST 0 TO SERVER S5
2026/06/01 21:46:08 LEADER SENDS REQUEST 0 TO SERVER S2
2026/06/01 21:46:08 LEADER SENDS REQUEST 0 TO SERVER S1
2026/06/01 21:46:08 LEADER SENDS REQUEST 0 TO SERVER S3
2026/06/01 21:46:09 LEADER SENDS REQUEST 0 TO SERVER S5
2026/06/01 21:46:09 LEADER SENDS REQUEST 0 TO SERVER S2
2026/06/01 21:46:09 LEADER SENDS REQUEST 0 TO SERVER S1
2026/06/01 21:46:09 LEADER SENDS REQUEST 0 TO SERVER S3
2026/06/01 21:46:10 LEADER SENDS REQUEST 0 TO SERVER S5
2026/06/01 21:46:10 LEADER SENDS REQUEST 0 TO SERVER S2
2026/06/01 21:46:10 LEADER SENDS REQUEST 0 TO SERVER S1
2026/06/01 21:46:10 LEADER SENDS REQUEST 0 TO SERVER S3
2026/06/01 21:46:11 LEADER SENDS REQUEST 0 TO SERVER S5
2026/06/01 21:46:11 LEADER SENDS REQUEST 0 TO SERVER S2
2026/06/01 21:46:11 LEADER SENDS REQUEST 0 TO SERVER S1
2026/06/01 21:46:11 LEADER SENDS REQUEST 0 TO SERVER S3
2026/06/01 21:46:11 LEADER SERVER S4 RECEIVES REQUEST 28 FROM CLIENT
2026/06/01 21:46:11 LEADER SERVER S4 ADDS REQUEST 28 TO LOG ENTRY 81
2026/06/01 21:46:11 LEADER SENDS REQUEST 28 TO SERVER S5
2026/06/01 21:46:11 LEADER SENDS REQUEST 28 TO SERVER S2
2026/06/01 21:46:11 LEADER SENDS REQUEST 28 TO SERVER S1
2026/06/01 21:46:11 LEADER SENDS REQUEST 28 TO SERVER S3
2026/06/01 21:46:11 LEADER RECEIVES ACK FROM SERVER S5 FOR REQUEST 28
2026/06/01 21:46:11 LEADER RECEIVES ACK FROM SERVER S2 FOR REQUEST 28
2026/06/01 21:46:11 LEADER RECEIVES ACK FROM SERVER S1 FOR REQUEST 28
2026/06/01 21:46:12 LEADER SENDS REQUEST 0 TO SERVER S5
2026/06/01 21:46:12 LEADER SENDS REQUEST 0 TO SERVER S2
2026/06/01 21:46:12 LEADER SENDS REQUEST 0 TO SERVER S3
2026/06/01 21:46:12 LEADER SENDS REQUEST 0 TO SERVER S1
2026/06/01 21:46:12 LEADER SENDS REQUEST 0 TO SERVER S5
2026/06/01 21:46:12 LEADER SENDS REQUEST 0 TO SERVER S2
2026/06/01 21:46:12 LEADER SENDS REQUEST 0 TO SERVER S1
2026/06/01 21:46:12 LEADER SENDS REQUEST 0 TO SERVER S3
2026/06/01 21:46:13 LEADER SENDS REQUEST 0 TO SERVER S5
2026/06/01 21:46:13 LEADER SENDS REQUEST 0 TO SERVER S2
2026/06/01 21:46:13 LEADER SENDS REQUEST 0 TO SERVER S1
2026/06/01 21:46:13 LEADER SENDS REQUEST 0 TO SERVER S3
2026/06/01 21:46:13 LEADER SERVER S4 RECEIVES REQUEST 29 FROM CLIENT
2026/06/01 21:46:13 LEADER SERVER S4 ADDS REQUEST 29 TO LOG ENTRY 82
2026/06/01 21:46:13 LEADER SENDS REQUEST 29 TO SERVER S5
2026/06/01 21:46:13 LEADER SENDS REQUEST 29 TO SERVER S2
2026/06/01 21:46:13 LEADER SENDS REQUEST 29 TO SERVER S1
2026/06/01 21:46:13 LEADER SENDS REQUEST 29 TO SERVER S3
2026/06/01 21:46:13 LEADER RECEIVES ACK FROM SERVER S5 FOR REQUEST 29
2026/06/01 21:46:13 LEADER RECEIVES ACK FROM SERVER S1 FOR REQUEST 29
2026/06/01 21:46:13 LEADER RECEIVES ACK FROM SERVER S2 FOR REQUEST 29
2026/06/01 21:46:14 LEADER SENDS REQUEST 0 TO SERVER S1
2026/06/01 21:46:14 LEADER SENDS REQUEST 0 TO SERVER S5
2026/06/01 21:46:14 LEADER SENDS REQUEST 0 TO SERVER S2
2026/06/01 21:46:14 LEADER SENDS REQUEST 0 TO SERVER S3
2026/06/01 21:46:15 LEADER SENDS REQUEST 0 TO SERVER S5
2026/06/01 21:46:15 LEADER SENDS REQUEST 0 TO SERVER S2
2026/06/01 21:46:15 LEADER SENDS REQUEST 0 TO SERVER S1
2026/06/01 21:46:15 LEADER SENDS REQUEST 0 TO SERVER S3
2026/06/01 21:46:16 LEADER SENDS REQUEST 0 TO SERVER S5
2026/06/01 21:46:16 LEADER SENDS REQUEST 0 TO SERVER S2
2026/06/01 21:46:16 LEADER SENDS REQUEST 0 TO SERVER S1
2026/06/01 21:46:16 LEADER SENDS REQUEST 0 TO SERVER S3
2026/06/01 21:46:17 LEADER SENDS REQUEST 0 TO SERVER S5
2026/06/01 21:46:17 LEADER SENDS REQUEST 0 TO SERVER S2
2026/06/01 21:46:17 LEADER SENDS REQUEST 0 TO SERVER S1
2026/06/01 21:46:17 LEADER SENDS REQUEST 0 TO SERVER S3
2026/06/01 21:46:17 LEADER SERVER S4 RECEIVES REQUEST 30 FROM CLIENT
2026/06/01 21:46:17 LEADER SERVER S4 ADDS REQUEST 30 TO LOG ENTRY 83
2026/06/01 21:46:17 LEADER SENDS REQUEST 30 TO SERVER S5
2026/06/01 21:46:17 LEADER SENDS REQUEST 30 TO SERVER S2
2026/06/01 21:46:17 LEADER SENDS REQUEST 30 TO SERVER S1
2026/06/01 21:46:17 LEADER SENDS REQUEST 30 TO SERVER S3
2026/06/01 21:46:17 LEADER RECEIVES ACK FROM SERVER S5 FOR REQUEST 30
2026/06/01 21:46:17 LEADER RECEIVES ACK FROM SERVER S2 FOR REQUEST 30
2026/06/01 21:46:17 LEADER RECEIVES ACK FROM SERVER S1 FOR REQUEST 30
2026/06/01 21:46:18 LEADER SENDS REQUEST 0 TO SERVER S5
2026/06/01 21:46:18 LEADER SENDS REQUEST 0 TO SERVER S2
2026/06/01 21:46:18 LEADER SENDS REQUEST 0 TO SERVER S1
2026/06/01 21:46:18 LEADER SENDS REQUEST 0 TO SERVER S3
2026/06/01 21:46:19 LEADER SENDS REQUEST 0 TO SERVER S5
2026/06/01 21:46:19 LEADER SENDS REQUEST 0 TO SERVER S2
2026/06/01 21:46:19 LEADER SENDS REQUEST 0 TO SERVER S1
2026/06/01 21:46:19 LEADER SENDS REQUEST 0 TO SERVER S3
2026/06/01 21:46:20 LEADER SENDS REQUEST 0 TO SERVER S1
2026/06/01 21:46:20 LEADER SENDS REQUEST 0 TO SERVER S5
2026/06/01 21:46:20 LEADER SENDS REQUEST 0 TO SERVER S2
2026/06/01 21:46:20 LEADER SENDS REQUEST 0 TO SERVER S3
2026/06/01 21:46:20 LEADER SERVER S4 RECEIVES REQUEST 31 FROM CLIENT
2026/06/01 21:46:20 LEADER SERVER S4 ADDS REQUEST 31 TO LOG ENTRY 84
2026/06/01 21:46:20 LEADER SENDS REQUEST 31 TO SERVER S5
2026/06/01 21:46:20 LEADER SENDS REQUEST 31 TO SERVER S2
2026/06/01 21:46:20 LEADER SENDS REQUEST 31 TO SERVER S1
2026/06/01 21:46:20 LEADER SENDS REQUEST 31 TO SERVER S3
2026/06/01 21:46:20 LEADER RECEIVES ACK FROM SERVER S5 FOR REQUEST 31
2026/06/01 21:46:20 LEADER RECEIVES ACK FROM SERVER S2 FOR REQUEST 31
2026/06/01 21:46:20 LEADER RECEIVES ACK FROM SERVER S1 FOR REQUEST 31
2026/06/01 21:46:21 LEADER SENDS REQUEST 0 TO SERVER S5
2026/06/01 21:46:21 LEADER SENDS REQUEST 0 TO SERVER S2
2026/06/01 21:46:21 LEADER SENDS REQUEST 0 TO SERVER S1
2026/06/01 21:46:21 LEADER SENDS REQUEST 0 TO SERVER S3
2026/06/01 21:46:22 LEADER SENDS REQUEST 0 TO SERVER S5
2026/06/01 21:46:22 LEADER SENDS REQUEST 0 TO SERVER S2
2026/06/01 21:46:22 LEADER SENDS REQUEST 0 TO SERVER S1
2026/06/01 21:46:22 LEADER SENDS REQUEST 0 TO SERVER S3
2026/06/01 21:46:23 LEADER SENDS REQUEST 0 TO SERVER S5
2026/06/01 21:46:23 LEADER SENDS REQUEST 0 TO SERVER S2
2026/06/01 21:46:23 LEADER SENDS REQUEST 0 TO SERVER S1
2026/06/01 21:46:23 LEADER SENDS REQUEST 0 TO SERVER S3
2026/06/01 21:46:24 LEADER SENDS REQUEST 0 TO SERVER S5
2026/06/01 21:46:24 LEADER SENDS REQUEST 0 TO SERVER S2
2026/06/01 21:46:24 LEADER SENDS REQUEST 0 TO SERVER S1
2026/06/01 21:46:24 LEADER SENDS REQUEST 0 TO SERVER S3
2026/06/01 21:46:24 LEADER SERVER S4 RECEIVES REQUEST 32 FROM CLIENT
2026/06/01 21:46:24 LEADER SERVER S4 ADDS REQUEST 32 TO LOG ENTRY 85
2026/06/01 21:46:24 LEADER SENDS REQUEST 32 TO SERVER S5
2026/06/01 21:46:24 LEADER SENDS REQUEST 32 TO SERVER S2
2026/06/01 21:46:24 LEADER SENDS REQUEST 32 TO SERVER S1
2026/06/01 21:46:24 LEADER SENDS REQUEST 32 TO SERVER S3
2026/06/01 21:46:24 LEADER RECEIVES ACK FROM SERVER S5 FOR REQUEST 32
2026/06/01 21:46:24 LEADER RECEIVES ACK FROM SERVER S2 FOR REQUEST 32
2026/06/01 21:46:24 LEADER RECEIVES ACK FROM SERVER S1 FOR REQUEST 32
2026/06/01 21:46:25 LEADER SENDS REQUEST 0 TO SERVER S5
2026/06/01 21:46:25 LEADER SENDS REQUEST 0 TO SERVER S2
2026/06/01 21:46:25 LEADER SENDS REQUEST 0 TO SERVER S1
2026/06/01 21:46:25 LEADER SENDS REQUEST 0 TO SERVER S3
2026/06/01 21:46:26 LEADER SENDS REQUEST 0 TO SERVER S5
2026/06/01 21:46:26 LEADER SENDS REQUEST 0 TO SERVER S2
2026/06/01 21:46:26 LEADER SENDS REQUEST 0 TO SERVER S1
2026/06/01 21:46:26 LEADER SENDS REQUEST 0 TO SERVER S3
2026/06/01 21:46:27 LEADER SENDS REQUEST 0 TO SERVER S5
2026/06/01 21:46:27 LEADER SENDS REQUEST 0 TO SERVER S2
2026/06/01 21:46:27 LEADER SENDS REQUEST 0 TO SERVER S1
2026/06/01 21:46:27 LEADER SENDS REQUEST 0 TO SERVER S3
2026/06/01 21:46:27 LEADER SERVER S4 RECEIVES REQUEST 33 FROM CLIENT
2026/06/01 21:46:27 LEADER SERVER S4 ADDS REQUEST 33 TO LOG ENTRY 86
2026/06/01 21:46:27 LEADER SENDS REQUEST 33 TO SERVER S5
2026/06/01 21:46:27 LEADER SENDS REQUEST 33 TO SERVER S2
2026/06/01 21:46:27 LEADER SENDS REQUEST 33 TO SERVER S1
2026/06/01 21:46:27 LEADER SENDS REQUEST 33 TO SERVER S3
2026/06/01 21:46:27 LEADER RECEIVES ACK FROM SERVER S5 FOR REQUEST 33
2026/06/01 21:46:27 LEADER RECEIVES ACK FROM SERVER S1 FOR REQUEST 33
2026/06/01 21:46:27 LEADER RECEIVES ACK FROM SERVER S2 FOR REQUEST 33
2026/06/01 21:46:28 LEADER SENDS REQUEST 0 TO SERVER S5
2026/06/01 21:46:28 LEADER SENDS REQUEST 0 TO SERVER S2
2026/06/01 21:46:28 LEADER SENDS REQUEST 0 TO SERVER S1
2026/06/01 21:46:28 LEADER SENDS REQUEST 0 TO SERVER S3
2026/06/01 21:46:29 LEADER SENDS REQUEST 0 TO SERVER S5
2026/06/01 21:46:29 LEADER SENDS REQUEST 0 TO SERVER S2
2026/06/01 21:46:29 LEADER SENDS REQUEST 0 TO SERVER S1
2026/06/01 21:46:29 LEADER SENDS REQUEST 0 TO SERVER S3
2026/06/01 21:46:30 LEADER SENDS REQUEST 0 TO SERVER S5
2026/06/01 21:46:30 LEADER SENDS REQUEST 0 TO SERVER S2
2026/06/01 21:46:30 LEADER SENDS REQUEST 0 TO SERVER S1
2026/06/01 21:46:30 LEADER SENDS REQUEST 0 TO SERVER S3
2026/06/01 21:46:31 LEADER SENDS REQUEST 0 TO SERVER S5
2026/06/01 21:46:31 LEADER SENDS REQUEST 0 TO SERVER S2
2026/06/01 21:46:31 LEADER SENDS REQUEST 0 TO SERVER S1
2026/06/01 21:46:31 LEADER SENDS REQUEST 0 TO SERVER S3
2026/06/01 21:46:31 LEADER SERVER S4 RECEIVES REQUEST 34 FROM CLIENT
2026/06/01 21:46:31 LEADER SERVER S4 ADDS REQUEST 34 TO LOG ENTRY 87
2026/06/01 21:46:31 LEADER SENDS REQUEST 34 TO SERVER S5
2026/06/01 21:46:31 LEADER SENDS REQUEST 34 TO SERVER S2
2026/06/01 21:46:31 LEADER SENDS REQUEST 34 TO SERVER S1
2026/06/01 21:46:31 LEADER SENDS REQUEST 34 TO SERVER S3
2026/06/01 21:46:31 LEADER RECEIVES ACK FROM SERVER S5 FOR REQUEST 34
2026/06/01 21:46:31 LEADER RECEIVES ACK FROM SERVER S2 FOR REQUEST 34
2026/06/01 21:46:31 LEADER RECEIVES ACK FROM SERVER S1 FOR REQUEST 34
2026/06/01 21:46:32 LEADER SENDS REQUEST 0 TO SERVER S5
2026/06/01 21:46:32 LEADER SENDS REQUEST 0 TO SERVER S2
2026/06/01 21:46:32 LEADER SENDS REQUEST 0 TO SERVER S1
2026/06/01 21:46:32 LEADER SENDS REQUEST 0 TO SERVER S3
2026/06/01 21:46:33 LEADER SENDS REQUEST 0 TO SERVER S5
2026/06/01 21:46:33 LEADER SENDS REQUEST 0 TO SERVER S2
2026/06/01 21:46:33 LEADER SENDS REQUEST 0 TO SERVER S1
2026/06/01 21:46:33 LEADER SENDS REQUEST 0 TO SERVER S3
2026/06/01 21:46:34 LEADER SENDS REQUEST 0 TO SERVER S5
2026/06/01 21:46:34 LEADER SENDS REQUEST 0 TO SERVER S2
2026/06/01 21:46:34 LEADER SENDS REQUEST 0 TO SERVER S1
2026/06/01 21:46:34 LEADER SENDS REQUEST 0 TO SERVER S3
2026/06/01 21:46:34 LEADER SERVER S4 RECEIVES REQUEST 35 FROM CLIENT
2026/06/01 21:46:34 LEADER SERVER S4 ADDS REQUEST 35 TO LOG ENTRY 88
2026/06/01 21:46:34 LEADER SENDS REQUEST 35 TO SERVER S5
2026/06/01 21:46:34 LEADER SENDS REQUEST 35 TO SERVER S2
2026/06/01 21:46:34 LEADER SENDS REQUEST 35 TO SERVER S1
2026/06/01 21:46:34 LEADER SENDS REQUEST 35 TO SERVER S3
2026/06/01 21:46:34 LEADER RECEIVES ACK FROM SERVER S1 FOR REQUEST 35
2026/06/01 21:46:34 LEADER RECEIVES ACK FROM SERVER S5 FOR REQUEST 35
2026/06/01 21:46:34 LEADER RECEIVES ACK FROM SERVER S2 FOR REQUEST 35
2026/06/01 21:46:35 LEADER SENDS REQUEST 0 TO SERVER S5
2026/06/01 21:46:35 LEADER SENDS REQUEST 0 TO SERVER S2
2026/06/01 21:46:35 LEADER SENDS REQUEST 0 TO SERVER S1
2026/06/01 21:46:35 LEADER SENDS REQUEST 0 TO SERVER S3
2026/06/01 21:46:36 LEADER SENDS REQUEST 0 TO SERVER S5
2026/06/01 21:46:36 LEADER SENDS REQUEST 0 TO SERVER S2
2026/06/01 21:46:36 LEADER SENDS REQUEST 0 TO SERVER S1
2026/06/01 21:46:36 LEADER SENDS REQUEST 0 TO SERVER S3
2026/06/01 21:46:37 LEADER SENDS REQUEST 0 TO SERVER S5
2026/06/01 21:46:37 LEADER SENDS REQUEST 0 TO SERVER S2
2026/06/01 21:46:37 LEADER SENDS REQUEST 0 TO SERVER S1
2026/06/01 21:46:37 LEADER SENDS REQUEST 0 TO SERVER S3
2026/06/01 21:46:38 LEADER SENDS REQUEST 0 TO SERVER S5
2026/06/01 21:46:38 LEADER SENDS REQUEST 0 TO SERVER S2
2026/06/01 21:46:38 LEADER SENDS REQUEST 0 TO SERVER S1
2026/06/01 21:46:38 LEADER SENDS REQUEST 0 TO SERVER S3
2026/06/01 21:46:38 LEADER SERVER S4 RECEIVES REQUEST 36 FROM CLIENT
2026/06/01 21:46:38 LEADER SERVER S4 ADDS REQUEST 36 TO LOG ENTRY 89
2026/06/01 21:46:38 LEADER SENDS REQUEST 36 TO SERVER S5
2026/06/01 21:46:38 LEADER SENDS REQUEST 36 TO SERVER S2
2026/06/01 21:46:38 LEADER SENDS REQUEST 36 TO SERVER S1
2026/06/01 21:46:38 LEADER SENDS REQUEST 36 TO SERVER S3
2026/06/01 21:46:38 LEADER RECEIVES ACK FROM SERVER S2 FOR REQUEST 36
2026/06/01 21:46:38 LEADER RECEIVES ACK FROM SERVER S5 FOR REQUEST 36
2026/06/01 21:46:38 LEADER RECEIVES ACK FROM SERVER S1 FOR REQUEST 36
2026/06/01 21:46:39 LEADER SENDS REQUEST 0 TO SERVER S5
2026/06/01 21:46:39 LEADER SENDS REQUEST 0 TO SERVER S2
2026/06/01 21:46:39 LEADER SENDS REQUEST 0 TO SERVER S1
2026/06/01 21:46:39 LEADER SENDS REQUEST 0 TO SERVER S3
2026/06/01 21:46:40 LEADER SENDS REQUEST 0 TO SERVER S5
2026/06/01 21:46:40 LEADER SENDS REQUEST 0 TO SERVER S2
2026/06/01 21:46:40 LEADER SENDS REQUEST 0 TO SERVER S1
2026/06/01 21:46:40 LEADER SENDS REQUEST 0 TO SERVER S3
2026/06/01 21:46:41 LEADER SENDS REQUEST 0 TO SERVER S5
2026/06/01 21:46:41 LEADER SENDS REQUEST 0 TO SERVER S2
2026/06/01 21:46:41 LEADER SENDS REQUEST 0 TO SERVER S1
2026/06/01 21:46:41 LEADER SENDS REQUEST 0 TO SERVER S3
2026/06/01 21:46:40 LEADER SERVER S4 RECEIVES REQUEST 37 FROM CLIENT
2026/06/01 21:46:40 LEADER SERVER S4 ADDS REQUEST 37 TO LOG ENTRY 90
2026/06/01 21:46:40 LEADER SENDS REQUEST 37 TO SERVER S5
2026/06/01 21:46:40 LEADER SENDS REQUEST 37 TO SERVER S2
2026/06/01 21:46:40 LEADER SENDS REQUEST 37 TO SERVER S1
2026/06/01 21:46:40 LEADER SENDS REQUEST 37 TO SERVER S3
2026/06/01 21:46:40 LEADER RECEIVES ACK FROM SERVER S2 FOR REQUEST 37
2026/06/01 21:46:40 LEADER RECEIVES ACK FROM SERVER S5 FOR REQUEST 37
2026/06/01 21:46:40 LEADER RECEIVES ACK FROM SERVER S1 FOR REQUEST 37
2026/06/01 21:46:40 LEADER SENDS REQUEST 0 TO SERVER S5
2026/06/01 21:46:40 LEADER SENDS REQUEST 0 TO SERVER S2
2026/06/01 21:46:40 LEADER SENDS REQUEST 0 TO SERVER S1
2026/06/01 21:46:40 LEADER SENDS REQUEST 0 TO SERVER S3
2026/06/01 21:46:41 LEADER SENDS REQUEST 0 TO SERVER S5
2026/06/01 21:46:41 LEADER SENDS REQUEST 0 TO SERVER S2
2026/06/01 21:46:41 LEADER SENDS REQUEST 0 TO SERVER S1
2026/06/01 21:46:41 LEADER SENDS REQUEST 0 TO SERVER S3
2026/06/01 21:46:42 LEADER SENDS REQUEST 0 TO SERVER S5
2026/06/01 21:46:42 LEADER SENDS REQUEST 0 TO SERVER S2
2026/06/01 21:46:42 LEADER SENDS REQUEST 0 TO SERVER S1
2026/06/01 21:46:42 LEADER SENDS REQUEST 0 TO SERVER S3
2026/06/01 21:46:43 LEADER SENDS REQUEST 0 TO SERVER S5
2026/06/01 21:46:43 LEADER SENDS REQUEST 0 TO SERVER S2
2026/06/01 21:46:43 LEADER SENDS REQUEST 0 TO SERVER S1
2026/06/01 21:46:43 LEADER SENDS REQUEST 0 TO SERVER S3
2026/06/01 21:46:44 LEADER SERVER S4 RECEIVES REQUEST 38 FROM CLIENT
2026/06/01 21:46:44 LEADER SERVER S4 ADDS REQUEST 38 TO LOG ENTRY 91
2026/06/01 21:46:44 LEADER SENDS REQUEST 38 TO SERVER S5
2026/06/01 21:46:44 LEADER SENDS REQUEST 38 TO SERVER S2
2026/06/01 21:46:44 LEADER SENDS REQUEST 38 TO SERVER S1
2026/06/01 21:46:44 LEADER SENDS REQUEST 38 TO SERVER S3
2026/06/01 21:46:44 LEADER RECEIVES ACK FROM SERVER S5 FOR REQUEST 38
2026/06/01 21:46:44 LEADER RECEIVES ACK FROM SERVER S1 FOR REQUEST 38
2026/06/01 21:46:44 LEADER RECEIVES ACK FROM SERVER S2 FOR REQUEST 38
2026/06/01 21:46:44 LEADER SENDS REQUEST 0 TO SERVER S2
2026/06/01 21:46:44 LEADER SENDS REQUEST 0 TO SERVER S5
2026/06/01 21:46:44 LEADER SENDS REQUEST 0 TO SERVER S1
2026/06/01 21:46:44 LEADER SENDS REQUEST 0 TO SERVER S3
2026/06/01 21:46:46 LEADER SENDS REQUEST 0 TO SERVER S5
2026/06/01 21:46:46 LEADER SENDS REQUEST 0 TO SERVER S2
2026/06/01 21:46:46 LEADER SENDS REQUEST 0 TO SERVER S1
2026/06/01 21:46:46 LEADER SENDS REQUEST 0 TO SERVER S3
2026/06/01 21:46:46 LEADER SENDS REQUEST 0 TO SERVER S5
2026/06/01 21:46:46 LEADER SENDS REQUEST 0 TO SERVER S2
2026/06/01 21:46:46 LEADER SENDS REQUEST 0 TO SERVER S1
2026/06/01 21:46:46 LEADER SENDS REQUEST 0 TO SERVER S3
2026/06/01 21:46:47 LEADER SERVER S4 RECEIVES REQUEST 39 FROM CLIENT
2026/06/01 21:46:47 LEADER SERVER S4 ADDS REQUEST 39 TO LOG ENTRY 92
2026/06/01 21:46:47 LEADER SENDS REQUEST 39 TO SERVER S5
2026/06/01 21:46:47 LEADER SENDS REQUEST 39 TO SERVER S2
2026/06/01 21:46:47 LEADER SENDS REQUEST 39 TO SERVER S1
2026/06/01 21:46:47 LEADER SENDS REQUEST 39 TO SERVER S3
2026/06/01 21:46:47 LEADER RECEIVES ACK FROM SERVER S1 FOR REQUEST 39
2026/06/01 21:46:47 LEADER RECEIVES ACK FROM SERVER S2 FOR REQUEST 39
2026/06/01 21:46:47 LEADER RECEIVES ACK FROM SERVER S5 FOR REQUEST 39
2026/06/01 21:46:47 LEADER SENDS REQUEST 0 TO SERVER S5
2026/06/01 21:46:47 LEADER SENDS REQUEST 0 TO SERVER S2
2026/06/01 21:46:47 LEADER SENDS REQUEST 0 TO SERVER S1
2026/06/01 21:46:47 LEADER SENDS REQUEST 0 TO SERVER S3
2026/06/01 21:46:48 LEADER SENDS REQUEST 0 TO SERVER S5
2026/06/01 21:46:48 LEADER SENDS REQUEST 0 TO SERVER S2
2026/06/01 21:46:48 LEADER SENDS REQUEST 0 TO SERVER S3
2026/06/01 21:46:48 LEADER SENDS REQUEST 0 TO SERVER S1
2026/06/01 21:46:49 LEADER SENDS REQUEST 0 TO SERVER S5
2026/06/01 21:46:49 LEADER SENDS REQUEST 0 TO SERVER S2
2026/06/01 21:46:49 LEADER SENDS REQUEST 0 TO SERVER S1
2026/06/01 21:46:49 LEADER SENDS REQUEST 0 TO SERVER S3
2026/06/01 21:46:50 LEADER SENDS REQUEST 0 TO SERVER S5
2026/06/01 21:46:50 LEADER SENDS REQUEST 0 TO SERVER S2
2026/06/01 21:46:50 LEADER SENDS REQUEST 0 TO SERVER S1
2026/06/01 21:46:50 LEADER SENDS REQUEST 0 TO SERVER S3
2026/06/01 21:46:51 LEADER SERVER S4 RECEIVES REQUEST 40 FROM CLIENT
2026/06/01 21:46:51 LEADER SERVER S4 ADDS REQUEST 40 TO LOG ENTRY 93
2026/06/01 21:46:51 LEADER SENDS REQUEST 40 TO SERVER S5
2026/06/01 21:46:51 LEADER SENDS REQUEST 40 TO SERVER S2
2026/06/01 21:46:51 LEADER SENDS REQUEST 40 TO SERVER S1
2026/06/01 21:46:51 LEADER SENDS REQUEST 40 TO SERVER S3
2026/06/01 21:46:51 LEADER RECEIVES ACK FROM SERVER S2 FOR REQUEST 40
2026/06/01 21:46:51 LEADER RECEIVES ACK FROM SERVER S5 FOR REQUEST 40
2026/06/01 21:46:51 LEADER RECEIVES ACK FROM SERVER S1 FOR REQUEST 40
2026/06/01 21:46:51 LEADER SENDS REQUEST 0 TO SERVER S2
2026/06/01 21:46:51 LEADER SENDS REQUEST 0 TO SERVER S5
2026/06/01 21:46:51 LEADER SENDS REQUEST 0 TO SERVER S3
2026/06/01 21:46:51 LEADER SENDS REQUEST 0 TO SERVER S1
2026/06/01 21:46:52 LEADER SENDS REQUEST 0 TO SERVER S5
2026/06/01 21:46:52 LEADER SENDS REQUEST 0 TO SERVER S2
2026/06/01 21:46:52 LEADER SENDS REQUEST 0 TO SERVER S1
2026/06/01 21:46:52 LEADER SENDS REQUEST 0 TO SERVER S3
2026/06/01 21:46:53 LEADER SENDS REQUEST 0 TO SERVER S5
2026/06/01 21:46:53 LEADER SENDS REQUEST 0 TO SERVER S2
2026/06/01 21:46:53 LEADER SENDS REQUEST 0 TO SERVER S3
2026/06/01 21:46:53 LEADER SENDS REQUEST 0 TO SERVER S1
2026/06/01 21:46:54 LEADER SERVER S4 RECEIVES REQUEST 41 FROM CLIENT
2026/06/01 21:46:54 LEADER SERVER S4 ADDS REQUEST 41 TO LOG ENTRY 94
2026/06/01 21:46:54 LEADER SENDS REQUEST 41 TO SERVER S5
2026/06/01 21:46:54 LEADER SENDS REQUEST 41 TO SERVER S2
2026/06/01 21:46:54 LEADER SENDS REQUEST 41 TO SERVER S1
2026/06/01 21:46:54 LEADER SENDS REQUEST 41 TO SERVER S3
2026/06/01 21:46:54 LEADER RECEIVES ACK FROM SERVER S5 FOR REQUEST 41
2026/06/01 21:46:54 LEADER RECEIVES ACK FROM SERVER S2 FOR REQUEST 41
2026/06/01 21:46:54 LEADER RECEIVES ACK FROM SERVER S1 FOR REQUEST 41
2026/06/01 21:46:54 LEADER SENDS REQUEST 0 TO SERVER S5
2026/06/01 21:46:54 LEADER SENDS REQUEST 0 TO SERVER S2
2026/06/01 21:46:54 LEADER SENDS REQUEST 0 TO SERVER S1
2026/06/01 21:46:54 LEADER SENDS REQUEST 0 TO SERVER S3
2026/06/01 21:46:55 LEADER SENDS REQUEST 0 TO SERVER S5
2026/06/01 21:46:55 LEADER SENDS REQUEST 0 TO SERVER S1
2026/06/01 21:46:55 LEADER SENDS REQUEST 0 TO SERVER S2
2026/06/01 21:46:55 LEADER SENDS REQUEST 0 TO SERVER S3
2026/06/01 21:46:56 LEADER SENDS REQUEST 0 TO SERVER S5
2026/06/01 21:46:56 LEADER SENDS REQUEST 0 TO SERVER S2
2026/06/01 21:46:56 LEADER SENDS REQUEST 0 TO SERVER S1
2026/06/01 21:46:56 LEADER SENDS REQUEST 0 TO SERVER S3
2026/06/01 21:46:57 LEADER SENDS REQUEST 0 TO SERVER S5
2026/06/01 21:46:57 LEADER SENDS REQUEST 0 TO SERVER S2
2026/06/01 21:46:57 LEADER SENDS REQUEST 0 TO SERVER S1
2026/06/01 21:46:57 LEADER SENDS REQUEST 0 TO SERVER S3
2026/06/01 21:46:58 LEADER SENDS REQUEST 0 TO SERVER S1
2026/06/01 21:46:58 LEADER SENDS REQUEST 0 TO SERVER S2
2026/06/01 21:46:58 LEADER SENDS REQUEST 0 TO SERVER S3
2026/06/01 21:46:58 LEADER SENDS REQUEST 0 TO SERVER S5
2026/06/01 21:46:59 LEADER SENDS REQUEST 0 TO SERVER S5
2026/06/01 21:46:59 LEADER SENDS REQUEST 0 TO SERVER S2
2026/06/01 21:46:59 LEADER SENDS REQUEST 0 TO SERVER S1
2026/06/01 21:46:59 LEADER SENDS REQUEST 0 TO SERVER S3
2026/06/01 21:47:00 LEADER SENDS REQUEST 0 TO SERVER S1
2026/06/01 21:47:00 LEADER SENDS REQUEST 0 TO SERVER S5
2026/06/01 21:47:00 LEADER SENDS REQUEST 0 TO SERVER S2
2026/06/01 21:47:00 LEADER SENDS REQUEST 0 TO SERVER S3
