2026/06/01 21:41:19 FOLLOWER S3 RECEIVES REQUEST 1
2026/06/01 21:41:19 FOLLOWER S3 RECEIVES REQUEST 2
2026/06/01 21:41:20 FOLLOWER S3 RECEIVES REQUEST 3
2026/06/01 21:41:27 FOLLOWER S3 RECEIVES REQUEST 4
2026/06/01 21:41:30 FOLLOWER S3 RECEIVES REQUEST 5
2026/06/01 21:41:34 FOLLOWER S3 RECEIVES REQUEST 6
2026/06/01 21:41:37 FOLLOWER S3 RECEIVES REQUEST 7
2026/06/01 21:41:41 FOLLOWER S3 RECEIVES REQUEST 8
2026/06/01 21:41:44 FOLLOWER S3 RECEIVES REQUEST 9
2026/06/01 21:41:48 FOLLOWER S3 RECEIVES REQUEST 10
2026/06/01 21:41:51 FOLLOWER S3 RECEIVES REQUEST 11
2026/06/01 21:41:54 FOLLOWER S3 RECEIVES REQUEST 12
2026/06/01 21:41:57 FOLLOWER S3 RECEIVES REQUEST 13
2026/06/01 21:42:01 FOLLOWER S3 RECEIVES REQUEST 14
2026/06/01 21:42:04 FOLLOWER S3 RECEIVES REQUEST 15
2026/06/01 21:42:08 FOLLOWER S3 RECEIVES REQUEST 16
2026/06/01 21:42:11 FOLLOWER S3 RECEIVES REQUEST 17
2026/06/01 21:42:15 FOLLOWER S3 RECEIVES REQUEST 18
2026/06/01 21:42:18 FOLLOWER S3 RECEIVES REQUEST 19
2026/06/01 21:42:22 FOLLOWER S3 RECEIVES REQUEST 20
2026/06/01 21:42:24 FOLLOWER S3 RECEIVES REQUEST 21
2026/06/01 21:42:27 FOLLOWER S3 RECEIVES REQUEST 22
2026/06/01 21:42:34 SERVER S3 VOTES FOR SERVER S4
2026/06/01 21:42:39 CANDIDATE SERVER S3 SENDING A VOTING REQUEST
2026/06/01 21:42:42 CANDIDATE SERVER S3 WINS THE ELECTION FOR TERM 3
2026/06/01 21:42:42 LEADER SENDS REQUEST 0 TO SERVER S5
2026/06/01 21:42:42 LEADER SENDS REQUEST 0 TO SERVER S2
2026/06/01 21:42:42 LEADER SENDS REQUEST 0 TO SERVER S1
2026/06/01 21:42:42 LEADER SENDS REQUEST 0 TO SERVER S4
2026/06/01 21:42:43 LEADER SENDS REQUEST 0 TO SERVER S1
2026/06/01 21:42:43 LEADER SENDS REQUEST 0 TO SERVER S5
2026/06/01 21:42:43 LEADER SENDS REQUEST 0 TO SERVER S4
2026/06/01 21:42:43 LEADER SENDS REQUEST 0 TO SERVER S2
2026/06/01 21:42:44 LEADER SENDS REQUEST 0 TO SERVER S5
2026/06/01 21:42:44 LEADER SENDS REQUEST 0 TO SERVER S2
2026/06/01 21:42:44 LEADER SENDS REQUEST 0 TO SERVER S1
2026/06/01 21:42:44 LEADER SENDS REQUEST 0 TO SERVER S4
2026/06/01 21:42:45 LEADER SERVER S3 RECEIVES REQUEST 1 FROM CLIENT
2026/06/01 21:42:45 LEADER SERVER S3 ADDS REQUEST 1 TO LOG ENTRY 23
2026/06/01 21:42:45 LEADER SENDS REQUEST 1 TO SERVER S1
2026/06/01 21:42:45 LEADER SENDS REQUEST 1 TO SERVER S5
2026/06/01 21:42:45 LEADER SENDS REQUEST 1 TO SERVER S2
2026/06/01 21:42:45 LEADER SENDS REQUEST 1 TO SERVER S4
2026/06/01 21:42:45 LEADER RECEIVES ACK FROM SERVER S2 FOR REQUEST 1
2026/06/01 21:42:45 LEADER RECEIVES ACK FROM SERVER S4 FOR REQUEST 1
2026/06/01 21:42:45 LEADER SENDS REQUEST 0 TO SERVER S5
2026/06/01 21:42:45 LEADER SENDS REQUEST 0 TO SERVER S2
2026/06/01 21:42:45 LEADER SENDS REQUEST 0 TO SERVER S1
2026/06/01 21:42:45 LEADER SENDS REQUEST 0 TO SERVER S4
2026/06/01 21:42:46 LEADER SERVER S3 RECEIVES REQUEST 2 FROM CLIENT
2026/06/01 21:42:46 LEADER SERVER S3 ADDS REQUEST 2 TO LOG ENTRY 24
2026/06/01 21:42:46 LEADER SENDS REQUEST 2 TO SERVER S5
2026/06/01 21:42:46 LEADER SENDS REQUEST 2 TO SERVER S2
2026/06/01 21:42:46 LEADER SENDS REQUEST 2 TO SERVER S1
2026/06/01 21:42:46 LEADER SENDS REQUEST 2 TO SERVER S4
2026/06/01 21:42:46 LEADER RECEIVES ACK FROM SERVER S2 FOR REQUEST 2
2026/06/01 21:42:46 LEADER RECEIVES ACK FROM SERVER S4 FOR REQUEST 2
2026/06/01 21:42:46 LEADER SENDS REQUEST 0 TO SERVER S1
2026/06/01 21:42:46 LEADER SENDS REQUEST 0 TO SERVER S5
2026/06/01 21:42:46 LEADER SENDS REQUEST 0 TO SERVER S2
2026/06/01 21:42:46 LEADER SENDS REQUEST 0 TO SERVER S4
2026/06/01 21:42:47 LEADER SENDS REQUEST 0 TO SERVER S5
2026/06/01 21:42:47 LEADER SENDS REQUEST 0 TO SERVER S2
2026/06/01 21:42:47 LEADER SENDS REQUEST 0 TO SERVER S1
2026/06/01 21:42:47 LEADER SENDS REQUEST 0 TO SERVER S4
2026/06/01 21:42:48 LEADER SENDS REQUEST 0 TO SERVER S5
2026/06/01 21:42:48 LEADER SENDS REQUEST 0 TO SERVER S2
2026/06/01 21:42:48 LEADER SENDS REQUEST 0 TO SERVER S1
2026/06/01 21:42:48 LEADER SENDS REQUEST 0 TO SERVER S4
2026/06/01 21:42:49 LEADER SENDS REQUEST 0 TO SERVER S5
2026/06/01 21:42:49 LEADER SENDS REQUEST 0 TO SERVER S2
2026/06/01 21:42:49 LEADER SENDS REQUEST 0 TO SERVER S1
2026/06/01 21:42:49 LEADER SENDS REQUEST 0 TO SERVER S4
2026/06/01 21:42:49 LEADER SERVER S3 RECEIVES REQUEST 3 FROM CLIENT
2026/06/01 21:42:49 LEADER SERVER S3 ADDS REQUEST 3 TO LOG ENTRY 25
2026/06/01 21:42:49 LEADER SENDS REQUEST 3 TO SERVER S5
2026/06/01 21:42:49 LEADER SENDS REQUEST 3 TO SERVER S2
2026/06/01 21:42:49 LEADER SENDS REQUEST 3 TO SERVER S1
2026/06/01 21:42:49 LEADER SENDS REQUEST 3 TO SERVER S4
2026/06/01 21:42:49 LEADER RECEIVES ACK FROM SERVER S2 FOR REQUEST 3
2026/06/01 21:42:49 LEADER RECEIVES ACK FROM SERVER S4 FOR REQUEST 3
2026/06/01 21:42:50 LEADER SENDS REQUEST 0 TO SERVER S5
2026/06/01 21:42:50 LEADER SENDS REQUEST 0 TO SERVER S1
2026/06/01 21:42:50 LEADER SENDS REQUEST 0 TO SERVER S2
2026/06/01 21:42:50 LEADER SENDS REQUEST 0 TO SERVER S4
2026/06/01 21:42:51 LEADER SENDS REQUEST 0 TO SERVER S1
2026/06/01 21:42:51 LEADER SENDS REQUEST 0 TO SERVER S5
2026/06/01 21:42:51 LEADER SENDS REQUEST 0 TO SERVER S2
2026/06/01 21:42:51 LEADER SENDS REQUEST 0 TO SERVER S4
2026/06/01 21:42:51 LEADER SENDS REQUEST 0 TO SERVER S1
2026/06/01 21:42:51 LEADER SENDS REQUEST 0 TO SERVER S5
2026/06/01 21:42:51 LEADER SENDS REQUEST 0 TO SERVER S2
2026/06/01 21:42:51 LEADER SENDS REQUEST 0 TO SERVER S4
2026/06/01 21:42:51 LEADER SERVER S3 RECEIVES REQUEST 4 FROM CLIENT
2026/06/01 21:42:51 LEADER SERVER S3 ADDS REQUEST 4 TO LOG ENTRY 26
2026/06/01 21:42:51 LEADER SENDS REQUEST 4 TO SERVER S5
2026/06/01 21:42:51 LEADER SENDS REQUEST 4 TO SERVER S2
2026/06/01 21:42:51 LEADER SENDS REQUEST 4 TO SERVER S4
2026/06/01 21:42:51 LEADER SENDS REQUEST 4 TO SERVER S1
2026/06/01 21:42:51 LEADER RECEIVES ACK FROM SERVER S2 FOR REQUEST 4
2026/06/01 21:42:51 LEADER RECEIVES ACK FROM SERVER S4 FOR REQUEST 4
2026/06/01 21:42:52 LEADER SENDS REQUEST 0 TO SERVER S5
2026/06/01 21:42:52 LEADER SENDS REQUEST 0 TO SERVER S1
2026/06/01 21:42:52 LEADER SENDS REQUEST 0 TO SERVER S4
2026/06/01 21:42:52 LEADER SENDS REQUEST 0 TO SERVER S2
2026/06/01 21:42:53 LEADER SENDS REQUEST 0 TO SERVER S5
2026/06/01 21:42:53 LEADER SENDS REQUEST 0 TO SERVER S2
2026/06/01 21:42:53 LEADER SENDS REQUEST 0 TO SERVER S1
2026/06/01 21:42:53 LEADER SENDS REQUEST 0 TO SERVER S4
2026/06/01 21:42:54 LEADER SENDS REQUEST 0 TO SERVER S5
2026/06/01 21:42:54 LEADER SENDS REQUEST 0 TO SERVER S2
2026/06/01 21:42:54 LEADER SENDS REQUEST 0 TO SERVER S1
2026/06/01 21:42:54 LEADER SENDS REQUEST 0 TO SERVER S4
2026/06/01 21:42:55 LEADER SENDS REQUEST 0 TO SERVER S5
2026/06/01 21:42:55 LEADER SENDS REQUEST 0 TO SERVER S4
2026/06/01 21:42:55 LEADER SENDS REQUEST 0 TO SERVER S1
2026/06/01 21:42:55 LEADER SENDS REQUEST 0 TO SERVER S2
2026/06/01 21:42:55 LEADER SERVER S3 RECEIVES REQUEST 5 FROM CLIENT
2026/06/01 21:42:55 LEADER SERVER S3 ADDS REQUEST 5 TO LOG ENTRY 27
2026/06/01 21:42:55 LEADER SENDS REQUEST 5 TO SERVER S5
2026/06/01 21:42:55 LEADER SENDS REQUEST 5 TO SERVER S2
2026/06/01 21:42:55 LEADER SENDS REQUEST 5 TO SERVER S1
2026/06/01 21:42:55 LEADER SENDS REQUEST 5 TO SERVER S4
2026/06/01 21:42:55 LEADER RECEIVES ACK FROM SERVER S2 FOR REQUEST 5
2026/06/01 21:42:55 LEADER RECEIVES ACK FROM SERVER S4 FOR REQUEST 5
2026/06/01 21:42:56 LEADER SENDS REQUEST 0 TO SERVER S5
2026/06/01 21:42:56 LEADER SENDS REQUEST 0 TO SERVER S2
2026/06/01 21:42:56 LEADER SENDS REQUEST 0 TO SERVER S1
2026/06/01 21:42:56 LEADER SENDS REQUEST 0 TO SERVER S4
2026/06/01 21:42:57 LEADER SENDS REQUEST 0 TO SERVER S2
2026/06/01 21:42:57 LEADER SENDS REQUEST 0 TO SERVER S4
2026/06/01 21:42:57 LEADER SENDS REQUEST 0 TO SERVER S1
2026/06/01 21:42:57 LEADER SENDS REQUEST 0 TO SERVER S5
2026/06/01 21:42:58 LEADER SENDS REQUEST 0 TO SERVER S5
2026/06/01 21:42:58 LEADER SENDS REQUEST 0 TO SERVER S2
2026/06/01 21:42:58 LEADER SENDS REQUEST 0 TO SERVER S1
2026/06/01 21:42:58 LEADER SENDS REQUEST 0 TO SERVER S4
2026/06/01 21:42:58 LEADER SERVER S3 RECEIVES REQUEST 6 FROM CLIENT
2026/06/01 21:42:58 LEADER SERVER S3 ADDS REQUEST 6 TO LOG ENTRY 28
2026/06/01 21:42:58 LEADER SENDS REQUEST 6 TO SERVER S5
2026/06/01 21:42:58 LEADER SENDS REQUEST 6 TO SERVER S2
2026/06/01 21:42:58 LEADER SENDS REQUEST 6 TO SERVER S1
2026/06/01 21:42:58 LEADER SENDS REQUEST 6 TO SERVER S4
2026/06/01 21:42:58 LEADER RECEIVES ACK FROM SERVER S2 FOR REQUEST 6
2026/06/01 21:42:58 LEADER RECEIVES ACK FROM SERVER S4 FOR REQUEST 6
2026/06/01 21:42:59 LEADER SENDS REQUEST 0 TO SERVER S5
2026/06/01 21:42:59 LEADER SENDS REQUEST 0 TO SERVER S2
2026/06/01 21:42:59 LEADER SENDS REQUEST 0 TO SERVER S1
2026/06/01 21:42:59 LEADER SENDS REQUEST 0 TO SERVER S4
2026/06/01 21:43:00 LEADER SENDS REQUEST 0 TO SERVER S5
2026/06/01 21:43:00 LEADER SENDS REQUEST 0 TO SERVER S2
2026/06/01 21:43:00 LEADER SENDS REQUEST 0 TO SERVER S1
2026/06/01 21:43:00 LEADER SENDS REQUEST 0 TO SERVER S4
2026/06/01 21:43:01 LEADER SENDS REQUEST 0 TO SERVER S5
2026/06/01 21:43:01 LEADER SENDS REQUEST 0 TO SERVER S2
2026/06/01 21:43:01 LEADER SENDS REQUEST 0 TO SERVER S1
2026/06/01 21:43:01 LEADER SENDS REQUEST 0 TO SERVER S4
2026/06/01 21:43:02 LEADER SENDS REQUEST 0 TO SERVER S5
2026/06/01 21:43:02 LEADER SENDS REQUEST 0 TO SERVER S2
2026/06/01 21:43:02 LEADER SENDS REQUEST 0 TO SERVER S1
2026/06/01 21:43:02 LEADER SENDS REQUEST 0 TO SERVER S4
2026/06/01 21:43:02 LEADER SERVER S3 RECEIVES REQUEST 7 FROM CLIENT
2026/06/01 21:43:02 LEADER SERVER S3 ADDS REQUEST 7 TO LOG ENTRY 29
2026/06/01 21:43:02 LEADER SENDS REQUEST 7 TO SERVER S5
2026/06/01 21:43:02 LEADER SENDS REQUEST 7 TO SERVER S2
2026/06/01 21:43:02 LEADER SENDS REQUEST 7 TO SERVER S1
2026/06/01 21:43:02 LEADER SENDS REQUEST 7 TO SERVER S4
2026/06/01 21:43:02 LEADER RECEIVES ACK FROM SERVER S2 FOR REQUEST 7
2026/06/01 21:43:02 LEADER RECEIVES ACK FROM SERVER S4 FOR REQUEST 7
2026/06/01 21:43:03 LEADER SENDS REQUEST 0 TO SERVER S1
2026/06/01 21:43:03 LEADER SENDS REQUEST 0 TO SERVER S2
2026/06/01 21:43:03 LEADER SENDS REQUEST 0 TO SERVER S5
2026/06/01 21:43:03 LEADER SENDS REQUEST 0 TO SERVER S4
2026/06/01 21:43:04 LEADER SENDS REQUEST 0 TO SERVER S5
2026/06/01 21:43:04 LEADER SENDS REQUEST 0 TO SERVER S2
2026/06/01 21:43:04 LEADER SENDS REQUEST 0 TO SERVER S1
2026/06/01 21:43:04 LEADER SENDS REQUEST 0 TO SERVER S4
2026/06/01 21:43:05 LEADER SENDS REQUEST 0 TO SERVER S1
2026/06/01 21:43:05 LEADER SENDS REQUEST 0 TO SERVER S5
2026/06/01 21:43:05 LEADER SENDS REQUEST 0 TO SERVER S4
2026/06/01 21:43:05 LEADER SENDS REQUEST 0 TO SERVER S2
2026/06/01 21:43:05 LEADER SERVER S3 RECEIVES REQUEST 8 FROM CLIENT
2026/06/01 21:43:05 LEADER SERVER S3 ADDS REQUEST 8 TO LOG ENTRY 30
2026/06/01 21:43:05 LEADER SENDS REQUEST 8 TO SERVER S5
2026/06/01 21:43:05 LEADER SENDS REQUEST 8 TO SERVER S2
2026/06/01 21:43:05 LEADER SENDS REQUEST 8 TO SERVER S1
2026/06/01 21:43:05 LEADER SENDS REQUEST 8 TO SERVER S4
2026/06/01 21:43:05 LEADER RECEIVES ACK FROM SERVER S2 FOR REQUEST 8
2026/06/01 21:43:05 LEADER RECEIVES ACK FROM SERVER S4 FOR REQUEST 8
2026/06/01 21:43:06 LEADER SENDS REQUEST 0 TO SERVER S5
2026/06/01 21:43:06 LEADER SENDS REQUEST 0 TO SERVER S2
2026/06/01 21:43:06 LEADER SENDS REQUEST 0 TO SERVER S1
2026/06/01 21:43:06 LEADER SENDS REQUEST 0 TO SERVER S4
2026/06/01 21:43:07 LEADER SENDS REQUEST 0 TO SERVER S5
2026/06/01 21:43:07 LEADER SENDS REQUEST 0 TO SERVER S2
2026/06/01 21:43:07 LEADER SENDS REQUEST 0 TO SERVER S4
2026/06/01 21:43:07 LEADER SENDS REQUEST 0 TO SERVER S1
2026/06/01 21:43:08 LEADER SENDS REQUEST 0 TO SERVER S5
2026/06/01 21:43:08 LEADER SENDS REQUEST 0 TO SERVER S4
2026/06/01 21:43:08 LEADER SENDS REQUEST 0 TO SERVER S2
2026/06/01 21:43:08 LEADER SENDS REQUEST 0 TO SERVER S1
2026/06/01 21:43:09 LEADER SENDS REQUEST 0 TO SERVER S5
2026/06/01 21:43:09 LEADER SENDS REQUEST 0 TO SERVER S1
2026/06/01 21:43:09 LEADER SENDS REQUEST 0 TO SERVER S2
2026/06/01 21:43:09 LEADER SENDS REQUEST 0 TO SERVER S4
2026/06/01 21:43:09 LEADER SERVER S3 RECEIVES REQUEST 9 FROM CLIENT
2026/06/01 21:43:09 LEADER SERVER S3 ADDS REQUEST 9 TO LOG ENTRY 31
2026/06/01 21:43:09 LEADER SENDS REQUEST 9 TO SERVER S5
2026/06/01 21:43:09 LEADER SENDS REQUEST 9 TO SERVER S2
2026/06/01 21:43:09 LEADER SENDS REQUEST 9 TO SERVER S1
2026/06/01 21:43:09 LEADER SENDS REQUEST 9 TO SERVER S4
2026/06/01 21:43:09 LEADER RECEIVES ACK FROM SERVER S2 FOR REQUEST 9
2026/06/01 21:43:09 LEADER RECEIVES ACK FROM SERVER S4 FOR REQUEST 9
2026/06/01 21:43:10 LEADER SENDS REQUEST 0 TO SERVER S5
2026/06/01 21:43:10 LEADER SENDS REQUEST 0 TO SERVER S2
2026/06/01 21:43:10 LEADER SENDS REQUEST 0 TO SERVER S1
2026/06/01 21:43:10 LEADER SENDS REQUEST 0 TO SERVER S4
2026/06/01 21:43:11 LEADER SENDS REQUEST 0 TO SERVER S5
2026/06/01 21:43:11 LEADER SENDS REQUEST 0 TO SERVER S2
2026/06/01 21:43:11 LEADER SENDS REQUEST 0 TO SERVER S4
2026/06/01 21:43:11 LEADER SENDS REQUEST 0 TO SERVER S1
2026/06/01 21:43:12 LEADER SENDS REQUEST 0 TO SERVER S5
2026/06/01 21:43:12 LEADER SENDS REQUEST 0 TO SERVER S2
2026/06/01 21:43:12 LEADER SENDS REQUEST 0 TO SERVER S4
2026/06/01 21:43:12 LEADER SENDS REQUEST 0 TO SERVER S1
2026/06/01 21:43:12 LEADER SERVER S3 RECEIVES REQUEST 10 FROM CLIENT
2026/06/01 21:43:12 LEADER SERVER S3 ADDS REQUEST 10 TO LOG ENTRY 32
2026/06/01 21:43:12 LEADER SENDS REQUEST 10 TO SERVER S5
2026/06/01 21:43:12 LEADER SENDS REQUEST 10 TO SERVER S2
2026/06/01 21:43:12 LEADER SENDS REQUEST 10 TO SERVER S1
2026/06/01 21:43:12 LEADER SENDS REQUEST 10 TO SERVER S4
2026/06/01 21:43:13 LEADER RECEIVES ACK FROM SERVER S2 FOR REQUEST 10
2026/06/01 21:43:13 LEADER RECEIVES ACK FROM SERVER S4 FOR REQUEST 10
2026/06/01 21:43:13 LEADER SENDS REQUEST 0 TO SERVER S5
2026/06/01 21:43:13 LEADER SENDS REQUEST 0 TO SERVER S2
2026/06/01 21:43:13 LEADER SENDS REQUEST 0 TO SERVER S1
2026/06/01 21:43:13 LEADER SENDS REQUEST 0 TO SERVER S4
2026/06/01 21:43:14 LEADER SENDS REQUEST 0 TO SERVER S5
2026/06/01 21:43:14 LEADER SENDS REQUEST 0 TO SERVER S2
2026/06/01 21:43:14 LEADER SENDS REQUEST 0 TO SERVER S4
2026/06/01 21:43:14 LEADER SENDS REQUEST 0 TO SERVER S1
2026/06/01 21:43:15 LEADER SENDS REQUEST 0 TO SERVER S5
2026/06/01 21:43:15 LEADER SENDS REQUEST 0 TO SERVER S2
2026/06/01 21:43:15 LEADER SENDS REQUEST 0 TO SERVER S1
2026/06/01 21:43:15 LEADER SENDS REQUEST 0 TO SERVER S4
2026/06/01 21:43:16 LEADER SENDS REQUEST 0 TO SERVER S5
2026/06/01 21:43:16 LEADER SENDS REQUEST 0 TO SERVER S2
2026/06/01 21:43:16 LEADER SENDS REQUEST 0 TO SERVER S1
2026/06/01 21:43:16 LEADER SENDS REQUEST 0 TO SERVER S4
2026/06/01 21:43:16 LEADER SERVER S3 RECEIVES REQUEST 11 FROM CLIENT
2026/06/01 21:43:16 LEADER SERVER S3 ADDS REQUEST 11 TO LOG ENTRY 33
2026/06/01 21:43:16 LEADER SENDS REQUEST 11 TO SERVER S5
2026/06/01 21:43:16 LEADER SENDS REQUEST 11 TO SERVER S2
2026/06/01 21:43:16 LEADER SENDS REQUEST 11 TO SERVER S1
2026/06/01 21:43:16 LEADER SENDS REQUEST 11 TO SERVER S4
2026/06/01 21:43:16 LEADER RECEIVES ACK FROM SERVER S2 FOR REQUEST 11
2026/06/01 21:43:16 LEADER RECEIVES ACK FROM SERVER S4 FOR REQUEST 11
2026/06/01 21:43:17 LEADER SENDS REQUEST 0 TO SERVER S5
2026/06/01 21:43:17 LEADER SENDS REQUEST 0 TO SERVER S2
2026/06/01 21:43:17 LEADER SENDS REQUEST 0 TO SERVER S4
2026/06/01 21:43:17 LEADER SENDS REQUEST 0 TO SERVER S1
2026/06/01 21:43:18 LEADER SENDS REQUEST 0 TO SERVER S5
2026/06/01 21:43:18 LEADER SENDS REQUEST 0 TO SERVER S2
2026/06/01 21:43:18 LEADER SENDS REQUEST 0 TO SERVER S4
2026/06/01 21:43:18 LEADER SENDS REQUEST 0 TO SERVER S1
2026/06/01 21:43:19 LEADER SENDS REQUEST 0 TO SERVER S1
2026/06/01 21:43:19 LEADER SENDS REQUEST 0 TO SERVER S5
2026/06/01 21:43:19 LEADER SENDS REQUEST 0 TO SERVER S2
2026/06/01 21:43:19 LEADER SENDS REQUEST 0 TO SERVER S4
2026/06/01 21:43:20 LEADER SERVER S3 RECEIVES REQUEST 12 FROM CLIENT
2026/06/01 21:43:20 LEADER SERVER S3 ADDS REQUEST 12 TO LOG ENTRY 34
2026/06/01 21:43:20 LEADER SENDS REQUEST 12 TO SERVER S5
2026/06/01 21:43:20 LEADER SENDS REQUEST 12 TO SERVER S2
2026/06/01 21:43:20 LEADER SENDS REQUEST 12 TO SERVER S1
2026/06/01 21:43:20 LEADER SENDS REQUEST 12 TO SERVER S4
2026/06/01 21:43:19 LEADER RECEIVES ACK FROM SERVER S4 FOR REQUEST 12
2026/06/01 21:43:19 LEADER RECEIVES ACK FROM SERVER S2 FOR REQUEST 12
2026/06/01 21:43:19 LEADER SENDS REQUEST 0 TO SERVER S5
2026/06/01 21:43:19 LEADER SENDS REQUEST 0 TO SERVER S2
2026/06/01 21:43:19 LEADER SENDS REQUEST 0 TO SERVER S1
2026/06/01 21:43:19 LEADER SENDS REQUEST 0 TO SERVER S4
2026/06/01 21:43:20 LEADER SENDS REQUEST 0 TO SERVER S5
2026/06/01 21:43:20 LEADER SENDS REQUEST 0 TO SERVER S4
2026/06/01 21:43:20 LEADER SENDS REQUEST 0 TO SERVER S1
2026/06/01 21:43:20 LEADER SENDS REQUEST 0 TO SERVER S2
2026/06/01 21:43:21 LEADER SENDS REQUEST 0 TO SERVER S5
2026/06/01 21:43:21 LEADER SENDS REQUEST 0 TO SERVER S1
2026/06/01 21:43:21 LEADER SENDS REQUEST 0 TO SERVER S2
2026/06/01 21:43:21 LEADER SENDS REQUEST 0 TO SERVER S4
2026/06/01 21:43:22 LEADER SENDS REQUEST 0 TO SERVER S5
2026/06/01 21:43:22 LEADER SENDS REQUEST 0 TO SERVER S2
2026/06/01 21:43:22 LEADER SENDS REQUEST 0 TO SERVER S1
2026/06/01 21:43:22 LEADER SENDS REQUEST 0 TO SERVER S4
2026/06/01 21:43:22 LEADER SERVER S3 RECEIVES REQUEST 13 FROM CLIENT
2026/06/01 21:43:22 LEADER SERVER S3 ADDS REQUEST 13 TO LOG ENTRY 35
2026/06/01 21:43:22 LEADER SENDS REQUEST 13 TO SERVER S5
2026/06/01 21:43:22 LEADER SENDS REQUEST 13 TO SERVER S2
2026/06/01 21:43:22 LEADER SENDS REQUEST 13 TO SERVER S1
2026/06/01 21:43:22 LEADER SENDS REQUEST 13 TO SERVER S4
2026/06/01 21:43:22 LEADER RECEIVES ACK FROM SERVER S2 FOR REQUEST 13
2026/06/01 21:43:22 LEADER RECEIVES ACK FROM SERVER S4 FOR REQUEST 13
2026/06/01 21:43:23 LEADER SENDS REQUEST 0 TO SERVER S5
2026/06/01 21:43:23 LEADER SENDS REQUEST 0 TO SERVER S2
2026/06/01 21:43:23 LEADER SENDS REQUEST 0 TO SERVER S1
2026/06/01 21:43:23 LEADER SENDS REQUEST 0 TO SERVER S4
2026/06/01 21:43:24 LEADER SENDS REQUEST 0 TO SERVER S5
2026/06/01 21:43:24 LEADER SENDS REQUEST 0 TO SERVER S2
2026/06/01 21:43:24 LEADER SENDS REQUEST 0 TO SERVER S1
2026/06/01 21:43:24 LEADER SENDS REQUEST 0 TO SERVER S4
2026/06/01 21:43:25 LEADER SENDS REQUEST 0 TO SERVER S5
2026/06/01 21:43:25 LEADER SENDS REQUEST 0 TO SERVER S2
2026/06/01 21:43:25 LEADER SENDS REQUEST 0 TO SERVER S1
2026/06/01 21:43:25 LEADER SENDS REQUEST 0 TO SERVER S4
2026/06/01 21:43:26 LEADER SERVER S3 RECEIVES REQUEST 14 FROM CLIENT
2026/06/01 21:43:26 LEADER SERVER S3 ADDS REQUEST 14 TO LOG ENTRY 36
2026/06/01 21:43:26 LEADER SENDS REQUEST 14 TO SERVER S5
2026/06/01 21:43:26 LEADER SENDS REQUEST 14 TO SERVER S2
2026/06/01 21:43:26 LEADER SENDS REQUEST 14 TO SERVER S1
2026/06/01 21:43:26 LEADER SENDS REQUEST 14 TO SERVER S4
2026/06/01 21:43:26 LEADER SENDS REQUEST 0 TO SERVER S4
2026/06/01 21:43:26 LEADER SENDS REQUEST 0 TO SERVER S1
2026/06/01 21:43:26 LEADER SENDS REQUEST 0 TO SERVER S5
2026/06/01 21:43:26 LEADER SENDS REQUEST 0 TO SERVER S2
2026/06/01 21:43:26 LEADER RECEIVES ACK FROM SERVER S2 FOR REQUEST 14
2026/06/01 21:43:26 LEADER RECEIVES ACK FROM SERVER S4 FOR REQUEST 14
2026/06/01 21:43:27 LEADER SENDS REQUEST 0 TO SERVER S5
2026/06/01 21:43:27 LEADER SENDS REQUEST 0 TO SERVER S2
2026/06/01 21:43:27 LEADER SENDS REQUEST 0 TO SERVER S1
2026/06/01 21:43:27 LEADER SENDS REQUEST 0 TO SERVER S4
2026/06/01 21:43:28 LEADER SENDS REQUEST 0 TO SERVER S5
2026/06/01 21:43:28 LEADER SENDS REQUEST 0 TO SERVER S2
2026/06/01 21:43:28 LEADER SENDS REQUEST 0 TO SERVER S1
2026/06/01 21:43:28 LEADER SENDS REQUEST 0 TO SERVER S4
2026/06/01 21:43:29 LEADER SENDS REQUEST 0 TO SERVER S5
2026/06/01 21:43:29 LEADER SENDS REQUEST 0 TO SERVER S2
2026/06/01 21:43:29 LEADER SENDS REQUEST 0 TO SERVER S1
2026/06/01 21:43:29 LEADER SENDS REQUEST 0 TO SERVER S4
2026/06/01 21:43:29 LEADER SERVER S3 RECEIVES REQUEST 15 FROM CLIENT
2026/06/01 21:43:29 LEADER SERVER S3 ADDS REQUEST 15 TO LOG ENTRY 37
2026/06/01 21:43:29 LEADER SENDS REQUEST 15 TO SERVER S5
2026/06/01 21:43:29 LEADER SENDS REQUEST 15 TO SERVER S2
2026/06/01 21:43:29 LEADER SENDS REQUEST 15 TO SERVER S1
2026/06/01 21:43:29 LEADER SENDS REQUEST 15 TO SERVER S4
2026/06/01 21:43:29 LEADER RECEIVES ACK FROM SERVER S2 FOR REQUEST 15
2026/06/01 21:43:29 LEADER RECEIVES ACK FROM SERVER S4 FOR REQUEST 15
2026/06/01 21:43:30 LEADER SENDS REQUEST 0 TO SERVER S5
2026/06/01 21:43:30 LEADER SENDS REQUEST 0 TO SERVER S2
2026/06/01 21:43:30 LEADER SENDS REQUEST 0 TO SERVER S1
2026/06/01 21:43:30 LEADER SENDS REQUEST 0 TO SERVER S4
2026/06/01 21:43:31 LEADER SENDS REQUEST 0 TO SERVER S5
2026/06/01 21:43:31 LEADER SENDS REQUEST 0 TO SERVER S2
2026/06/01 21:43:31 LEADER SENDS REQUEST 0 TO SERVER S4
2026/06/01 21:43:31 LEADER SENDS REQUEST 0 TO SERVER S1
2026/06/01 21:43:32 LEADER SENDS REQUEST 0 TO SERVER S5
2026/06/01 21:43:32 LEADER SENDS REQUEST 0 TO SERVER S2
2026/06/01 21:43:32 LEADER SENDS REQUEST 0 TO SERVER S1
2026/06/01 21:43:32 LEADER SENDS REQUEST 0 TO SERVER S4
2026/06/01 21:43:33 LEADER SENDS REQUEST 0 TO SERVER S5
2026/06/01 21:43:33 LEADER SENDS REQUEST 0 TO SERVER S2
2026/06/01 21:43:33 LEADER SENDS REQUEST 0 TO SERVER S1
2026/06/01 21:43:33 LEADER SENDS REQUEST 0 TO SERVER S4
2026/06/01 21:43:33 LEADER SERVER S3 RECEIVES REQUEST 16 FROM CLIENT
2026/06/01 21:43:33 LEADER SERVER S3 ADDS REQUEST 16 TO LOG ENTRY 38
2026/06/01 21:43:33 LEADER SENDS REQUEST 16 TO SERVER S1
2026/06/01 21:43:33 LEADER SENDS REQUEST 16 TO SERVER S5
2026/06/01 21:43:33 LEADER SENDS REQUEST 16 TO SERVER S2
2026/06/01 21:43:33 LEADER SENDS REQUEST 16 TO SERVER S4
2026/06/01 21:43:33 LEADER RECEIVES ACK FROM SERVER S2 FOR REQUEST 16
2026/06/01 21:43:33 LEADER RECEIVES ACK FROM SERVER S4 FOR REQUEST 16
2026/06/01 21:43:34 LEADER SENDS REQUEST 0 TO SERVER S5
2026/06/01 21:43:34 LEADER SENDS REQUEST 0 TO SERVER S2
2026/06/01 21:43:34 LEADER SENDS REQUEST 0 TO SERVER S1
2026/06/01 21:43:34 LEADER SENDS REQUEST 0 TO SERVER S4
2026/06/01 21:43:35 LEADER SENDS REQUEST 0 TO SERVER S5
2026/06/01 21:43:35 LEADER SENDS REQUEST 0 TO SERVER S2
2026/06/01 21:43:35 LEADER SENDS REQUEST 0 TO SERVER S1
2026/06/01 21:43:35 LEADER SENDS REQUEST 0 TO SERVER S4
2026/06/01 21:43:36 LEADER SENDS REQUEST 0 TO SERVER S5
2026/06/01 21:43:36 LEADER SENDS REQUEST 0 TO SERVER S2
2026/06/01 21:43:36 LEADER SENDS REQUEST 0 TO SERVER S4
2026/06/01 21:43:36 LEADER SENDS REQUEST 0 TO SERVER S1
2026/06/01 21:43:36 LEADER SERVER S3 RECEIVES REQUEST 17 FROM CLIENT
2026/06/01 21:43:36 LEADER SERVER S3 ADDS REQUEST 17 TO LOG ENTRY 39
2026/06/01 21:43:36 LEADER SENDS REQUEST 17 TO SERVER S5
2026/06/01 21:43:36 LEADER SENDS REQUEST 17 TO SERVER S2
2026/06/01 21:43:36 LEADER SENDS REQUEST 17 TO SERVER S1
2026/06/01 21:43:36 LEADER SENDS REQUEST 17 TO SERVER S4
2026/06/01 21:43:36 LEADER RECEIVES ACK FROM SERVER S2 FOR REQUEST 17
2026/06/01 21:43:36 LEADER RECEIVES ACK FROM SERVER S4 FOR REQUEST 17
2026/06/01 21:43:37 LEADER SENDS REQUEST 0 TO SERVER S5
2026/06/01 21:43:37 LEADER SENDS REQUEST 0 TO SERVER S2
2026/06/01 21:43:37 LEADER SENDS REQUEST 0 TO SERVER S1
2026/06/01 21:43:37 LEADER SENDS REQUEST 0 TO SERVER S4
2026/06/01 21:43:38 LEADER SENDS REQUEST 0 TO SERVER S2
2026/06/01 21:43:38 LEADER SENDS REQUEST 0 TO SERVER S5
2026/06/01 21:43:38 LEADER SENDS REQUEST 0 TO SERVER S4
2026/06/01 21:43:38 LEADER SENDS REQUEST 0 TO SERVER S1
2026/06/01 21:43:39 LEADER SENDS REQUEST 0 TO SERVER S5
2026/06/01 21:43:39 LEADER SENDS REQUEST 0 TO SERVER S2
2026/06/01 21:43:39 LEADER SENDS REQUEST 0 TO SERVER S1
2026/06/01 21:43:39 LEADER SENDS REQUEST 0 TO SERVER S4
2026/06/01 21:43:40 LEADER SENDS REQUEST 0 TO SERVER S5
2026/06/01 21:43:40 LEADER SENDS REQUEST 0 TO SERVER S4
2026/06/01 21:43:40 LEADER SENDS REQUEST 0 TO SERVER S2
2026/06/01 21:43:40 LEADER SENDS REQUEST 0 TO SERVER S1
2026/06/01 21:43:40 LEADER SERVER S3 RECEIVES REQUEST 18 FROM CLIENT
2026/06/01 21:43:40 LEADER SERVER S3 ADDS REQUEST 18 TO LOG ENTRY 40
2026/06/01 21:43:40 LEADER SENDS REQUEST 18 TO SERVER S5
2026/06/01 21:43:40 LEADER SENDS REQUEST 18 TO SERVER S2
2026/06/01 21:43:40 LEADER SENDS REQUEST 18 TO SERVER S1
2026/06/01 21:43:40 LEADER SENDS REQUEST 18 TO SERVER S4
2026/06/01 21:43:40 LEADER RECEIVES ACK FROM SERVER S4 FOR REQUEST 18
2026/06/01 21:43:40 LEADER RECEIVES ACK FROM SERVER S2 FOR REQUEST 18
2026/06/01 21:43:41 LEADER SENDS REQUEST 0 TO SERVER S1
2026/06/01 21:43:41 LEADER SENDS REQUEST 0 TO SERVER S5
2026/06/01 21:43:41 LEADER SENDS REQUEST 0 TO SERVER S2
2026/06/01 21:43:41 LEADER SENDS REQUEST 0 TO SERVER S4
2026/06/01 21:43:42 LEADER SENDS REQUEST 0 TO SERVER S5
2026/06/01 21:43:42 LEADER SENDS REQUEST 0 TO SERVER S2
2026/06/01 21:43:42 LEADER SENDS REQUEST 0 TO SERVER S1
2026/06/01 21:43:42 LEADER SENDS REQUEST 0 TO SERVER S4
2026/06/01 21:43:43 LEADER SENDS REQUEST 0 TO SERVER S5
2026/06/01 21:43:43 LEADER SENDS REQUEST 0 TO SERVER S2
2026/06/01 21:43:43 LEADER SENDS REQUEST 0 TO SERVER S4
2026/06/01 21:43:43 LEADER SENDS REQUEST 0 TO SERVER S1
2026/06/01 21:43:43 LEADER SERVER S3 RECEIVES REQUEST 19 FROM CLIENT
2026/06/01 21:43:43 LEADER SERVER S3 ADDS REQUEST 19 TO LOG ENTRY 41
2026/06/01 21:43:43 LEADER SENDS REQUEST 19 TO SERVER S5
2026/06/01 21:43:43 LEADER SENDS REQUEST 19 TO SERVER S2
2026/06/01 21:43:43 LEADER SENDS REQUEST 19 TO SERVER S1
2026/06/01 21:43:43 LEADER SENDS REQUEST 19 TO SERVER S4
2026/06/01 21:43:43 LEADER RECEIVES ACK FROM SERVER S2 FOR REQUEST 19
2026/06/01 21:43:43 LEADER RECEIVES ACK FROM SERVER S4 FOR REQUEST 19
2026/06/01 21:43:44 LEADER SENDS REQUEST 0 TO SERVER S5
2026/06/01 21:43:44 LEADER SENDS REQUEST 0 TO SERVER S2
2026/06/01 21:43:44 LEADER SENDS REQUEST 0 TO SERVER S1
2026/06/01 21:43:44 LEADER SENDS REQUEST 0 TO SERVER S4
2026/06/01 21:43:45 LEADER SENDS REQUEST 0 TO SERVER S5
2026/06/01 21:43:45 LEADER SENDS REQUEST 0 TO SERVER S2
2026/06/01 21:43:45 LEADER SENDS REQUEST 0 TO SERVER S1
2026/06/01 21:43:45 LEADER SENDS REQUEST 0 TO SERVER S4
2026/06/01 21:43:46 LEADER SENDS REQUEST 0 TO SERVER S5
2026/06/01 21:43:46 LEADER SENDS REQUEST 0 TO SERVER S2
2026/06/01 21:43:46 LEADER SENDS REQUEST 0 TO SERVER S1
2026/06/01 21:43:46 LEADER SENDS REQUEST 0 TO SERVER S4
2026/06/01 21:43:47 LEADER SENDS REQUEST 0 TO SERVER S5
2026/06/01 21:43:47 LEADER SENDS REQUEST 0 TO SERVER S1
2026/06/01 21:43:47 LEADER SENDS REQUEST 0 TO SERVER S2
2026/06/01 21:43:47 LEADER SENDS REQUEST 0 TO SERVER S4
2026/06/01 21:43:47 LEADER SERVER S3 RECEIVES REQUEST 20 FROM CLIENT
2026/06/01 21:43:47 LEADER SERVER S3 ADDS REQUEST 20 TO LOG ENTRY 42
2026/06/01 21:43:47 LEADER SENDS REQUEST 20 TO SERVER S5
2026/06/01 21:43:47 LEADER SENDS REQUEST 20 TO SERVER S2
2026/06/01 21:43:47 LEADER SENDS REQUEST 20 TO SERVER S1
2026/06/01 21:43:47 LEADER SENDS REQUEST 20 TO SERVER S4
2026/06/01 21:43:47 LEADER RECEIVES ACK FROM SERVER S2 FOR REQUEST 20
2026/06/01 21:43:47 LEADER RECEIVES ACK FROM SERVER S4 FOR REQUEST 20
2026/06/01 21:43:48 LEADER SENDS REQUEST 0 TO SERVER S5
2026/06/01 21:43:48 LEADER SENDS REQUEST 0 TO SERVER S2
2026/06/01 21:43:48 LEADER SENDS REQUEST 0 TO SERVER S4
2026/06/01 21:43:48 LEADER SENDS REQUEST 0 TO SERVER S1
2026/06/01 21:43:47 LEADER SENDS REQUEST 0 TO SERVER S5
2026/06/01 21:43:47 LEADER SENDS REQUEST 0 TO SERVER S2
2026/06/01 21:43:47 LEADER SENDS REQUEST 0 TO SERVER S1
2026/06/01 21:43:47 LEADER SENDS REQUEST 0 TO SERVER S4
2026/06/01 21:43:48 LEADER SENDS REQUEST 0 TO SERVER S5
2026/06/01 21:43:48 LEADER SENDS REQUEST 0 TO SERVER S2
2026/06/01 21:43:48 LEADER SENDS REQUEST 0 TO SERVER S1
2026/06/01 21:43:48 LEADER SENDS REQUEST 0 TO SERVER S4
2026/06/01 21:43:49 LEADER SERVER S3 RECEIVES REQUEST 21 FROM CLIENT
2026/06/01 21:43:49 LEADER SERVER S3 ADDS REQUEST 21 TO LOG ENTRY 43
2026/06/01 21:43:49 LEADER SENDS REQUEST 21 TO SERVER S5
2026/06/01 21:43:49 LEADER SENDS REQUEST 21 TO SERVER S2
2026/06/01 21:43:49 LEADER SENDS REQUEST 21 TO SERVER S1
2026/06/01 21:43:49 LEADER SENDS REQUEST 21 TO SERVER S4
2026/06/01 21:43:49 LEADER RECEIVES ACK FROM SERVER S2 FOR REQUEST 21
2026/06/01 21:43:49 LEADER RECEIVES ACK FROM SERVER S4 FOR REQUEST 21
2026/06/01 21:43:49 LEADER SENDS REQUEST 0 TO SERVER S5
2026/06/01 21:43:49 LEADER SENDS REQUEST 0 TO SERVER S1
2026/06/01 21:43:49 LEADER SENDS REQUEST 0 TO SERVER S2
2026/06/01 21:43:49 LEADER SENDS REQUEST 0 TO SERVER S4
2026/06/01 21:43:50 LEADER SENDS REQUEST 0 TO SERVER S5
2026/06/01 21:43:50 LEADER SENDS REQUEST 0 TO SERVER S2
2026/06/01 21:43:50 LEADER SENDS REQUEST 0 TO SERVER S1
2026/06/01 21:43:50 LEADER SENDS REQUEST 0 TO SERVER S4
2026/06/01 21:43:51 LEADER SENDS REQUEST 0 TO SERVER S5
2026/06/01 21:43:51 LEADER SENDS REQUEST 0 TO SERVER S2
2026/06/01 21:43:51 LEADER SENDS REQUEST 0 TO SERVER S1
2026/06/01 21:43:51 LEADER SENDS REQUEST 0 TO SERVER S4
2026/06/01 21:43:52 LEADER SENDS REQUEST 0 TO SERVER S5
2026/06/01 21:43:52 LEADER SENDS REQUEST 0 TO SERVER S2
2026/06/01 21:43:52 LEADER SENDS REQUEST 0 TO SERVER S1
2026/06/01 21:43:52 LEADER SENDS REQUEST 0 TO SERVER S4
2026/06/01 21:43:53 LEADER SERVER S3 RECEIVES REQUEST 22 FROM CLIENT
2026/06/01 21:43:53 LEADER SERVER S3 ADDS REQUEST 22 TO LOG ENTRY 44
2026/06/01 21:43:53 LEADER SENDS REQUEST 22 TO SERVER S5
2026/06/01 21:43:53 LEADER SENDS REQUEST 22 TO SERVER S2
2026/06/01 21:43:53 LEADER SENDS REQUEST 22 TO SERVER S1
2026/06/01 21:43:53 LEADER SENDS REQUEST 22 TO SERVER S4
2026/06/01 21:43:53 LEADER RECEIVES ACK FROM SERVER S2 FOR REQUEST 22
2026/06/01 21:43:53 LEADER RECEIVES ACK FROM SERVER S4 FOR REQUEST 22
2026/06/01 21:43:53 LEADER SENDS REQUEST 0 TO SERVER S5
2026/06/01 21:43:53 LEADER SENDS REQUEST 0 TO SERVER S2
2026/06/01 21:43:53 LEADER SENDS REQUEST 0 TO SERVER S1
2026/06/01 21:43:53 LEADER SENDS REQUEST 0 TO SERVER S4
2026/06/01 21:43:54 LEADER SENDS REQUEST 0 TO SERVER S5
2026/06/01 21:43:54 LEADER SENDS REQUEST 0 TO SERVER S2
2026/06/01 21:43:54 LEADER SENDS REQUEST 0 TO SERVER S1
2026/06/01 21:43:54 LEADER SENDS REQUEST 0 TO SERVER S4
2026/06/01 21:43:55 LEADER SENDS REQUEST 0 TO SERVER S5
2026/06/01 21:43:55 LEADER SENDS REQUEST 0 TO SERVER S2
2026/06/01 21:43:55 LEADER SENDS REQUEST 0 TO SERVER S1
2026/06/01 21:43:55 LEADER SENDS REQUEST 0 TO SERVER S4
2026/06/01 21:43:56 LEADER SERVER S3 RECEIVES REQUEST 23 FROM CLIENT
2026/06/01 21:43:56 LEADER SERVER S3 ADDS REQUEST 23 TO LOG ENTRY 45
2026/06/01 21:43:56 LEADER SENDS REQUEST 23 TO SERVER S5
2026/06/01 21:43:56 LEADER SENDS REQUEST 23 TO SERVER S2
2026/06/01 21:43:56 LEADER SENDS REQUEST 23 TO SERVER S1
2026/06/01 21:43:56 LEADER SENDS REQUEST 23 TO SERVER S4
2026/06/01 21:43:56 LEADER RECEIVES ACK FROM SERVER S2 FOR REQUEST 23
2026/06/01 21:43:56 LEADER RECEIVES ACK FROM SERVER S4 FOR REQUEST 23
2026/06/01 21:43:56 LEADER SENDS REQUEST 0 TO SERVER S5
2026/06/01 21:43:56 LEADER SENDS REQUEST 0 TO SERVER S2
2026/06/01 21:43:56 LEADER SENDS REQUEST 0 TO SERVER S1
2026/06/01 21:43:56 LEADER SENDS REQUEST 0 TO SERVER S4
2026/06/01 21:43:57 LEADER SENDS REQUEST 0 TO SERVER S5
2026/06/01 21:43:57 LEADER SENDS REQUEST 0 TO SERVER S2
2026/06/01 21:43:57 LEADER SENDS REQUEST 0 TO SERVER S1
2026/06/01 21:43:57 LEADER SENDS REQUEST 0 TO SERVER S4
2026/06/01 21:43:58 LEADER SENDS REQUEST 0 TO SERVER S5
2026/06/01 21:43:58 LEADER SENDS REQUEST 0 TO SERVER S4
2026/06/01 21:43:58 LEADER SENDS REQUEST 0 TO SERVER S2
2026/06/01 21:43:58 LEADER SENDS REQUEST 0 TO SERVER S1
2026/06/01 21:43:59 LEADER SENDS REQUEST 0 TO SERVER S1
2026/06/01 21:43:59 LEADER SENDS REQUEST 0 TO SERVER S2
2026/06/01 21:43:59 LEADER SENDS REQUEST 0 TO SERVER S4
2026/06/01 21:43:59 LEADER SENDS REQUEST 0 TO SERVER S5
2026/06/01 21:44:00 LEADER SERVER S3 RECEIVES REQUEST 24 FROM CLIENT
2026/06/01 21:44:00 LEADER SERVER S3 ADDS REQUEST 24 TO LOG ENTRY 46
2026/06/01 21:44:00 LEADER SENDS REQUEST 24 TO SERVER S5
2026/06/01 21:44:00 LEADER SENDS REQUEST 24 TO SERVER S2
2026/06/01 21:44:00 LEADER SENDS REQUEST 24 TO SERVER S1
2026/06/01 21:44:00 LEADER SENDS REQUEST 24 TO SERVER S4
2026/06/01 21:44:00 LEADER RECEIVES ACK FROM SERVER S2 FOR REQUEST 24
2026/06/01 21:44:00 LEADER RECEIVES ACK FROM SERVER S4 FOR REQUEST 24
2026/06/01 21:44:00 LEADER SENDS REQUEST 0 TO SERVER S5
2026/06/01 21:44:00 LEADER SENDS REQUEST 0 TO SERVER S1
2026/06/01 21:44:00 LEADER SENDS REQUEST 0 TO SERVER S4
2026/06/01 21:44:00 LEADER SENDS REQUEST 0 TO SERVER S2
2026/06/01 21:44:01 LEADER SENDS REQUEST 0 TO SERVER S5
2026/06/01 21:44:01 LEADER SENDS REQUEST 0 TO SERVER S1
2026/06/01 21:44:01 LEADER SENDS REQUEST 0 TO SERVER S2
2026/06/01 21:44:01 LEADER SENDS REQUEST 0 TO SERVER S4
2026/06/01 21:44:02 LEADER SENDS REQUEST 0 TO SERVER S5
2026/06/01 21:44:02 LEADER SENDS REQUEST 0 TO SERVER S2
2026/06/01 21:44:02 LEADER SENDS REQUEST 0 TO SERVER S4
2026/06/01 21:44:02 LEADER SENDS REQUEST 0 TO SERVER S1
2026/06/01 21:44:03 LEADER SERVER S3 RECEIVES REQUEST 25 FROM CLIENT
2026/06/01 21:44:03 LEADER SERVER S3 ADDS REQUEST 25 TO LOG ENTRY 47
2026/06/01 21:44:03 LEADER SENDS REQUEST 25 TO SERVER S5
2026/06/01 21:44:03 LEADER SENDS REQUEST 25 TO SERVER S2
2026/06/01 21:44:03 LEADER SENDS REQUEST 25 TO SERVER S1
2026/06/01 21:44:03 LEADER SENDS REQUEST 25 TO SERVER S4
2026/06/01 21:44:03 LEADER RECEIVES ACK FROM SERVER S2 FOR REQUEST 25
2026/06/01 21:44:03 LEADER RECEIVES ACK FROM SERVER S4 FOR REQUEST 25
2026/06/01 21:44:03 LEADER SENDS REQUEST 0 TO SERVER S5
2026/06/01 21:44:03 LEADER SENDS REQUEST 0 TO SERVER S2
2026/06/01 21:44:03 LEADER SENDS REQUEST 0 TO SERVER S1
2026/06/01 21:44:03 LEADER SENDS REQUEST 0 TO SERVER S4
2026/06/01 21:44:04 LEADER SENDS REQUEST 0 TO SERVER S2
2026/06/01 21:44:04 LEADER SENDS REQUEST 0 TO SERVER S5
2026/06/01 21:44:04 LEADER SENDS REQUEST 0 TO SERVER S4
2026/06/01 21:44:04 LEADER SENDS REQUEST 0 TO SERVER S1
2026/06/01 21:44:05 LEADER SENDS REQUEST 0 TO SERVER S5
2026/06/01 21:44:05 LEADER SENDS REQUEST 0 TO SERVER S2
2026/06/01 21:44:05 LEADER SENDS REQUEST 0 TO SERVER S1
2026/06/01 21:44:05 LEADER SENDS REQUEST 0 TO SERVER S4
2026/06/01 21:44:06 LEADER SENDS REQUEST 0 TO SERVER S2
2026/06/01 21:44:06 LEADER SENDS REQUEST 0 TO SERVER S5
2026/06/01 21:44:06 LEADER SENDS REQUEST 0 TO SERVER S4
2026/06/01 21:44:06 LEADER SENDS REQUEST 0 TO SERVER S1
2026/06/01 21:44:07 LEADER SERVER S3 RECEIVES REQUEST 26 FROM CLIENT
2026/06/01 21:44:07 LEADER SERVER S3 ADDS REQUEST 26 TO LOG ENTRY 48
2026/06/01 21:44:07 LEADER SENDS REQUEST 26 TO SERVER S5
2026/06/01 21:44:07 LEADER SENDS REQUEST 26 TO SERVER S2
2026/06/01 21:44:07 LEADER SENDS REQUEST 26 TO SERVER S1
2026/06/01 21:44:07 LEADER SENDS REQUEST 26 TO SERVER S4
2026/06/01 21:44:07 LEADER RECEIVES ACK FROM SERVER S4 FOR REQUEST 26
2026/06/01 21:44:07 LEADER RECEIVES ACK FROM SERVER S2 FOR REQUEST 26
2026/06/01 21:44:07 LEADER SENDS REQUEST 0 TO SERVER S5
2026/06/01 21:44:07 LEADER SENDS REQUEST 0 TO SERVER S2
2026/06/01 21:44:07 LEADER SENDS REQUEST 0 TO SERVER S1
2026/06/01 21:44:07 LEADER SENDS REQUEST 0 TO SERVER S4
2026/06/01 21:44:08 LEADER SENDS REQUEST 0 TO SERVER S5
2026/06/01 21:44:08 LEADER SENDS REQUEST 0 TO SERVER S2
2026/06/01 21:44:08 LEADER SENDS REQUEST 0 TO SERVER S4
2026/06/01 21:44:08 LEADER SENDS REQUEST 0 TO SERVER S1
2026/06/01 21:44:09 LEADER SENDS REQUEST 0 TO SERVER S5
2026/06/01 21:44:09 LEADER SENDS REQUEST 0 TO SERVER S2
2026/06/01 21:44:09 LEADER SENDS REQUEST 0 TO SERVER S1
2026/06/01 21:44:09 LEADER SENDS REQUEST 0 TO SERVER S4
2026/06/01 21:44:10 LEADER SERVER S3 RECEIVES REQUEST 27 FROM CLIENT
2026/06/01 21:44:10 LEADER SERVER S3 ADDS REQUEST 27 TO LOG ENTRY 49
2026/06/01 21:44:10 LEADER SENDS REQUEST 27 TO SERVER S5
2026/06/01 21:44:10 LEADER SENDS REQUEST 27 TO SERVER S2
2026/06/01 21:44:10 LEADER SENDS REQUEST 27 TO SERVER S1
2026/06/01 21:44:10 LEADER SENDS REQUEST 27 TO SERVER S4
2026/06/01 21:44:10 LEADER RECEIVES ACK FROM SERVER S2 FOR REQUEST 27
2026/06/01 21:44:10 LEADER RECEIVES ACK FROM SERVER S4 FOR REQUEST 27
2026/06/01 21:44:10 LEADER SENDS REQUEST 0 TO SERVER S5
2026/06/01 21:44:10 LEADER SENDS REQUEST 0 TO SERVER S2
2026/06/01 21:44:10 LEADER SENDS REQUEST 0 TO SERVER S1
2026/06/01 21:44:10 LEADER SENDS REQUEST 0 TO SERVER S4
2026/06/01 21:44:11 LEADER SENDS REQUEST 0 TO SERVER S5
2026/06/01 21:44:11 LEADER SENDS REQUEST 0 TO SERVER S2
2026/06/01 21:44:11 LEADER SENDS REQUEST 0 TO SERVER S1
2026/06/01 21:44:11 LEADER SENDS REQUEST 0 TO SERVER S4
2026/06/01 21:44:12 LEADER SENDS REQUEST 0 TO SERVER S5
2026/06/01 21:44:12 LEADER SENDS REQUEST 0 TO SERVER S2
2026/06/01 21:44:12 LEADER SENDS REQUEST 0 TO SERVER S1
2026/06/01 21:44:12 LEADER SENDS REQUEST 0 TO SERVER S4
2026/06/01 21:44:13 LEADER SENDS REQUEST 0 TO SERVER S2
2026/06/01 21:44:13 LEADER SENDS REQUEST 0 TO SERVER S5
2026/06/01 21:44:13 LEADER SENDS REQUEST 0 TO SERVER S4
2026/06/01 21:44:13 LEADER SENDS REQUEST 0 TO SERVER S1
2026/06/01 21:44:14 LEADER SERVER S3 RECEIVES REQUEST 28 FROM CLIENT
2026/06/01 21:44:14 LEADER SERVER S3 ADDS REQUEST 28 TO LOG ENTRY 50
2026/06/01 21:44:14 LEADER SENDS REQUEST 28 TO SERVER S5
2026/06/01 21:44:14 LEADER SENDS REQUEST 28 TO SERVER S2
2026/06/01 21:44:14 LEADER SENDS REQUEST 28 TO SERVER S1
2026/06/01 21:44:14 LEADER SENDS REQUEST 28 TO SERVER S4
2026/06/01 21:44:14 LEADER RECEIVES ACK FROM SERVER S2 FOR REQUEST 28
2026/06/01 21:44:14 LEADER RECEIVES ACK FROM SERVER S4 FOR REQUEST 28
2026/06/01 21:44:14 LEADER SENDS REQUEST 0 TO SERVER S2
2026/06/01 21:44:14 LEADER SENDS REQUEST 0 TO SERVER S5
2026/06/01 21:44:14 LEADER SENDS REQUEST 0 TO SERVER S4
2026/06/01 21:44:14 LEADER SENDS REQUEST 0 TO SERVER S1
2026/06/01 21:44:15 LEADER SENDS REQUEST 0 TO SERVER S2
2026/06/01 21:44:15 LEADER SENDS REQUEST 0 TO SERVER S5
2026/06/01 21:44:15 LEADER SENDS REQUEST 0 TO SERVER S4
2026/06/01 21:44:15 LEADER SENDS REQUEST 0 TO SERVER S1
2026/06/01 21:44:16 LEADER SENDS REQUEST 0 TO SERVER S5
2026/06/01 21:44:16 LEADER SENDS REQUEST 0 TO SERVER S2
2026/06/01 21:44:16 LEADER SENDS REQUEST 0 TO SERVER S1
2026/06/01 21:44:16 LEADER SENDS REQUEST 0 TO SERVER S4
2026/06/01 21:44:17 LEADER SERVER S3 RECEIVES REQUEST 29 FROM CLIENT
2026/06/01 21:44:17 LEADER SERVER S3 ADDS REQUEST 29 TO LOG ENTRY 51
2026/06/01 21:44:17 LEADER SENDS REQUEST 29 TO SERVER S5
2026/06/01 21:44:17 LEADER SENDS REQUEST 29 TO SERVER S2
2026/06/01 21:44:17 LEADER SENDS REQUEST 29 TO SERVER S1
2026/06/01 21:44:17 LEADER SENDS REQUEST 29 TO SERVER S4
2026/06/01 21:44:17 LEADER RECEIVES ACK FROM SERVER S2 FOR REQUEST 29
2026/06/01 21:44:17 LEADER RECEIVES ACK FROM SERVER S4 FOR REQUEST 29
2026/06/01 21:44:17 LEADER SENDS REQUEST 0 TO SERVER S5
2026/06/01 21:44:17 LEADER SENDS REQUEST 0 TO SERVER S4
2026/06/01 21:44:17 LEADER SENDS REQUEST 0 TO SERVER S1
2026/06/01 21:44:17 LEADER SENDS REQUEST 0 TO SERVER S2
2026/06/01 21:44:17 LEADER SENDS REQUEST 0 TO SERVER S5
2026/06/01 21:44:17 LEADER SENDS REQUEST 0 TO SERVER S2
2026/06/01 21:44:17 LEADER SENDS REQUEST 0 TO SERVER S4
2026/06/01 21:44:17 LEADER SENDS REQUEST 0 TO SERVER S1
2026/06/01 21:44:18 LEADER SENDS REQUEST 0 TO SERVER S1
2026/06/01 21:44:18 LEADER SENDS REQUEST 0 TO SERVER S5
2026/06/01 21:44:18 LEADER SENDS REQUEST 0 TO SERVER S2
2026/06/01 21:44:18 LEADER SENDS REQUEST 0 TO SERVER S4
2026/06/01 21:44:19 LEADER SENDS REQUEST 0 TO SERVER S5
2026/06/01 21:44:19 LEADER SENDS REQUEST 0 TO SERVER S2
2026/06/01 21:44:19 LEADER SENDS REQUEST 0 TO SERVER S1
2026/06/01 21:44:19 LEADER SENDS REQUEST 0 TO SERVER S4
2026/06/01 21:44:19 LEADER SERVER S3 RECEIVES REQUEST 30 FROM CLIENT
2026/06/01 21:44:19 LEADER SERVER S3 ADDS REQUEST 30 TO LOG ENTRY 52
2026/06/01 21:44:19 LEADER SENDS REQUEST 30 TO SERVER S5
2026/06/01 21:44:19 LEADER SENDS REQUEST 30 TO SERVER S2
2026/06/01 21:44:19 LEADER SENDS REQUEST 30 TO SERVER S1
2026/06/01 21:44:19 LEADER SENDS REQUEST 30 TO SERVER S4
2026/06/01 21:44:19 LEADER RECEIVES ACK FROM SERVER S2 FOR REQUEST 30
2026/06/01 21:44:19 LEADER RECEIVES ACK FROM SERVER S4 FOR REQUEST 30
2026/06/01 21:44:20 LEADER SENDS REQUEST 0 TO SERVER S5
2026/06/01 21:44:20 LEADER SENDS REQUEST 0 TO SERVER S2
2026/06/01 21:44:20 LEADER SENDS REQUEST 0 TO SERVER S1
2026/06/01 21:44:20 LEADER SENDS REQUEST 0 TO SERVER S4
2026/06/01 21:44:21 LEADER SENDS REQUEST 0 TO SERVER S1
2026/06/01 21:44:21 LEADER SENDS REQUEST 0 TO SERVER S5
2026/06/01 21:44:21 LEADER SENDS REQUEST 0 TO SERVER S4
2026/06/01 21:44:21 LEADER SENDS REQUEST 0 TO SERVER S2
2026/06/01 21:44:22 LEADER SENDS REQUEST 0 TO SERVER S1
2026/06/01 21:44:22 LEADER SENDS REQUEST 0 TO SERVER S2
2026/06/01 21:44:22 LEADER SENDS REQUEST 0 TO SERVER S5
2026/06/01 21:44:22 LEADER SENDS REQUEST 0 TO SERVER S4
2026/06/01 21:44:23 LEADER SERVER S3 RECEIVES REQUEST 31 FROM CLIENT
2026/06/01 21:44:23 LEADER SERVER S3 ADDS REQUEST 31 TO LOG ENTRY 53
2026/06/01 21:44:23 LEADER SENDS REQUEST 31 TO SERVER S5
2026/06/01 21:44:23 LEADER SENDS REQUEST 31 TO SERVER S2
2026/06/01 21:44:23 LEADER SENDS REQUEST 31 TO SERVER S1
2026/06/01 21:44:23 LEADER SENDS REQUEST 31 TO SERVER S4
2026/06/01 21:44:23 LEADER RECEIVES ACK FROM SERVER S2 FOR REQUEST 31
2026/06/01 21:44:23 LEADER RECEIVES ACK FROM SERVER S4 FOR REQUEST 31
2026/06/01 21:44:23 LEADER SENDS REQUEST 0 TO SERVER S5
2026/06/01 21:44:23 LEADER SENDS REQUEST 0 TO SERVER S2
2026/06/01 21:44:23 LEADER SENDS REQUEST 0 TO SERVER S1
2026/06/01 21:44:23 LEADER SENDS REQUEST 0 TO SERVER S4
2026/06/01 21:44:24 LEADER SENDS REQUEST 0 TO SERVER S2
2026/06/01 21:44:24 LEADER SENDS REQUEST 0 TO SERVER S5
2026/06/01 21:44:24 LEADER SENDS REQUEST 0 TO SERVER S4
2026/06/01 21:44:24 LEADER SENDS REQUEST 0 TO SERVER S1
2026/06/01 21:44:25 LEADER SENDS REQUEST 0 TO SERVER S5
2026/06/01 21:44:25 LEADER SENDS REQUEST 0 TO SERVER S1
2026/06/01 21:44:25 LEADER SENDS REQUEST 0 TO SERVER S4
2026/06/01 21:44:25 LEADER SENDS REQUEST 0 TO SERVER S2
2026/06/01 21:44:26 LEADER SENDS REQUEST 0 TO SERVER S5
2026/06/01 21:44:26 LEADER SENDS REQUEST 0 TO SERVER S2
2026/06/01 21:44:26 LEADER SENDS REQUEST 0 TO SERVER S1
2026/06/01 21:44:26 LEADER SENDS REQUEST 0 TO SERVER S4
